###############################################################################
#
# IAR ELF Linker V7.50.2.10312/W32 for ARM                09/Oct/2016  21:55:47
# Copyright 2007-2015 IAR Systems AB.
#
#    Output file  =  
#        C:\stm_projects\disco_dc_motors\EWARM\disco_dc_motors\Exe\disco_dc_motors.out
#    Map file     =  
#        C:\stm_projects\disco_dc_motors\EWARM\disco_dc_motors\List\disco_dc_motors.map
#    Command line =  
#        C:\stm_projects\disco_dc_motors\EWARM\disco_dc_motors\Obj\main.o
#        C:\stm_projects\disco_dc_motors\EWARM\disco_dc_motors\Obj\startup_stm32f429xx.o
#        C:\stm_projects\disco_dc_motors\EWARM\disco_dc_motors\Obj\stm32f4xx_hal.o
#        C:\stm_projects\disco_dc_motors\EWARM\disco_dc_motors\Obj\stm32f4xx_hal_cortex.o
#        C:\stm_projects\disco_dc_motors\EWARM\disco_dc_motors\Obj\stm32f4xx_hal_dma.o
#        C:\stm_projects\disco_dc_motors\EWARM\disco_dc_motors\Obj\stm32f4xx_hal_dma_ex.o
#        C:\stm_projects\disco_dc_motors\EWARM\disco_dc_motors\Obj\stm32f4xx_hal_flash.o
#        C:\stm_projects\disco_dc_motors\EWARM\disco_dc_motors\Obj\stm32f4xx_hal_flash_ex.o
#        C:\stm_projects\disco_dc_motors\EWARM\disco_dc_motors\Obj\stm32f4xx_hal_flash_ramfunc.o
#        C:\stm_projects\disco_dc_motors\EWARM\disco_dc_motors\Obj\stm32f4xx_hal_gpio.o
#        C:\stm_projects\disco_dc_motors\EWARM\disco_dc_motors\Obj\stm32f4xx_hal_i2c.o
#        C:\stm_projects\disco_dc_motors\EWARM\disco_dc_motors\Obj\stm32f4xx_hal_i2c_ex.o
#        C:\stm_projects\disco_dc_motors\EWARM\disco_dc_motors\Obj\stm32f4xx_hal_msp.o
#        C:\stm_projects\disco_dc_motors\EWARM\disco_dc_motors\Obj\stm32f4xx_hal_pwr.o
#        C:\stm_projects\disco_dc_motors\EWARM\disco_dc_motors\Obj\stm32f4xx_hal_pwr_ex.o
#        C:\stm_projects\disco_dc_motors\EWARM\disco_dc_motors\Obj\stm32f4xx_hal_rcc.o
#        C:\stm_projects\disco_dc_motors\EWARM\disco_dc_motors\Obj\stm32f4xx_hal_rcc_ex.o
#        C:\stm_projects\disco_dc_motors\EWARM\disco_dc_motors\Obj\stm32f4xx_hal_tim.o
#        C:\stm_projects\disco_dc_motors\EWARM\disco_dc_motors\Obj\stm32f4xx_hal_tim_ex.o
#        C:\stm_projects\disco_dc_motors\EWARM\disco_dc_motors\Obj\stm32f4xx_hal_uart.o
#        C:\stm_projects\disco_dc_motors\EWARM\disco_dc_motors\Obj\stm32f4xx_it.o
#        C:\stm_projects\disco_dc_motors\EWARM\disco_dc_motors\Obj\system_stm32f4xx.o
#        --redirect _Printf=_PrintfFull --redirect _Scanf=_ScanfFull -o
#        C:\stm_projects\disco_dc_motors\EWARM\disco_dc_motors\Exe\disco_dc_motors.out
#        --map
#        C:\stm_projects\disco_dc_motors\EWARM\disco_dc_motors\List\disco_dc_motors.map
#        --config C:\stm_projects\disco_dc_motors\EWARM/stm32f429xx_flash.icf
#        --semihosting --entry __iar_program_start --vfe
#
###############################################################################

*******************************************************************************
*** RUNTIME MODEL ATTRIBUTES
***

CppFlavor                     = *
__Heap_Handler                = Basic
__SystemLibrary               = DLib
__dlib_dynamic_initialization = normal


*******************************************************************************
*** PLACEMENT SUMMARY
***

"A1":  place at 0x08000000 { ro section .intvec };
"P1":  place in [from 0x08000000 to 0x081fffff] { ro };
"P2":  place in [from 0x20000000 to 0x2002ffff] { rw, block CSTACK, block HEAP };

  Section             Kind        Address    Size  Object
  -------             ----        -------    ----  ------
"A1":                                       0x1ac
  .intvec             ro code  0x08000000   0x1ac  startup_stm32f429xx.o [1]
                             - 0x080001ac   0x1ac

"P1":                                      0x4de6
  .text               ro code  0x080001ac  0x1166  xprintffull.o [3]
  .text               ro code  0x08001312    0x20  xmbtowc.o [3]
  .text               ro code  0x08001334    0x16  strchr.o [5]
  .text               ro code  0x0800134c    0x36  strlen.o [5]
  .text               ro code  0x08001384    0x58  memchr.o [5]
  .text               ro code  0x080013dc     0xa  xmbcurmax.o [3]
  .text               ro code  0x080013e8    0xb0  xxmemxmalloc.o [3]
  .text               ro code  0x08001498    0x1a  xwctomb.o [3]
  .text               ro code  0x080014b4    0x76  ABImemcpy_unaligned.o [5]
  .text               ro code  0x0800152c    0x80  xxmemxfree.o [3]
  .text               ro code  0x080015ac    0xee  I64DivMod.o [5]
  .text               ro code  0x0800169a    0x42  xdnorm.o [4]
  .text               ro code  0x080016dc    0x2e  DblCmpLe.o [4]
  .text               ro code  0x0800170c    0x2e  DblCmpGe.o [4]
  .text               ro code  0x0800173c   0x114  xdscale.o [4]
  .text               ro code  0x08001850    0x58  DblToI32.o [4]
  .text               ro code  0x080018a8    0x30  I32ToDbl.o [4]
  .text               ro code  0x080018d8   0x180  DblSub.o [4]
  .text               ro code  0x08001a58   0x1a2  DblMul.o [4]
  .text               ro code  0x08001bfc   0x256  DblDiv.o [4]
  .text               ro code  0x08001e54    0x6c  localeconv.o [3]
  .text               ro code  0x08001ec0     0xe  div.o [3]
  .text               ro code  0x08001ed0    0x14  setlocale.o [3]
  .text               ro code  0x08001ee4    0x60  xencoding_sb.o [3]
  .text               ro code  0x08001f44    0x2c  xgetmemchunk.o [3]
  .text               ro code  0x08001f70     0x2  I64DivZer.o [5]
  .text               ro code  0x08001f74    0xd4  DblAdd.o [4]
  .text               ro code  0x08002048     0x2  xtls.o [3]
  .text               ro code  0x0800204c   0xfbe  stm32f4xx_hal_i2c.o [1]
  .text               ro code  0x0800300c   0x18c  stm32f4xx_hal_msp.o [1]
  .text               ro code  0x08003198   0x434  stm32f4xx_hal_rcc.o [1]
  .text               ro code  0x080035cc    0x88  stm32f4xx_hal.o [1]
  .text               ro code  0x08003654    0x24  stm32f4xx_hal_dma.o [1]
  .text               ro code  0x08003678    0xe2  stm32f4xx_hal_cortex.o [1]
  .text               ro code  0x0800375c   0x222  stm32f4xx_hal_gpio.o [1]
  .text               ro code  0x08003980   0x452  stm32f4xx_hal_uart.o [1]
  .text               ro code  0x08003dd4   0x388  stm32f4xx_hal_tim.o [1]
  .text               ro code  0x0800415c   0x384  main.o [1]
  .text               ro code  0x080044e0    0x24  printf.o [3]
  .text               ro code  0x08004504    0xe0  XShHandles.o [3]
  .text               ro code  0x080045e4    0xd6  xfspos.o [3]
  .text               ro code  0x080046bc    0xb0  fflush.o [3]
  .text               ro code  0x0800476c     0xa  xfgpos.o [3]
  .text               ro code  0x08004776    0x4c  lseek.o [6]
  .text               ro code  0x080047c4     0xc  errno.o [3]
  .text               ro code  0x080047d0     0x4  xsyslock_nop.o [3]
  .text               ro code  0x080047d4    0x10  write.o [6]
  .text               ro code  0x080047e4    0x1e  dwrite.o [6]
  .text               ro code  0x08004802    0x20  iarwstd.o [6]
  .text               ro code  0x08004822    0x22  iarwrite.o [6]
  .text               ro code  0x08004844    0x6c  iarttio.o [6]
  .text               ro code  0x080048b0     0x8  XShttio.o [3]
  .text               ro code  0x080048b8    0xb6  xfwprep.o [3]
  .text               ro code  0x0800496e    0x22  fseek.o [3]
  .text               ro code  0x08004990    0x8c  stm32f4xx_it.o [1]
  .text               ro code  0x08004a1c    0x7c  xfofind.o [3]
  .text               ro code  0x08004a98    0x7a  fclose.o [3]
  .text               ro code  0x08004b12    0x1a  close.o [6]
  .text               ro code  0x08004b2c    0x16  remove.o [6]
  .text               ro code  0x08004b44    0x58  xcloseall.o [3]
  .text               ro code  0x08004b9c    0x56  fputc.o [3]
  .text               ro code  0x08004bf4    0x50  system_stm32f4xx.o [1]
  .text               ro code  0x08004c44    0x40  zero_init3.o [5]
  .text               ro code  0x08004c84    0x38  packbits_init_single.o [5]
  .text               ro code  0x08004cbc    0x28  data_init.o [5]
  .text               ro code  0x08004ce4    0x22  fpinit_M.o [4]
  .iar.init_table     const    0x08004d08    0x20  - Linker created -
  .text               ro code  0x08004d28    0x1a  cmain.o [5]
  .text               ro code  0x08004d42     0x4  low_level_init.o [3]
  .text               ro code  0x08004d46     0x4  exit.o [3]
  .text               ro code  0x08004d4c     0xe  cexit.o [5]
  .text               ro code  0x08004d5c    0x14  exit.o [6]
  .text               ro code  0x08004d70    0x16  xprout.o [3]
  .text               ro code  0x08004d88     0xc  putchar.o [3]
  .text               ro code  0x08004d94    0x10  startup_stm32f429xx.o [1]
  .text               ro code  0x08004da4     0xc  cstartup_M.o [5]
  .text               ro code  0x08004db0     0x4  startup_stm32f429xx.o [1]
  .text               ro code  0x08004db4     0x4  startup_stm32f429xx.o [1]
  .text               ro code  0x08004db8     0x4  startup_stm32f429xx.o [1]
  .text               ro code  0x08004dbc     0x4  startup_stm32f429xx.o [1]
  .text               ro code  0x08004dc0     0x4  startup_stm32f429xx.o [1]
  .text               ro code  0x08004dc4     0x4  startup_stm32f429xx.o [1]
  .text               ro code  0x08004dc8     0x4  startup_stm32f429xx.o [1]
  .text               ro code  0x08004dcc     0x4  startup_stm32f429xx.o [1]
  .text               ro code  0x08004dd0     0x4  startup_stm32f429xx.o [1]
  .text               ro code  0x08004dd4     0x4  startup_stm32f429xx.o [1]
  .text               ro code  0x08004dd8     0x4  startup_stm32f429xx.o [1]
  .text               ro code  0x08004ddc     0x4  startup_stm32f429xx.o [1]
  .text               ro code  0x08004de0     0x4  startup_stm32f429xx.o [1]
  .text               ro code  0x08004de4     0x4  startup_stm32f429xx.o [1]
  .text               ro code  0x08004de8     0x4  startup_stm32f429xx.o [1]
  .text               ro code  0x08004dec     0x4  startup_stm32f429xx.o [1]
  .text               ro code  0x08004df0     0x4  startup_stm32f429xx.o [1]
  .text               ro code  0x08004df4     0x4  startup_stm32f429xx.o [1]
  .text               ro code  0x08004df8     0x4  startup_stm32f429xx.o [1]
  .text               ro code  0x08004dfc     0x4  startup_stm32f429xx.o [1]
  .text               ro code  0x08004e00     0x4  startup_stm32f429xx.o [1]
  .text               ro code  0x08004e04     0x4  startup_stm32f429xx.o [1]
  .text               ro code  0x08004e08     0x4  startup_stm32f429xx.o [1]
  .text               ro code  0x08004e0c     0x4  startup_stm32f429xx.o [1]
  .text               ro code  0x08004e10     0x4  startup_stm32f429xx.o [1]
  .text               ro code  0x08004e14     0x4  startup_stm32f429xx.o [1]
  .text               ro code  0x08004e18     0x4  startup_stm32f429xx.o [1]
  .text               ro code  0x08004e1c     0x4  startup_stm32f429xx.o [1]
  .text               ro code  0x08004e20     0x4  startup_stm32f429xx.o [1]
  .text               ro code  0x08004e24     0x4  startup_stm32f429xx.o [1]
  .text               ro code  0x08004e28     0x4  startup_stm32f429xx.o [1]
  .text               ro code  0x08004e2c     0x4  startup_stm32f429xx.o [1]
  .text               ro code  0x08004e30     0x4  startup_stm32f429xx.o [1]
  .text               ro code  0x08004e34     0x4  startup_stm32f429xx.o [1]
  .text               ro code  0x08004e38     0x4  startup_stm32f429xx.o [1]
  .text               ro code  0x08004e3c     0x4  startup_stm32f429xx.o [1]
  .text               ro code  0x08004e40     0x4  startup_stm32f429xx.o [1]
  .text               ro code  0x08004e44     0x4  startup_stm32f429xx.o [1]
  .text               ro code  0x08004e48     0x4  startup_stm32f429xx.o [1]
  .text               ro code  0x08004e4c     0x4  startup_stm32f429xx.o [1]
  .text               ro code  0x08004e50     0x4  startup_stm32f429xx.o [1]
  .text               ro code  0x08004e54     0x4  startup_stm32f429xx.o [1]
  .text               ro code  0x08004e58     0x4  startup_stm32f429xx.o [1]
  .text               ro code  0x08004e5c     0x4  startup_stm32f429xx.o [1]
  .text               ro code  0x08004e60     0x4  startup_stm32f429xx.o [1]
  .text               ro code  0x08004e64     0x4  startup_stm32f429xx.o [1]
  .text               ro code  0x08004e68     0x4  startup_stm32f429xx.o [1]
  .text               ro code  0x08004e6c     0x4  startup_stm32f429xx.o [1]
  .text               ro code  0x08004e70     0x4  startup_stm32f429xx.o [1]
  .text               ro code  0x08004e74     0x4  startup_stm32f429xx.o [1]
  .text               ro code  0x08004e78     0x4  startup_stm32f429xx.o [1]
  .text               ro code  0x08004e7c     0x4  startup_stm32f429xx.o [1]
  .text               ro code  0x08004e80     0x4  startup_stm32f429xx.o [1]
  .text               ro code  0x08004e84     0x4  startup_stm32f429xx.o [1]
  .text               ro code  0x08004e88     0x4  startup_stm32f429xx.o [1]
  .text               ro code  0x08004e8c     0x4  startup_stm32f429xx.o [1]
  .text               ro code  0x08004e90     0x4  startup_stm32f429xx.o [1]
  .text               ro code  0x08004e94     0x4  startup_stm32f429xx.o [1]
  .text               ro code  0x08004e98     0x4  startup_stm32f429xx.o [1]
  .text               ro code  0x08004e9c     0x4  startup_stm32f429xx.o [1]
  .text               ro code  0x08004ea0     0x4  startup_stm32f429xx.o [1]
  .text               ro code  0x08004ea4     0x4  startup_stm32f429xx.o [1]
  .text               ro code  0x08004ea8     0x4  startup_stm32f429xx.o [1]
  .text               ro code  0x08004eac     0x4  startup_stm32f429xx.o [1]
  .text               ro code  0x08004eb0     0x4  startup_stm32f429xx.o [1]
  .text               ro code  0x08004eb4     0x4  startup_stm32f429xx.o [1]
  .text               ro code  0x08004eb8     0x4  startup_stm32f429xx.o [1]
  .text               ro code  0x08004ebc     0x4  startup_stm32f429xx.o [1]
  .text               ro code  0x08004ec0     0x4  startup_stm32f429xx.o [1]
  .text               ro code  0x08004ec4     0x4  startup_stm32f429xx.o [1]
  .text               ro code  0x08004ec8     0x4  startup_stm32f429xx.o [1]
  .text               ro code  0x08004ecc     0x4  startup_stm32f429xx.o [1]
  .text               ro code  0x08004ed0     0x4  startup_stm32f429xx.o [1]
  .text               ro code  0x08004ed4     0x4  startup_stm32f429xx.o [1]
  .text               ro code  0x08004ed8     0x4  startup_stm32f429xx.o [1]
  .text               ro code  0x08004edc     0x4  startup_stm32f429xx.o [1]
  .text               ro code  0x08004ee0     0x4  startup_stm32f429xx.o [1]
  .text               ro code  0x08004ee4     0x4  startup_stm32f429xx.o [1]
  .text               ro code  0x08004ee8     0x4  startup_stm32f429xx.o [1]
  .text               ro code  0x08004eec     0x4  startup_stm32f429xx.o [1]
  .text               ro code  0x08004ef0     0x4  startup_stm32f429xx.o [1]
  .text               ro code  0x08004ef4     0x4  startup_stm32f429xx.o [1]
  .text               ro code  0x08004ef8     0x4  startup_stm32f429xx.o [1]
  .text               ro code  0x08004efc     0x4  startup_stm32f429xx.o [1]
  .text               ro code  0x08004f00     0x4  startup_stm32f429xx.o [1]
  .text               ro code  0x08004f04     0x4  startup_stm32f429xx.o [1]
  .text               ro code  0x08004f08     0x0  cstart_closeall.o [5]
  .rodata             const    0x08004f08     0x0  zero_init3.o [5]
  .rodata             const    0x08004f08     0x0  packbits_init_single.o [5]
  Initializer bytes   const    0x08004f08    0x8a  <for P2-1>
                             - 0x08004f92  0x4de6

"P2", part 1 of 3:                          0x1ec
  P2-1                         0x20000000   0x1ec  <Init block>
    .data             inited   0x20000000     0x4  system_stm32f4xx.o [1]
    .data             inited   0x20000004    0x40  xfiles.o [3]
    .data             inited   0x20000044    0x40  xfiles.o [3]
    .data             inited   0x20000084    0x40  xfiles.o [3]
    .data             inited   0x200000c4    0x20  xfiles.o [3]
    .data             inited   0x200000e4     0x8  XShttio.o [3]
    __DLIB_PERTHREAD  inited   0x200000ec    0x88  localeconv.o [3]
    __DLIB_PERTHREAD  inited   0x20000174    0x74  setlocale.o [3]
    __DLIB_PERTHREAD  inited   0x200001e8     0x4  errno.o [3]
                             - 0x200001ec   0x1ec

"P2", part 2 of 3:                          0x600
  CSTACK                       0x200001f0   0x400  <Block>
    CSTACK            uninit   0x200001f0   0x400  <Block tail>
  HEAP                         0x200005f0   0x200  <Block>
    HEAP              uninit   0x200005f0   0x200  <Block tail>
                             - 0x200007f0   0x600

"P2", part 3 of 3:                          0x208
  .bss                zero     0x200007f0    0xd0  main.o [1]
  .bss                zero     0x200008c0    0x80  XShHandles.o [3]
  .bss                zero     0x20000940    0x50  xfiles.o [3]
  .bss                zero     0x20000990    0x50  xfiles.o [3]
  .bss                zero     0x200009e0     0x8  main.o [1]
  .bss                zero     0x200009e8     0x8  xxmemxmalloc.o [3]
  .bss                zero     0x200009f0     0x4  stm32f4xx_hal.o [1]
  .bss                zero     0x200009f4     0x4  xgetmemchunk.o [3]
                             - 0x200009f8   0x208


*******************************************************************************
*** INIT TABLE
***

          Address     Size
          -------     ----
Zero (__iar_zero_init3)
    1 destination range, total size 0x208:
          0x200007f0  0x208

Copy/packbits (__iar_packbits_init_single3)
    1 source range, total size 0x8a (28% of destination):
          0x08004f08   0x8a
    1 destination range, total size 0x1ec:
          0x20000000  0x1ec



*******************************************************************************
*** MODULE SUMMARY
***

    Module                  ro code  ro data  rw data
    ------                  -------  -------  -------
C:\stm_projects\disco_dc_motors\EWARM\disco_dc_motors\Obj: [1]
    main.o                      900               216
    startup_stm32f429xx.o       788
    stm32f4xx_hal.o             136                 4
    stm32f4xx_hal_cortex.o      226
    stm32f4xx_hal_dma.o          36
    stm32f4xx_hal_gpio.o        546
    stm32f4xx_hal_i2c.o       4 030
    stm32f4xx_hal_msp.o         396
    stm32f4xx_hal_rcc.o       1 076
    stm32f4xx_hal_tim.o         904
    stm32f4xx_hal_uart.o      1 106
    stm32f4xx_it.o              140
    system_stm32f4xx.o           80        1        4
    -------------------------------------------------
    Total:                   10 364        1      224

command line: [2]
    -------------------------------------------------
    Total:

dl7M_tlf.a: [3]
    XShHandles.o                224               128
    XShttio.o                     8        3        8
    div.o                        14
    errno.o                      12        2        4
    exit.o                        4
    fclose.o                    122
    fflush.o                    176
    fputc.o                      86
    fseek.o                      34
    localeconv.o                108       38      136
    low_level_init.o              4
    printf.o                     36
    putchar.o                    12
    setlocale.o                  20       32      116
    xcloseall.o                  88
    xencoding_sb.o               96
    xfgpos.o                     10
    xfiles.o                              62      384
    xfofind.o                   124
    xfspos.o                    214
    xfwprep.o                   182
    xgetmemchunk.o               44                 4
    xmbcurmax.o                  10
    xmbtowc.o                    32
    xprintffull.o             4 454
    xprout.o                     22
    xsyslock_nop.o                4
    xtls.o                        2
    xwctomb.o                    26
    xxmemxfree.o                128
    xxmemxmalloc.o              176                 8
    -------------------------------------------------
    Total:                    6 472      137      788

m7M_tls.a: [4]
    DblAdd.o                    212
    DblCmpGe.o                   46
    DblCmpLe.o                   46
    DblDiv.o                    598
    DblMul.o                    418
    DblSub.o                    384
    DblToI32.o                   88
    I32ToDbl.o                   48
    fpinit_M.o                   34
    xdnorm.o                     66
    xdscale.o                   276
    -------------------------------------------------
    Total:                    2 216

rt7M_tl.a: [5]
    ABImemcpy_unaligned.o       118
    I64DivMod.o                 238
    I64DivZer.o                   2
    cexit.o                      14
    cmain.o                      26
    cstart_closeall.o
    cstartup_M.o                 12
    data_init.o                  40
    memchr.o                     88
    packbits_init_single.o       56
    strchr.o                     22
    strlen.o                     54
    zero_init3.o                 64
    -------------------------------------------------
    Total:                      734

shb_l.a: [6]
    close.o                      26
    dwrite.o                     30
    exit.o                       20
    iarttio.o                   108
    iarwrite.o                   34
    iarwstd.o                    32
    lseek.o                      76
    remove.o                     22
    write.o                      16
    -------------------------------------------------
    Total:                      364

    Gaps                         48        2
    Linker created                        32    1 536
-----------------------------------------------------
    Grand Total:             20 198      172    2 548


*******************************************************************************
*** ENTRY LIST
***

Entry                      Address   Size  Type      Object
-----                      -------   ----  ----      ------
.iar.init_table$$Base   0x08004d08          --   Gb  - Linker created -
.iar.init_table$$Limit  0x08004d28          --   Gb  - Linker created -
?main                   0x08004d29         Code  Gb  cmain.o [5]
APBAHBPrescTable        0x080035bc   0x10  Data  Gb  stm32f4xx_hal_rcc.o [1]
BusFault_Handler        0x08004997    0x2  Code  Gb  stm32f4xx_it.o [1]
CSTACK$$Base            0x200001f0          --   Gb  - Linker created -
CSTACK$$Limit           0x200005f0          --   Gb  - Linker created -
DebugMon_Handler        0x0800499d    0x2  Code  Gb  stm32f4xx_it.o [1]
EXTI9_5_IRQHandler      0x080049af   0x14  Code  Gb  stm32f4xx_it.o [1]
HAL_DMA_Abort_IT        0x08003655   0x24  Code  Gb  stm32f4xx_hal_dma.o [1]
HAL_Delay               0x08003631   0x18  Code  Wk  stm32f4xx_hal.o [1]
HAL_GPIO_EXTI_Callback  0x0800397d    0x2  Code  Wk  stm32f4xx_hal_gpio.o [1]
HAL_GPIO_EXTI_IRQHandler
                        0x0800392f   0x14  Code  Gb  stm32f4xx_hal_gpio.o [1]
HAL_GPIO_Init           0x0800375d  0x1ca  Code  Gb  stm32f4xx_hal_gpio.o [1]
HAL_GPIO_WritePin       0x08003927    0x8  Code  Gb  stm32f4xx_hal_gpio.o [1]
HAL_GetTick             0x0800362b    0x6  Code  Wk  stm32f4xx_hal.o [1]
HAL_I2C_AbortCpltCallback
                        0x0800276d    0x2  Code  Wk  stm32f4xx_hal_i2c.o [1]
HAL_I2C_AddrCallback    0x08002763    0x2  Code  Wk  stm32f4xx_hal_i2c.o [1]
HAL_I2C_ER_IRQHandler   0x080026ab   0xb0  Code  Gb  stm32f4xx_hal_i2c.o [1]
HAL_I2C_EV_IRQHandler   0x08002437  0x232  Code  Gb  stm32f4xx_hal_i2c.o [1]
HAL_I2C_ErrorCallback   0x0800276b    0x2  Code  Wk  stm32f4xx_hal_i2c.o [1]
HAL_I2C_GetError        0x08002775    0x4  Code  Gb  stm32f4xx_hal_i2c.o [1]
HAL_I2C_GetState        0x0800276f    0x6  Code  Gb  stm32f4xx_hal_i2c.o [1]
HAL_I2C_Init            0x0800204d   0xc4  Code  Gb  stm32f4xx_hal_i2c.o [1]
HAL_I2C_ListenCpltCallback
                        0x08002765    0x2  Code  Wk  stm32f4xx_hal_i2c.o [1]
HAL_I2C_MasterRxCpltCallback
                        0x0800275d    0x2  Code  Wk  stm32f4xx_hal_i2c.o [1]
HAL_I2C_MasterTxCpltCallback
                        0x0800275b    0x2  Code  Wk  stm32f4xx_hal_i2c.o [1]
HAL_I2C_Master_Receive  0x080021fb  0x13e  Code  Gb  stm32f4xx_hal_i2c.o [1]
HAL_I2C_Master_Transmit
                        0x08002121   0xce  Code  Gb  stm32f4xx_hal_i2c.o [1]
HAL_I2C_MemRxCpltCallback
                        0x08002769    0x2  Code  Wk  stm32f4xx_hal_i2c.o [1]
HAL_I2C_MemTxCpltCallback
                        0x08002767    0x2  Code  Wk  stm32f4xx_hal_i2c.o [1]
HAL_I2C_MspInit         0x0800306d   0x56  Code  Gb  stm32f4xx_hal_msp.o [1]
HAL_I2C_SlaveRxCpltCallback
                        0x08002761    0x2  Code  Wk  stm32f4xx_hal_i2c.o [1]
HAL_I2C_SlaveTxCpltCallback
                        0x0800275f    0x2  Code  Wk  stm32f4xx_hal_i2c.o [1]
HAL_IncTick             0x08003621    0xa  Code  Wk  stm32f4xx_hal.o [1]
HAL_Init                0x080035cd   0x30  Code  Gb  stm32f4xx_hal.o [1]
HAL_InitTick            0x080035fd   0x24  Code  Wk  stm32f4xx_hal.o [1]
HAL_MspInit             0x0800300d   0x60  Code  Gb  stm32f4xx_hal_msp.o [1]
HAL_NVIC_EnableIRQ      0x080036e7    0xc  Code  Gb  stm32f4xx_hal_cortex.o [1]
HAL_NVIC_SetPriority    0x080036ad   0x3a  Code  Gb  stm32f4xx_hal_cortex.o [1]
HAL_NVIC_SetPriorityGrouping
                        0x08003693   0x1a  Code  Gb  stm32f4xx_hal_cortex.o [1]
HAL_RCC_ClockConfig     0x080033e3  0x12c  Code  Gb  stm32f4xx_hal_rcc.o [1]
HAL_RCC_GetHCLKFreq     0x08003563    0x6  Code  Gb  stm32f4xx_hal_rcc.o [1]
HAL_RCC_GetPCLK1Freq    0x08003569   0x12  Code  Gb  stm32f4xx_hal_rcc.o [1]
HAL_RCC_GetPCLK2Freq    0x0800357b   0x10  Code  Gb  stm32f4xx_hal_rcc.o [1]
HAL_RCC_GetSysClockFreq
                        0x0800351d   0x46  Code  Wk  stm32f4xx_hal_rcc.o [1]
HAL_RCC_OscConfig       0x08003199  0x242  Code  Wk  stm32f4xx_hal_rcc.o [1]
HAL_SYSTICK_CLKSourceConfig
                        0x08003723   0x14  Code  Gb  stm32f4xx_hal_cortex.o [1]
HAL_SYSTICK_Callback    0x08003759    0x2  Code  Wk  stm32f4xx_hal_cortex.o [1]
HAL_SYSTICK_Config      0x080036fb   0x28  Code  Gb  stm32f4xx_hal_cortex.o [1]
HAL_SYSTICK_IRQHandler  0x08003751    0x8  Code  Gb  stm32f4xx_hal_cortex.o [1]
HAL_TIM_Base_Start_IT   0x08003dd5   0x16  Code  Gb  stm32f4xx_hal_tim.o [1]
HAL_TIM_MspPostInit     0x080030e9   0x2c  Code  Gb  stm32f4xx_hal_msp.o [1]
HAL_TIM_PWM_ConfigChannel
                        0x08003e65   0xb8  Code  Gb  stm32f4xx_hal_tim.o [1]
HAL_TIM_PWM_Init        0x08003e15   0x1a  Code  Gb  stm32f4xx_hal_tim.o [1]
HAL_TIM_PWM_MspInit     0x080030c3   0x26  Code  Gb  stm32f4xx_hal_msp.o [1]
HAL_TIM_PWM_Start       0x08003e37   0x14  Code  Gb  stm32f4xx_hal_tim.o [1]
HAL_UART_ErrorCallback  0x08003b99    0x2  Code  Wk  stm32f4xx_hal_uart.o [1]
HAL_UART_IRQHandler     0x08003a41  0x148  Code  Gb  stm32f4xx_hal_uart.o [1]
HAL_UART_Init           0x08003981   0x28  Code  Gb  stm32f4xx_hal_uart.o [1]
HAL_UART_MspInit        0x08003115   0x46  Code  Gb  stm32f4xx_hal_msp.o [1]
HAL_UART_Receive_IT     0x080039ef   0x4c  Code  Gb  stm32f4xx_hal_uart.o [1]
HAL_UART_RxCpltCallback
                        0x08003b97    0x2  Code  Wk  stm32f4xx_hal_uart.o [1]
HAL_UART_TxCpltCallback
                        0x08003b95    0x2  Code  Wk  stm32f4xx_hal_uart.o [1]
HEAP$$Base              0x200005f0          --   Gb  - Linker created -
HEAP$$Limit             0x200007f0          --   Gb  - Linker created -
HardFault_Handler       0x08004993    0x2  Code  Gb  stm32f4xx_it.o [1]
I2C1_ER_IRQHandler      0x080049df    0x6  Code  Gb  stm32f4xx_it.o [1]
I2C1_EV_IRQHandler      0x080049c3   0x1c  Code  Gb  stm32f4xx_it.o [1]
I2C_DMAAbort            0x08002e09   0x26  Code  Lc  stm32f4xx_hal_i2c.o [1]
I2C_ITError             0x08002bb9   0xa8  Code  Lc  stm32f4xx_hal_i2c.o [1]
I2C_IsAcknowledgeFailed
                        0x08002fe3   0x28  Code  Lc  stm32f4xx_hal_i2c.o [1]
I2C_MasterReceive_BTF   0x0800296d   0x92  Code  Lc  stm32f4xx_hal_i2c.o [1]
I2C_MasterReceive_RXNE  0x080028d3   0x82  Code  Lc  stm32f4xx_hal_i2c.o [1]
I2C_MasterRequestRead   0x08002cd1   0xc0  Code  Lc  stm32f4xx_hal_i2c.o [1]
I2C_MasterRequestWrite  0x08002c61   0x70  Code  Lc  stm32f4xx_hal_i2c.o [1]
I2C_MasterTransmit_BTF  0x08002835   0x48  Code  Lc  stm32f4xx_hal_i2c.o [1]
I2C_MasterTransmit_TXE  0x08002779   0xbc  Code  Lc  stm32f4xx_hal_i2c.o [1]
I2C_Master_ADDR         0x08002a45   0xce  Code  Lc  stm32f4xx_hal_i2c.o [1]
I2C_ReadBuffer          0x08004465   0x30  Code  Gb  main.o [1]
I2C_Slave_AF            0x08002b25   0x7e  Code  Lc  stm32f4xx_hal_i2c.o [1]
I2C_WaitOnBTFFlagUntilTimeout
                        0x08002f3b   0x32  Code  Lc  stm32f4xx_hal_i2c.o [1]
I2C_WaitOnFlagUntilTimeout
                        0x08002e41   0x4c  Code  Lc  stm32f4xx_hal_i2c.o [1]
I2C_WaitOnMasterAddressFlagUntilTimeout
                        0x08002e8d   0x68  Code  Lc  stm32f4xx_hal_i2c.o [1]
I2C_WaitOnRXNEFlagUntilTimeout
                        0x08002f89   0x3e  Code  Lc  stm32f4xx_hal_i2c.o [1]
I2C_WaitOnTXEFlagUntilTimeout
                        0x08002f09   0x32  Code  Lc  stm32f4xx_hal_i2c.o [1]
I2C_WriteBuffer         0x08004405   0x2e  Code  Gb  main.o [1]
LoadInt                 0x080007fb   0x6e  Code  Lc  xprintffull.o [3]
MX_GPIO_Init            0x08004347   0xa8  Code  Lc  main.o [1]
MemManage_Handler       0x08004995    0x2  Code  Gb  stm32f4xx_it.o [1]
NMI_Handler             0x08004991    0x2  Code  Gb  stm32f4xx_it.o [1]
NVIC_SetPriority        0x08003679   0x1a  Code  Lc  stm32f4xx_hal_cortex.o [1]
PendSV_Handler          0x0800499f    0x2  Code  Gb  stm32f4xx_it.o [1]
Region$$Table$$Base     0x08004d08          --   Gb  - Linker created -
Region$$Table$$Limit    0x08004d28          --   Gb  - Linker created -
SVC_Handler             0x0800499b    0x2  Code  Gb  stm32f4xx_it.o [1]
SysTick_Handler         0x080049a1    0xe  Code  Gb  stm32f4xx_it.o [1]
SystemClock_Config      0x08004297   0xb0  Code  Gb  main.o [1]
SystemCoreClock         0x20000000    0x4  Data  Gb  system_stm32f4xx.o [1]
SystemInit              0x08004bf5   0x3a  Code  Gb  system_stm32f4xx.o [1]
TIM_Base_SetConfig      0x08003f3d   0x90  Code  Gb  stm32f4xx_hal_tim.o [1]
TIM_CCxChannelCmd       0x08004021   0x18  Code  Gb  stm32f4xx_hal_tim.o [1]
TIM_OC1_SetConfig       0x08004039   0x4a  Code  Lc  stm32f4xx_hal_tim.o [1]
TIM_OC2_SetConfig       0x08003fcf   0x52  Code  Gb  stm32f4xx_hal_tim.o [1]
TIM_OC3_SetConfig       0x0800408f   0x56  Code  Lc  stm32f4xx_hal_tim.o [1]
TIM_OC4_SetConfig       0x080040eb   0x46  Code  Lc  stm32f4xx_hal_tim.o [1]
UART_DMAAbortOnError    0x08003bb9   0x10  Code  Lc  stm32f4xx_hal_uart.o [1]
UART_EndRxTransfer      0x08003b9b   0x1c  Code  Lc  stm32f4xx_hal_uart.o [1]
UART_Receive_IT         0x08003bc9   0x7e  Code  Lc  stm32f4xx_hal_uart.o [1]
UART_SetConfig          0x08003c55  0x13a  Code  Lc  stm32f4xx_hal_uart.o [1]
USART3_IRQHandler       0x080049e5    0x6  Code  Gb  stm32f4xx_it.o [1]
UsageFault_Handler      0x08004999    0x2  Code  Gb  stm32f4xx_it.o [1]
_Close_all              0x08004b45   0x58  Code  Gb  xcloseall.o [3]
_EncodingSb_Mbtowc      0x08001eff   0x30  Code  Gb  xencoding_sb.o [3]
_EncodingSb_Wctomb      0x08001ee5   0x1a  Code  Gb  xencoding_sb.o [3]
_Files                  0x200000c4   0x20  Data  Gb  xfiles.o [3]
_Fofree                 0x08004a1d   0x78  Code  Gb  xfofind.o [3]
_Fspos                  0x080045e5   0xd6  Code  Gb  xfspos.o [3]
_Fwprep                 0x080048b9   0xb6  Code  Gb  xfwprep.o [3]
_GenldFull              0x0800107f  0x24c  Code  Lc  xprintffull.o [3]
_IsdstStr               0x20000178    0x4  Data  Gb  setlocale.o [3]
_LdtobFull              0x08000c7d  0x3fc  Code  Lc  xprintffull.o [3]
_LitobFull              0x08000b75  0x106  Code  Lc  xprintffull.o [3]
_LocaleEncoding         0x08001ed1    0xe  Code  Gb  setlocale.o [3]
_LocaleReturnString     0x20000198   0x50  Data  Lc  setlocale.o [3]
_Locale_Profile         0x2000017c   0x1c  Data  Gb  setlocale.o [3]
_Locale_aeabi_lconv     0x2000013c   0x38  Data  Gb  localeconv.o [3]
_Locale_lconv           0x200000ec   0x50  Data  Gb  localeconv.o [3]
_Mbtowc                 0x08001313   0x20  Code  Gb  xmbtowc.o [3]
_Nnl                    0x0800476d    0xa  Code  Gb  xfgpos.o [3]
_PrintfFull             0x080001ad  0x638  Code  Gb  xprintffull.o [3]
_Prout                  0x08004d71   0x16  Code  Gb  xprout.o [3]
_PutcharsFull           0x080012cb   0x2e  Code  Lc  xprintffull.o [3]
_PutstrFull             0x08000869  0x306  Code  Lc  xprintffull.o [3]
_TzoneStr               0x20000174    0x4  Data  Gb  setlocale.o [3]
_Wctomb                 0x08001499   0x1a  Code  Gb  xwctomb.o [3]
__aeabi_cdcmple         0x080016dd         Code  Gb  DblCmpLe.o [4]
__aeabi_cdrcmple        0x0800170d         Code  Gb  DblCmpGe.o [4]
__aeabi_d2iz            0x08001851         Code  Gb  DblToI32.o [4]
__aeabi_d2uiz           0x0800187d         Code  Gb  DblToI32.o [4]
__aeabi_ddiv            0x08001bfd         Code  Gb  DblDiv.o [4]
__aeabi_dmul            0x08001a59         Code  Gb  DblMul.o [4]
__aeabi_dsub            0x080018d9         Code  Gb  DblSub.o [4]
__aeabi_errno_addr      0x080047c5    0x6  Code  Gb  errno.o [3]
__aeabi_i2d             0x080018a9         Code  Gb  I32ToDbl.o [4]
__aeabi_ldiv0           0x08001f71         Code  Gb  I64DivZer.o [5]
__aeabi_ui2d            0x080018bd         Code  Gb  I32ToDbl.o [4]
__aeabi_uldivmod        0x080015ad         Code  Gb  I64DivMod.o [5]
__cexit_closeall        0x08004d4f         Code  Gb  cexit.o [5]
__close                 0x08004b13   0x1a  Code  Gb  close.o [6]
__cmain                 0x08004d29         Code  Gb  cmain.o [5]
__cstart_closeall       0x08004f08         Data  Gb  cstart_closeall.o [5]
__data_Aldata           0x200009e8    0x8  Data  Gb  xxmemxmalloc.o [3]
__data_GetMemChunk      0x08001f45   0x2c  Code  Gb  xgetmemchunk.o [3]
__dwrite                0x080047e5   0x1e  Code  Gb  dwrite.o [6]
__exit                  0x08004d5d   0x14  Code  Gb  exit.o [6]
__iar_Dnorm             0x0800169b   0x42  Code  Gb  xdnorm.o [4]
__iar_Dscale            0x0800173d  0x114  Code  Gb  xdscale.o [4]
__iar_Errno             0x200001e8    0x4  Data  Gb  errno.o [3]
__iar_Locale_lconv_init
                        0x08001e55   0x3a  Code  Gb  localeconv.o [3]
__iar_Lockfilelock      0x080047d1    0x2  Code  Gb  xsyslock_nop.o [3]
__iar_Mbcurmax          0x080013dd    0xa  Code  Gb  xmbcurmax.o [3]
__iar_Memchr            0x08001385         Code  Gb  memchr.o [5]
__iar_Stderr            0x20000084   0x40  Data  Gb  xfiles.o [3]
__iar_Stdin             0x20000004   0x40  Data  Gb  xfiles.o [3]
__iar_Stdout            0x20000044   0x40  Data  Gb  xfiles.o [3]
__iar_Strchr            0x08001335         Code  Gb  strchr.o [5]
__iar_Unlockfilelock    0x080047d3    0x2  Code  Gb  xsyslock_nop.o [3]
__iar_close_ttio        0x08004845   0x2e  Code  Gb  iarttio.o [6]
__iar_d2uiz             0x08001889         Code  Gb  DblToI32.o [4]
__iar_dadd              0x08001f75         Code  Gb  DblAdd.o [4]
__iar_data_init3        0x08004cbd   0x28  Code  Gb  data_init.o [5]
__iar_dlib_perthread_access
                        0x08002049    0x2  Code  Gb  xtls.o [3]
__iar_dsub              0x080018ed         Code  Gb  DblSub.o [4]
__iar_dsubStart         0x080018ff         Code  Gb  DblSub.o [4]
__iar_get_ttio          0x08004875   0x38  Code  Gb  iarttio.o [6]
__iar_init_vfp          0x08004ce5         Code  Gb  fpinit_M.o [4]
__iar_lookup_ttioh      0x080048b1    0x8  Code  Gb  XShttio.o [3]
__iar_packbits_init_single3
                        0x08004c85   0x38  Code  Gb  packbits_init_single.o [5]
__iar_program_start     0x08004da5         Code  Gb  cstartup_M.o [5]
__iar_sh_Discard        0x08004505   0x44  Code  Gb  XShHandles.o [3]
__iar_sh_Move           0x0800454f   0x4c  Code  Gb  XShHandles.o [3]
__iar_sh_Pos            0x0800459b   0x44  Code  Gb  XShHandles.o [3]
__iar_sh_stdout         0x08004803   0x20  Code  Gb  iarwstd.o [6]
__iar_sh_write          0x08004823   0x22  Code  Gb  iarwrite.o [6]
__iar_ttio_handles      0x200000e4    0x8  Data  Lc  XShttio.o [3]
__iar_ui2d              0x080018c1         Code  Gb  I32ToDbl.o [4]
__iar_unaligned___aeabi_memcpy
                        0x080014b5         Code  Gb  ABImemcpy_unaligned.o [5]
__iar_unaligned___aeabi_memcpy4
                        0x080014d5         Code  Gb  ABImemcpy_unaligned.o [5]
__iar_unaligned___aeabi_memcpy8
                        0x080014d5         Code  Gb  ABImemcpy_unaligned.o [5]
__iar_zero_init3        0x08004c45   0x40  Code  Gb  zero_init3.o [5]
__low_level_init        0x08004d43    0x4  Code  Gb  low_level_init.o [3]
__lseek                 0x08004777   0x4c  Code  Gb  lseek.o [6]
__vector_table          0x08000000         Data  Gb  startup_stm32f429xx.o [1]
__write                 0x080047d5   0x10  Code  Gb  write.o [6]
_call_main              0x08004d35         Code  Gb  cmain.o [5]
_exit                   0x08004d4d         Code  Gb  cexit.o [5]
_main                   0x08004d3f         Code  Gb  cmain.o [5]
aTxBuffer               0x200009e0    0x8  Data  Gb  main.o [1]
div                     0x08001ec1    0xe  Code  Gb  div.o [3]
ebuf                    0x20000940   0x50  Data  Lc  xfiles.o [3]
exit                    0x08004d47    0x4  Code  Gb  exit.o [3]
fclose                  0x08004a99   0x7a  Code  Gb  fclose.o [3]
fflush                  0x08004733   0x34  Code  Gb  fflush.o [3]
fflushOne               0x080046bd   0x76  Code  Lc  fflush.o [3]
fputc                   0x08004b9d   0x56  Code  Gb  fputc.o [3]
free                    0x0800152d   0x7a  Code  Gb  xxmemxfree.o [3]
fseek                   0x0800496f   0x22  Code  Gb  fseek.o [3]
hi2c1                   0x200007f0   0x54  Data  Gb  main.o [1]
htim9                   0x20000884   0x3c  Data  Gb  main.o [1]
huart3                  0x20000844   0x40  Data  Gb  main.o [1]
localeconv              0x08001e8f   0x16  Code  Gb  localeconv.o [3]
main                    0x0800415d  0x13a  Code  Gb  main.o [1]
malloc                  0x080013e9   0xac  Code  Gb  xxmemxmalloc.o [3]
memchr                  0x08001385         Code  Gb  memchr.o [5]
obuf                    0x20000990   0x50  Data  Lc  xfiles.o [3]
printf                  0x080044e1   0x24  Code  Gb  printf.o [3]
putchar                 0x08004d89    0xc  Code  Gb  putchar.o [3]
remove                  0x08004b2d   0x16  Code  Gb  remove.o [6]
sFileInfo               0x200008c0   0x80  Data  Lc  XShHandles.o [3]
strchr                  0x08001335         Code  Gb  strchr.o [5]
strlen                  0x0800134d         Code  Gb  strlen.o [5]
uwTick                  0x200009f0    0x4  Data  Gb  stm32f4xx_hal.o [1]


[1] = C:\stm_projects\disco_dc_motors\EWARM\disco_dc_motors\Obj
[2] = command line
[3] = dl7M_tlf.a
[4] = m7M_tls.a
[5] = rt7M_tl.a
[6] = shb_l.a

  20 198 bytes of readonly  code memory
     172 bytes of readonly  data memory
   2 548 bytes of readwrite data memory

Errors: none
Warnings: none
