###############################################################################
#
# IAR ELF Linker V7.50.2.10312/W32 for ARM                15/Oct/2016  21:41:25
# Copyright 2007-2015 IAR Systems AB.
#
#    Output file  =  
#        C:\stm_projects\disco_dc_motors\EWARM\disco_dc_motors\Exe\disco_dc_motors.out
#    Map file     =  
#        C:\stm_projects\disco_dc_motors\EWARM\disco_dc_motors\List\disco_dc_motors.map
#    Command line =  
#        C:\stm_projects\disco_dc_motors\EWARM\disco_dc_motors\Obj\main.o
#        C:\stm_projects\disco_dc_motors\EWARM\disco_dc_motors\Obj\startup_stm32f429xx.o
#        C:\stm_projects\disco_dc_motors\EWARM\disco_dc_motors\Obj\stm32f4xx_hal.o
#        C:\stm_projects\disco_dc_motors\EWARM\disco_dc_motors\Obj\stm32f4xx_hal_cortex.o
#        C:\stm_projects\disco_dc_motors\EWARM\disco_dc_motors\Obj\stm32f4xx_hal_dma.o
#        C:\stm_projects\disco_dc_motors\EWARM\disco_dc_motors\Obj\stm32f4xx_hal_dma_ex.o
#        C:\stm_projects\disco_dc_motors\EWARM\disco_dc_motors\Obj\stm32f4xx_hal_flash.o
#        C:\stm_projects\disco_dc_motors\EWARM\disco_dc_motors\Obj\stm32f4xx_hal_flash_ex.o
#        C:\stm_projects\disco_dc_motors\EWARM\disco_dc_motors\Obj\stm32f4xx_hal_flash_ramfunc.o
#        C:\stm_projects\disco_dc_motors\EWARM\disco_dc_motors\Obj\stm32f4xx_hal_gpio.o
#        C:\stm_projects\disco_dc_motors\EWARM\disco_dc_motors\Obj\stm32f4xx_hal_i2c.o
#        C:\stm_projects\disco_dc_motors\EWARM\disco_dc_motors\Obj\stm32f4xx_hal_i2c_ex.o
#        C:\stm_projects\disco_dc_motors\EWARM\disco_dc_motors\Obj\stm32f4xx_hal_msp.o
#        C:\stm_projects\disco_dc_motors\EWARM\disco_dc_motors\Obj\stm32f4xx_hal_pwr.o
#        C:\stm_projects\disco_dc_motors\EWARM\disco_dc_motors\Obj\stm32f4xx_hal_pwr_ex.o
#        C:\stm_projects\disco_dc_motors\EWARM\disco_dc_motors\Obj\stm32f4xx_hal_rcc.o
#        C:\stm_projects\disco_dc_motors\EWARM\disco_dc_motors\Obj\stm32f4xx_hal_rcc_ex.o
#        C:\stm_projects\disco_dc_motors\EWARM\disco_dc_motors\Obj\stm32f4xx_hal_tim.o
#        C:\stm_projects\disco_dc_motors\EWARM\disco_dc_motors\Obj\stm32f4xx_hal_tim_ex.o
#        C:\stm_projects\disco_dc_motors\EWARM\disco_dc_motors\Obj\stm32f4xx_hal_uart.o
#        C:\stm_projects\disco_dc_motors\EWARM\disco_dc_motors\Obj\stm32f4xx_it.o
#        C:\stm_projects\disco_dc_motors\EWARM\disco_dc_motors\Obj\system_stm32f4xx.o
#        --redirect _Printf=_PrintfFull --redirect _Scanf=_ScanfFull -o
#        C:\stm_projects\disco_dc_motors\EWARM\disco_dc_motors\Exe\disco_dc_motors.out
#        --map
#        C:\stm_projects\disco_dc_motors\EWARM\disco_dc_motors\List\disco_dc_motors.map
#        --config C:\stm_projects\disco_dc_motors\EWARM/stm32f429xx_flash.icf
#        --semihosting --entry __iar_program_start --vfe
#
###############################################################################

*******************************************************************************
*** RUNTIME MODEL ATTRIBUTES
***

CppFlavor                     = *
__Heap_Handler                = Basic
__SystemLibrary               = DLib
__dlib_dynamic_initialization = normal


*******************************************************************************
*** PLACEMENT SUMMARY
***

"A1":  place at 0x08000000 { ro section .intvec };
"P1":  place in [from 0x08000000 to 0x081fffff] { ro };
"P2":  place in [from 0x20000000 to 0x2002ffff] { rw, block CSTACK, block HEAP };

  Section             Kind        Address    Size  Object
  -------             ----        -------    ----  ------
"A1":                                       0x1ac
  .intvec             ro code  0x08000000   0x1ac  startup_stm32f429xx.o [1]
                             - 0x080001ac   0x1ac

"P1":                                      0x4c02
  .text               ro code  0x080001ac  0x1166  xprintffull.o [3]
  .text               ro code  0x08001312    0x20  xmbtowc.o [3]
  .text               ro code  0x08001334    0x16  strchr.o [5]
  .text               ro code  0x0800134c    0x36  strlen.o [5]
  .text               ro code  0x08001384    0x58  memchr.o [5]
  .text               ro code  0x080013dc     0xa  xmbcurmax.o [3]
  .text               ro code  0x080013e8    0xb0  xxmemxmalloc.o [3]
  .text               ro code  0x08001498    0x1a  xwctomb.o [3]
  .text               ro code  0x080014b4    0x76  ABImemcpy_unaligned.o [5]
  .text               ro code  0x0800152c    0x80  xxmemxfree.o [3]
  .text               ro code  0x080015ac    0xee  I64DivMod.o [5]
  .text               ro code  0x0800169a    0x42  xdnorm.o [4]
  .text               ro code  0x080016dc    0x2e  DblCmpLe.o [4]
  .text               ro code  0x0800170c    0x2e  DblCmpGe.o [4]
  .text               ro code  0x0800173c   0x114  xdscale.o [4]
  .text               ro code  0x08001850    0x58  DblToI32.o [4]
  .text               ro code  0x080018a8    0x30  I32ToDbl.o [4]
  .text               ro code  0x080018d8   0x180  DblSub.o [4]
  .text               ro code  0x08001a58   0x1a2  DblMul.o [4]
  .text               ro code  0x08001bfc   0x256  DblDiv.o [4]
  .text               ro code  0x08001e54    0x6c  localeconv.o [3]
  .text               ro code  0x08001ec0     0xe  div.o [3]
  .text               ro code  0x08001ed0    0x14  setlocale.o [3]
  .text               ro code  0x08001ee4    0x60  xencoding_sb.o [3]
  .text               ro code  0x08001f44    0x2c  xgetmemchunk.o [3]
  .text               ro code  0x08001f70     0x2  I64DivZer.o [5]
  .text               ro code  0x08001f74    0xd4  DblAdd.o [4]
  .text               ro code  0x08002048     0x2  xtls.o [3]
  .text               ro code  0x0800204c   0x73c  stm32f4xx_hal_i2c.o [1]
  .text               ro code  0x08002788   0x278  stm32f4xx_hal_msp.o [1]
  .text               ro code  0x08002a00   0x434  stm32f4xx_hal_rcc.o [1]
  .text               ro code  0x08002e34    0xe2  stm32f4xx_hal_cortex.o [1]
  .text               ro code  0x08002f18   0x236  stm32f4xx_hal_gpio.o [1]
  .text               ro code  0x08003150    0x88  stm32f4xx_hal.o [1]
  .text               ro code  0x080031d8   0x65e  stm32f4xx_hal_tim.o [1]
  .text               ro code  0x08003838    0x4e  stm32f4xx_hal_tim_ex.o [1]
  .text               ro code  0x08003888   0x530  main.o [1]
  .text               ro code  0x08003db8   0x452  stm32f4xx_hal_uart.o [1]
  .text               ro code  0x0800420c    0x24  stm32f4xx_hal_dma.o [1]
  .text               ro code  0x08004230   0x15c  stm32f4xx_it.o [1]
  .text               ro code  0x0800438c    0x24  printf.o [3]
  .text               ro code  0x080043b0    0xe0  XShHandles.o [3]
  .text               ro code  0x08004490    0xd6  xfspos.o [3]
  .text               ro code  0x08004568    0xb0  fflush.o [3]
  .text               ro code  0x08004618     0xa  xfgpos.o [3]
  .text               ro code  0x08004622    0x4c  lseek.o [6]
  .text               ro code  0x08004670     0xc  errno.o [3]
  .text               ro code  0x0800467c     0x4  xsyslock_nop.o [3]
  .text               ro code  0x08004680    0x10  write.o [6]
  .text               ro code  0x08004690    0x1e  dwrite.o [6]
  .text               ro code  0x080046ae    0x20  iarwstd.o [6]
  .text               ro code  0x080046ce    0x22  iarwrite.o [6]
  .text               ro code  0x080046f0    0x6c  iarttio.o [6]
  .text               ro code  0x0800475c     0x8  XShttio.o [3]
  .text               ro code  0x08004764    0xb6  xfwprep.o [3]
  .text               ro code  0x0800481a    0x22  fseek.o [3]
  .text               ro code  0x0800483c    0x7c  xfofind.o [3]
  .text               ro code  0x080048b8    0x7a  fclose.o [3]
  .text               ro code  0x08004932    0x1a  close.o [6]
  .text               ro code  0x0800494c    0x16  remove.o [6]
  .text               ro code  0x08004964    0x58  xcloseall.o [3]
  .text               ro code  0x080049bc    0x56  fputc.o [3]
  .text               ro code  0x08004a14    0x50  system_stm32f4xx.o [1]
  .text               ro code  0x08004a64    0x40  zero_init3.o [5]
  .text               ro code  0x08004aa4    0x38  packbits_init_single.o [5]
  .text               ro code  0x08004adc    0x28  data_init.o [5]
  .text               ro code  0x08004b04    0x22  fpinit_M.o [4]
  .iar.init_table     const    0x08004b28    0x20  - Linker created -
  .text               ro code  0x08004b48    0x1a  cmain.o [5]
  .text               ro code  0x08004b62     0x4  low_level_init.o [3]
  .text               ro code  0x08004b66     0x4  exit.o [3]
  .text               ro code  0x08004b6c     0xe  cexit.o [5]
  .text               ro code  0x08004b7c    0x14  exit.o [6]
  .text               ro code  0x08004b90    0x16  xprout.o [3]
  .text               ro code  0x08004ba8     0xc  putchar.o [3]
  .text               ro code  0x08004bb4    0x10  startup_stm32f429xx.o [1]
  .text               ro code  0x08004bc4     0xc  cstartup_M.o [5]
  .text               ro code  0x08004bd0     0x4  startup_stm32f429xx.o [1]
  .text               ro code  0x08004bd4     0x4  startup_stm32f429xx.o [1]
  .text               ro code  0x08004bd8     0x4  startup_stm32f429xx.o [1]
  .text               ro code  0x08004bdc     0x4  startup_stm32f429xx.o [1]
  .text               ro code  0x08004be0     0x4  startup_stm32f429xx.o [1]
  .text               ro code  0x08004be4     0x4  startup_stm32f429xx.o [1]
  .text               ro code  0x08004be8     0x4  startup_stm32f429xx.o [1]
  .text               ro code  0x08004bec     0x4  startup_stm32f429xx.o [1]
  .text               ro code  0x08004bf0     0x4  startup_stm32f429xx.o [1]
  .text               ro code  0x08004bf4     0x4  startup_stm32f429xx.o [1]
  .text               ro code  0x08004bf8     0x4  startup_stm32f429xx.o [1]
  .text               ro code  0x08004bfc     0x4  startup_stm32f429xx.o [1]
  .text               ro code  0x08004c00     0x4  startup_stm32f429xx.o [1]
  .text               ro code  0x08004c04     0x4  startup_stm32f429xx.o [1]
  .text               ro code  0x08004c08     0x4  startup_stm32f429xx.o [1]
  .text               ro code  0x08004c0c     0x4  startup_stm32f429xx.o [1]
  .text               ro code  0x08004c10     0x4  startup_stm32f429xx.o [1]
  .text               ro code  0x08004c14     0x4  startup_stm32f429xx.o [1]
  .text               ro code  0x08004c18     0x4  startup_stm32f429xx.o [1]
  .text               ro code  0x08004c1c     0x4  startup_stm32f429xx.o [1]
  .text               ro code  0x08004c20     0x4  startup_stm32f429xx.o [1]
  .text               ro code  0x08004c24     0x4  startup_stm32f429xx.o [1]
  .text               ro code  0x08004c28     0x4  startup_stm32f429xx.o [1]
  .text               ro code  0x08004c2c     0x4  startup_stm32f429xx.o [1]
  .text               ro code  0x08004c30     0x4  startup_stm32f429xx.o [1]
  .text               ro code  0x08004c34     0x4  startup_stm32f429xx.o [1]
  .text               ro code  0x08004c38     0x4  startup_stm32f429xx.o [1]
  .text               ro code  0x08004c3c     0x4  startup_stm32f429xx.o [1]
  .text               ro code  0x08004c40     0x4  startup_stm32f429xx.o [1]
  .text               ro code  0x08004c44     0x4  startup_stm32f429xx.o [1]
  .text               ro code  0x08004c48     0x4  startup_stm32f429xx.o [1]
  .text               ro code  0x08004c4c     0x4  startup_stm32f429xx.o [1]
  .text               ro code  0x08004c50     0x4  startup_stm32f429xx.o [1]
  .text               ro code  0x08004c54     0x4  startup_stm32f429xx.o [1]
  .text               ro code  0x08004c58     0x4  startup_stm32f429xx.o [1]
  .text               ro code  0x08004c5c     0x4  startup_stm32f429xx.o [1]
  .text               ro code  0x08004c60     0x4  startup_stm32f429xx.o [1]
  .text               ro code  0x08004c64     0x4  startup_stm32f429xx.o [1]
  .text               ro code  0x08004c68     0x4  startup_stm32f429xx.o [1]
  .text               ro code  0x08004c6c     0x4  startup_stm32f429xx.o [1]
  .text               ro code  0x08004c70     0x4  startup_stm32f429xx.o [1]
  .text               ro code  0x08004c74     0x4  startup_stm32f429xx.o [1]
  .text               ro code  0x08004c78     0x4  startup_stm32f429xx.o [1]
  .text               ro code  0x08004c7c     0x4  startup_stm32f429xx.o [1]
  .text               ro code  0x08004c80     0x4  startup_stm32f429xx.o [1]
  .text               ro code  0x08004c84     0x4  startup_stm32f429xx.o [1]
  .text               ro code  0x08004c88     0x4  startup_stm32f429xx.o [1]
  .text               ro code  0x08004c8c     0x4  startup_stm32f429xx.o [1]
  .text               ro code  0x08004c90     0x4  startup_stm32f429xx.o [1]
  .text               ro code  0x08004c94     0x4  startup_stm32f429xx.o [1]
  .text               ro code  0x08004c98     0x4  startup_stm32f429xx.o [1]
  .text               ro code  0x08004c9c     0x4  startup_stm32f429xx.o [1]
  .text               ro code  0x08004ca0     0x4  startup_stm32f429xx.o [1]
  .text               ro code  0x08004ca4     0x4  startup_stm32f429xx.o [1]
  .text               ro code  0x08004ca8     0x4  startup_stm32f429xx.o [1]
  .text               ro code  0x08004cac     0x4  startup_stm32f429xx.o [1]
  .text               ro code  0x08004cb0     0x4  startup_stm32f429xx.o [1]
  .text               ro code  0x08004cb4     0x4  startup_stm32f429xx.o [1]
  .text               ro code  0x08004cb8     0x4  startup_stm32f429xx.o [1]
  .text               ro code  0x08004cbc     0x4  startup_stm32f429xx.o [1]
  .text               ro code  0x08004cc0     0x4  startup_stm32f429xx.o [1]
  .text               ro code  0x08004cc4     0x4  startup_stm32f429xx.o [1]
  .text               ro code  0x08004cc8     0x4  startup_stm32f429xx.o [1]
  .text               ro code  0x08004ccc     0x4  startup_stm32f429xx.o [1]
  .text               ro code  0x08004cd0     0x4  startup_stm32f429xx.o [1]
  .text               ro code  0x08004cd4     0x4  startup_stm32f429xx.o [1]
  .text               ro code  0x08004cd8     0x4  startup_stm32f429xx.o [1]
  .text               ro code  0x08004cdc     0x4  startup_stm32f429xx.o [1]
  .text               ro code  0x08004ce0     0x4  startup_stm32f429xx.o [1]
  .text               ro code  0x08004ce4     0x4  startup_stm32f429xx.o [1]
  .text               ro code  0x08004ce8     0x4  startup_stm32f429xx.o [1]
  .text               ro code  0x08004cec     0x4  startup_stm32f429xx.o [1]
  .text               ro code  0x08004cf0     0x4  startup_stm32f429xx.o [1]
  .text               ro code  0x08004cf4     0x4  startup_stm32f429xx.o [1]
  .text               ro code  0x08004cf8     0x4  startup_stm32f429xx.o [1]
  .text               ro code  0x08004cfc     0x4  startup_stm32f429xx.o [1]
  .text               ro code  0x08004d00     0x4  startup_stm32f429xx.o [1]
  .text               ro code  0x08004d04     0x4  startup_stm32f429xx.o [1]
  .text               ro code  0x08004d08     0x4  startup_stm32f429xx.o [1]
  .text               ro code  0x08004d0c     0x4  startup_stm32f429xx.o [1]
  .text               ro code  0x08004d10     0x4  startup_stm32f429xx.o [1]
  .text               ro code  0x08004d14     0x0  cstart_closeall.o [5]
  .rodata             const    0x08004d14     0x0  zero_init3.o [5]
  .rodata             const    0x08004d14     0x0  packbits_init_single.o [5]
  Initializer bytes   const    0x08004d14    0x9a  <for P2-1>
                             - 0x08004dae  0x4c02

"P2", part 1 of 3:                          0x3b4
  P2-1                         0x20000000   0x3b4  <Init block>
    .data             inited   0x20000000   0x1c4  main.o [1]
    .data             inited   0x200001c4     0x4  main.o [1]
    .data             inited   0x200001c8     0x4  system_stm32f4xx.o [1]
    .data             inited   0x200001cc    0x40  xfiles.o [3]
    .data             inited   0x2000020c    0x40  xfiles.o [3]
    .data             inited   0x2000024c    0x40  xfiles.o [3]
    .data             inited   0x2000028c    0x20  xfiles.o [3]
    .data             inited   0x200002ac     0x8  XShttio.o [3]
    __DLIB_PERTHREAD  inited   0x200002b4    0x88  localeconv.o [3]
    __DLIB_PERTHREAD  inited   0x2000033c    0x74  setlocale.o [3]
    __DLIB_PERTHREAD  inited   0x200003b0     0x4  errno.o [3]
                             - 0x200003b4   0x3b4

"P2", part 2 of 3:                          0x600
  CSTACK                       0x200003b8   0x400  <Block>
    CSTACK            uninit   0x200003b8   0x400  <Block tail>
  HEAP                         0x200007b8   0x200  <Block>
    HEAP              uninit   0x200007b8   0x200  <Block tail>
                             - 0x200009b8   0x600

"P2", part 3 of 3:                          0x138
  .bss                zero     0x200009b8    0x80  XShHandles.o [3]
  .bss                zero     0x20000a38    0x50  xfiles.o [3]
  .bss                zero     0x20000a88    0x50  xfiles.o [3]
  .bss                zero     0x20000ad8     0x8  xxmemxmalloc.o [3]
  .bss                zero     0x20000ae0     0x4  main.o [1]
  .bss                zero     0x20000ae4     0x4  stm32f4xx_hal.o [1]
  .bss                zero     0x20000ae8     0x4  stm32f4xx_it.o [1]
  .bss                zero     0x20000aec     0x4  xgetmemchunk.o [3]
                             - 0x20000af0   0x138


*******************************************************************************
*** INIT TABLE
***

          Address     Size
          -------     ----
Zero (__iar_zero_init3)
    1 destination range, total size 0x138:
          0x200009b8  0x138

Copy/packbits (__iar_packbits_init_single3)
    1 source range, total size 0x9a (16% of destination):
          0x08004d14   0x9a
    1 destination range, total size 0x3b4:
          0x20000000  0x3b4



*******************************************************************************
*** MODULE SUMMARY
***

    Module                  ro code  ro data  rw data
    ------                  -------  -------  -------
C:\stm_projects\disco_dc_motors\EWARM\disco_dc_motors\Obj: [1]
    main.o                    1 328       74      460
    startup_stm32f429xx.o       768
    stm32f4xx_hal.o             136                 4
    stm32f4xx_hal_cortex.o      226
    stm32f4xx_hal_dma.o          36
    stm32f4xx_hal_gpio.o        566
    stm32f4xx_hal_i2c.o       1 852
    stm32f4xx_hal_msp.o         632
    stm32f4xx_hal_rcc.o       1 076
    stm32f4xx_hal_tim.o       1 630
    stm32f4xx_hal_tim_ex.o       78
    stm32f4xx_hal_uart.o      1 106
    stm32f4xx_it.o              348                 4
    system_stm32f4xx.o           80                 4
    -------------------------------------------------
    Total:                    9 862       74      472

command line: [2]
    -------------------------------------------------
    Total:

dl7M_tlf.a: [3]
    XShHandles.o                224               128
    XShttio.o                     8        1        8
    div.o                        14
    errno.o                      12        1        4
    exit.o                        4
    fclose.o                    122
    fflush.o                    176
    fputc.o                      86
    fseek.o                      34
    localeconv.o                108       22      136
    low_level_init.o              4
    printf.o                     36
    putchar.o                    12
    setlocale.o                  20       19      116
    xcloseall.o                  88
    xencoding_sb.o               96
    xfgpos.o                     10
    xfiles.o                              37      384
    xfofind.o                   124
    xfspos.o                    214
    xfwprep.o                   182
    xgetmemchunk.o               44                 4
    xmbcurmax.o                  10
    xmbtowc.o                    32
    xprintffull.o             4 454
    xprout.o                     22
    xsyslock_nop.o                4
    xtls.o                        2
    xwctomb.o                    26
    xxmemxfree.o                128
    xxmemxmalloc.o              176                 8
    -------------------------------------------------
    Total:                    6 472       80      788

m7M_tls.a: [4]
    DblAdd.o                    212
    DblCmpGe.o                   46
    DblCmpLe.o                   46
    DblDiv.o                    598
    DblMul.o                    418
    DblSub.o                    384
    DblToI32.o                   88
    I32ToDbl.o                   48
    fpinit_M.o                   34
    xdnorm.o                     66
    xdscale.o                   276
    -------------------------------------------------
    Total:                    2 216

rt7M_tl.a: [5]
    ABImemcpy_unaligned.o       118
    I64DivMod.o                 238
    I64DivZer.o                   2
    cexit.o                      14
    cmain.o                      26
    cstart_closeall.o
    cstartup_M.o                 12
    data_init.o                  40
    memchr.o                     88
    packbits_init_single.o       56
    strchr.o                     22
    strlen.o                     54
    zero_init3.o                 64
    -------------------------------------------------
    Total:                      734

shb_l.a: [6]
    close.o                      26
    dwrite.o                     30
    exit.o                       20
    iarttio.o                   108
    iarwrite.o                   34
    iarwstd.o                    32
    lseek.o                      76
    remove.o                     22
    write.o                      16
    -------------------------------------------------
    Total:                      364

    Gaps                         50        2
    Linker created                        32    1 536
-----------------------------------------------------
    Grand Total:             19 698      188    2 796


*******************************************************************************
*** ENTRY LIST
***

Entry                      Address   Size  Type      Object
-----                      -------   ----  ----      ------
.iar.init_table$$Base   0x08004b28          --   Gb  - Linker created -
.iar.init_table$$Limit  0x08004b48          --   Gb  - Linker created -
?main                   0x08004b49         Code  Gb  cmain.o [5]
APBAHBPrescTable        0x08002e24   0x10  Data  Gb  stm32f4xx_hal_rcc.o [1]
BusFault_Handler        0x08004237    0x2  Code  Gb  stm32f4xx_it.o [1]
CSTACK$$Base            0x200003b8          --   Gb  - Linker created -
CSTACK$$Limit           0x200007b8          --   Gb  - Linker created -
DebugMon_Handler        0x0800423d    0x2  Code  Gb  stm32f4xx_it.o [1]
EXTI0_IRQHandler        0x0800424f   0x5c  Code  Gb  stm32f4xx_it.o [1]
EXTI9_5_IRQHandler      0x080042ab   0x14  Code  Gb  stm32f4xx_it.o [1]
HAL_DMA_Abort_IT        0x0800420d   0x24  Code  Gb  stm32f4xx_hal_dma.o [1]
HAL_Delay               0x080031b5   0x18  Code  Wk  stm32f4xx_hal.o [1]
HAL_GPIO_EXTI_Callback  0x0800314d    0x2  Code  Wk  stm32f4xx_hal_gpio.o [1]
HAL_GPIO_EXTI_IRQHandler
                        0x080030ff   0x14  Code  Gb  stm32f4xx_hal_gpio.o [1]
HAL_GPIO_Init           0x08002f19  0x1ca  Code  Gb  stm32f4xx_hal_gpio.o [1]
HAL_GPIO_ReadPin        0x080030e3    0xc  Code  Gb  stm32f4xx_hal_gpio.o [1]
HAL_GPIO_TogglePin      0x080030f7    0x8  Code  Gb  stm32f4xx_hal_gpio.o [1]
HAL_GPIO_WritePin       0x080030ef    0x8  Code  Gb  stm32f4xx_hal_gpio.o [1]
HAL_GetTick             0x080031af    0x6  Code  Wk  stm32f4xx_hal.o [1]
HAL_I2C_AddrCallback    0x080023a5    0x2  Code  Wk  stm32f4xx_hal_i2c.o [1]
HAL_I2C_EV_IRQHandler   0x08002129  0x232  Code  Gb  stm32f4xx_hal_i2c.o [1]
HAL_I2C_Init            0x0800204d   0xc4  Code  Gb  stm32f4xx_hal_i2c.o [1]
HAL_I2C_ListenCpltCallback
                        0x080023a7    0x2  Code  Wk  stm32f4xx_hal_i2c.o [1]
HAL_I2C_MasterRxCpltCallback
                        0x0800239f    0x2  Code  Wk  stm32f4xx_hal_i2c.o [1]
HAL_I2C_MasterTxCpltCallback
                        0x0800239d    0x2  Code  Wk  stm32f4xx_hal_i2c.o [1]
HAL_I2C_MemRxCpltCallback
                        0x080023ab    0x2  Code  Wk  stm32f4xx_hal_i2c.o [1]
HAL_I2C_MemTxCpltCallback
                        0x080023a9    0x2  Code  Wk  stm32f4xx_hal_i2c.o [1]
HAL_I2C_MspInit         0x080027e9   0x4e  Code  Gb  stm32f4xx_hal_msp.o [1]
HAL_I2C_SlaveRxCpltCallback
                        0x080023a3    0x2  Code  Wk  stm32f4xx_hal_i2c.o [1]
HAL_I2C_SlaveTxCpltCallback
                        0x080023a1    0x2  Code  Wk  stm32f4xx_hal_i2c.o [1]
HAL_IncTick             0x080031a5    0xa  Code  Wk  stm32f4xx_hal.o [1]
HAL_Init                0x08003151   0x30  Code  Gb  stm32f4xx_hal.o [1]
HAL_InitTick            0x08003181   0x24  Code  Wk  stm32f4xx_hal.o [1]
HAL_MspInit             0x08002789   0x60  Code  Gb  stm32f4xx_hal_msp.o [1]
HAL_NVIC_EnableIRQ      0x08002ea3    0xc  Code  Gb  stm32f4xx_hal_cortex.o [1]
HAL_NVIC_SetPriority    0x08002e69   0x3a  Code  Gb  stm32f4xx_hal_cortex.o [1]
HAL_NVIC_SetPriorityGrouping
                        0x08002e4f   0x1a  Code  Gb  stm32f4xx_hal_cortex.o [1]
HAL_RCC_ClockConfig     0x08002c4b  0x12c  Code  Gb  stm32f4xx_hal_rcc.o [1]
HAL_RCC_GetHCLKFreq     0x08002dcb    0x6  Code  Gb  stm32f4xx_hal_rcc.o [1]
HAL_RCC_GetPCLK1Freq    0x08002dd1   0x12  Code  Gb  stm32f4xx_hal_rcc.o [1]
HAL_RCC_GetPCLK2Freq    0x08002de3   0x10  Code  Gb  stm32f4xx_hal_rcc.o [1]
HAL_RCC_GetSysClockFreq
                        0x08002d85   0x46  Code  Wk  stm32f4xx_hal_rcc.o [1]
HAL_RCC_OscConfig       0x08002a01  0x242  Code  Wk  stm32f4xx_hal_rcc.o [1]
HAL_SYSTICK_CLKSourceConfig
                        0x08002edf   0x14  Code  Gb  stm32f4xx_hal_cortex.o [1]
HAL_SYSTICK_Callback    0x08002f15    0x2  Code  Wk  stm32f4xx_hal_cortex.o [1]
HAL_SYSTICK_Config      0x08002eb7   0x28  Code  Gb  stm32f4xx_hal_cortex.o [1]
HAL_SYSTICK_IRQHandler  0x08002f0d    0x8  Code  Gb  stm32f4xx_hal_cortex.o [1]
HAL_TIMEx_BreakCallback
                        0x08003885    0x2  Code  Wk  stm32f4xx_hal_tim_ex.o [1]
HAL_TIMEx_CommutationCallback
                        0x08003883    0x2  Code  Wk  stm32f4xx_hal_tim_ex.o [1]
HAL_TIMEx_MasterConfigSynchronization
                        0x08003839   0x4a  Code  Gb  stm32f4xx_hal_tim_ex.o [1]
HAL_TIM_Base_Init       0x080031d9   0x1a  Code  Gb  stm32f4xx_hal_tim.o [1]
HAL_TIM_Base_MspInit    0x0800284d   0xae  Code  Gb  stm32f4xx_hal_msp.o [1]
HAL_TIM_Base_Start_IT   0x080031f3   0x16  Code  Gb  stm32f4xx_hal_tim.o [1]
HAL_TIM_Base_Stop_IT    0x08003209   0x2a  Code  Gb  stm32f4xx_hal_tim.o [1]
HAL_TIM_ConfigClockSource
                        0x080034cd   0xa8  Code  Gb  stm32f4xx_hal_tim.o [1]
HAL_TIM_IC_CaptureCallback
                        0x080035a1    0x2  Code  Wk  stm32f4xx_hal_tim.o [1]
HAL_TIM_IRQHandler      0x080032ad  0x14a  Code  Gb  stm32f4xx_hal_tim.o [1]
HAL_TIM_MspPostInit     0x08002947   0x2c  Code  Gb  stm32f4xx_hal_msp.o [1]
HAL_TIM_OC_DelayElapsedCallback
                        0x0800359f    0x2  Code  Wk  stm32f4xx_hal_tim.o [1]
HAL_TIM_PWM_ConfigChannel
                        0x080033f7   0xb8  Code  Gb  stm32f4xx_hal_tim.o [1]
HAL_TIM_PWM_Init        0x0800325d   0x1a  Code  Gb  stm32f4xx_hal_tim.o [1]
HAL_TIM_PWM_MspInit     0x0800290d   0x30  Code  Gb  stm32f4xx_hal_msp.o [1]
HAL_TIM_PWM_PulseFinishedCallback
                        0x080035a3    0x2  Code  Wk  stm32f4xx_hal_tim.o [1]
HAL_TIM_PWM_Start       0x0800327f   0x14  Code  Gb  stm32f4xx_hal_tim.o [1]
HAL_TIM_PeriodElapsedCallback
                        0x0800359d    0x2  Code  Wk  stm32f4xx_hal_tim.o [1]
HAL_TIM_TriggerCallback
                        0x080035a5    0x2  Code  Wk  stm32f4xx_hal_tim.o [1]
HAL_UART_ErrorCallback  0x08003fd1    0x2  Code  Wk  stm32f4xx_hal_uart.o [1]
HAL_UART_IRQHandler     0x08003e79  0x148  Code  Gb  stm32f4xx_hal_uart.o [1]
HAL_UART_Init           0x08003db9   0x28  Code  Gb  stm32f4xx_hal_uart.o [1]
HAL_UART_MspInit        0x08002973   0x50  Code  Gb  stm32f4xx_hal_msp.o [1]
HAL_UART_Receive_IT     0x08003e27   0x4c  Code  Gb  stm32f4xx_hal_uart.o [1]
HAL_UART_RxCpltCallback
                        0x08003fcf    0x2  Code  Wk  stm32f4xx_hal_uart.o [1]
HAL_UART_TxCpltCallback
                        0x08003fcd    0x2  Code  Wk  stm32f4xx_hal_uart.o [1]
HEAP$$Base              0x200007b8          --   Gb  - Linker created -
HEAP$$Limit             0x200009b8          --   Gb  - Linker created -
HardFault_Handler       0x08004233    0x2  Code  Gb  stm32f4xx_it.o [1]
I2C3_EV_IRQHandler      0x08004327    0x6  Code  Gb  stm32f4xx_it.o [1]
I2C_MasterReceive_BTF   0x080025a1   0x92  Code  Lc  stm32f4xx_hal_i2c.o [1]
I2C_MasterReceive_RXNE  0x08002507   0x82  Code  Lc  stm32f4xx_hal_i2c.o [1]
I2C_MasterTransmit_BTF  0x08002469   0x48  Code  Lc  stm32f4xx_hal_i2c.o [1]
I2C_MasterTransmit_TXE  0x080023ad   0xbc  Code  Lc  stm32f4xx_hal_i2c.o [1]
I2C_Master_ADDR         0x08002679   0xce  Code  Lc  stm32f4xx_hal_i2c.o [1]
LoadInt                 0x080007fb   0x6e  Code  Lc  xprintffull.o [3]
MT_LOW_SPEED            0x200001c0    0x4  Data  Gb  main.o [1]
MT_MEDIUM_SPEED         0x200001c4    0x4  Data  Gb  main.o [1]
MT_NO_SPEED             0x20000ae0    0x4  Data  Gb  main.o [1]
MX_GPIO_Init            0x08003b8b  0x10e  Code  Lc  main.o [1]
MemManage_Handler       0x08004235    0x2  Code  Gb  stm32f4xx_it.o [1]
NMI_Handler             0x08004231    0x2  Code  Gb  stm32f4xx_it.o [1]
NVIC_SetPriority        0x08002e35   0x1a  Code  Lc  stm32f4xx_hal_cortex.o [1]
PendSV_Handler          0x0800423f    0x2  Code  Gb  stm32f4xx_it.o [1]
Region$$Table$$Base     0x08004b28          --   Gb  - Linker created -
Region$$Table$$Limit    0x08004b48          --   Gb  - Linker created -
SVC_Handler             0x0800423b    0x2  Code  Gb  stm32f4xx_it.o [1]
SysTick_Handler         0x08004241    0xe  Code  Gb  stm32f4xx_it.o [1]
SystemClock_Config      0x08003adb   0xb0  Code  Gb  main.o [1]
SystemCoreClock         0x200001c8    0x4  Data  Gb  system_stm32f4xx.o [1]
SystemInit              0x08004a15   0x3a  Code  Gb  system_stm32f4xx.o [1]
TIM1_BRK_TIM9_IRQHandler
                        0x080042bf   0x12  Code  Gb  stm32f4xx_it.o [1]
TIM1_UP_TIM10_IRQHandler
                        0x080042d1   0x26  Code  Gb  stm32f4xx_it.o [1]
TIM2_IRQHandler         0x080042f7    0x6  Code  Gb  stm32f4xx_it.o [1]
TIM3_IRQHandler         0x080042fd   0x1e  Code  Gb  stm32f4xx_it.o [1]
TIM4_IRQHandler         0x0800431b    0x6  Code  Gb  stm32f4xx_it.o [1]
TIM_Base_SetConfig      0x080035a7   0x90  Code  Gb  stm32f4xx_hal_tim.o [1]
TIM_CCxChannelCmd       0x0800368b   0x18  Code  Gb  stm32f4xx_hal_tim.o [1]
TIM_ETR_SetConfig       0x08003823   0x14  Code  Lc  stm32f4xx_hal_tim.o [1]
TIM_ITRx_SetConfig      0x08003813   0x10  Code  Lc  stm32f4xx_hal_tim.o [1]
TIM_OC1_SetConfig       0x080036a3   0x4a  Code  Lc  stm32f4xx_hal_tim.o [1]
TIM_OC2_SetConfig       0x08003639   0x52  Code  Gb  stm32f4xx_hal_tim.o [1]
TIM_OC3_SetConfig       0x080036f9   0x56  Code  Lc  stm32f4xx_hal_tim.o [1]
TIM_OC4_SetConfig       0x08003755   0x46  Code  Lc  stm32f4xx_hal_tim.o [1]
TIM_TI1_ConfigInputStage
                        0x080037cd   0x22  Code  Lc  stm32f4xx_hal_tim.o [1]
TIM_TI2_ConfigInputStage
                        0x080037ef   0x24  Code  Lc  stm32f4xx_hal_tim.o [1]
UART_DMAAbortOnError    0x08003ff1   0x10  Code  Lc  stm32f4xx_hal_uart.o [1]
UART_EndRxTransfer      0x08003fd3   0x1c  Code  Lc  stm32f4xx_hal_uart.o [1]
UART_Receive_IT         0x08004001   0x7e  Code  Lc  stm32f4xx_hal_uart.o [1]
UART_SetConfig          0x0800408d  0x13a  Code  Lc  stm32f4xx_hal_uart.o [1]
USART3_IRQHandler       0x08004321    0x6  Code  Gb  stm32f4xx_it.o [1]
UsageFault_Handler      0x08004239    0x2  Code  Gb  stm32f4xx_it.o [1]
_Close_all              0x08004965   0x58  Code  Gb  xcloseall.o [3]
_EncodingSb_Mbtowc      0x08001eff   0x30  Code  Gb  xencoding_sb.o [3]
_EncodingSb_Wctomb      0x08001ee5   0x1a  Code  Gb  xencoding_sb.o [3]
_Files                  0x2000028c   0x20  Data  Gb  xfiles.o [3]
_Fofree                 0x0800483d   0x78  Code  Gb  xfofind.o [3]
_Fspos                  0x08004491   0xd6  Code  Gb  xfspos.o [3]
_Fwprep                 0x08004765   0xb6  Code  Gb  xfwprep.o [3]
_GenldFull              0x0800107f  0x24c  Code  Lc  xprintffull.o [3]
_IsdstStr               0x20000340    0x4  Data  Gb  setlocale.o [3]
_LdtobFull              0x08000c7d  0x3fc  Code  Lc  xprintffull.o [3]
_LitobFull              0x08000b75  0x106  Code  Lc  xprintffull.o [3]
_LocaleEncoding         0x08001ed1    0xe  Code  Gb  setlocale.o [3]
_LocaleReturnString     0x20000360   0x50  Data  Lc  setlocale.o [3]
_Locale_Profile         0x20000344   0x1c  Data  Gb  setlocale.o [3]
_Locale_aeabi_lconv     0x20000304   0x38  Data  Gb  localeconv.o [3]
_Locale_lconv           0x200002b4   0x50  Data  Gb  localeconv.o [3]
_Mbtowc                 0x08001313   0x20  Code  Gb  xmbtowc.o [3]
_Nnl                    0x08004619    0xa  Code  Gb  xfgpos.o [3]
_PrintfFull             0x080001ad  0x638  Code  Gb  xprintffull.o [3]
_Prout                  0x08004b91   0x16  Code  Gb  xprout.o [3]
_PutcharsFull           0x080012cb   0x2e  Code  Lc  xprintffull.o [3]
_PutstrFull             0x08000869  0x306  Code  Lc  xprintffull.o [3]
_TzoneStr               0x2000033c    0x4  Data  Gb  setlocale.o [3]
_Wctomb                 0x08001499   0x1a  Code  Gb  xwctomb.o [3]
__aeabi_cdcmple         0x080016dd         Code  Gb  DblCmpLe.o [4]
__aeabi_cdrcmple        0x0800170d         Code  Gb  DblCmpGe.o [4]
__aeabi_d2iz            0x08001851         Code  Gb  DblToI32.o [4]
__aeabi_d2uiz           0x0800187d         Code  Gb  DblToI32.o [4]
__aeabi_ddiv            0x08001bfd         Code  Gb  DblDiv.o [4]
__aeabi_dmul            0x08001a59         Code  Gb  DblMul.o [4]
__aeabi_dsub            0x080018d9         Code  Gb  DblSub.o [4]
__aeabi_errno_addr      0x08004671    0x6  Code  Gb  errno.o [3]
__aeabi_i2d             0x080018a9         Code  Gb  I32ToDbl.o [4]
__aeabi_ldiv0           0x08001f71         Code  Gb  I64DivZer.o [5]
__aeabi_ui2d            0x080018bd         Code  Gb  I32ToDbl.o [4]
__aeabi_uldivmod        0x080015ad         Code  Gb  I64DivMod.o [5]
__cexit_closeall        0x08004b6f         Code  Gb  cexit.o [5]
__close                 0x08004933   0x1a  Code  Gb  close.o [6]
__cmain                 0x08004b49         Code  Gb  cmain.o [5]
__cstart_closeall       0x08004d14         Data  Gb  cstart_closeall.o [5]
__data_Aldata           0x20000ad8    0x8  Data  Gb  xxmemxmalloc.o [3]
__data_GetMemChunk      0x08001f45   0x2c  Code  Gb  xgetmemchunk.o [3]
__dwrite                0x08004691   0x1e  Code  Gb  dwrite.o [6]
__exit                  0x08004b7d   0x14  Code  Gb  exit.o [6]
__iar_Dnorm             0x0800169b   0x42  Code  Gb  xdnorm.o [4]
__iar_Dscale            0x0800173d  0x114  Code  Gb  xdscale.o [4]
__iar_Errno             0x200003b0    0x4  Data  Gb  errno.o [3]
__iar_Locale_lconv_init
                        0x08001e55   0x3a  Code  Gb  localeconv.o [3]
__iar_Lockfilelock      0x0800467d    0x2  Code  Gb  xsyslock_nop.o [3]
__iar_Mbcurmax          0x080013dd    0xa  Code  Gb  xmbcurmax.o [3]
__iar_Memchr            0x08001385         Code  Gb  memchr.o [5]
__iar_Stderr            0x2000024c   0x40  Data  Gb  xfiles.o [3]
__iar_Stdin             0x200001cc   0x40  Data  Gb  xfiles.o [3]
__iar_Stdout            0x2000020c   0x40  Data  Gb  xfiles.o [3]
__iar_Strchr            0x08001335         Code  Gb  strchr.o [5]
__iar_Unlockfilelock    0x0800467f    0x2  Code  Gb  xsyslock_nop.o [3]
__iar_close_ttio        0x080046f1   0x2e  Code  Gb  iarttio.o [6]
__iar_d2uiz             0x08001889         Code  Gb  DblToI32.o [4]
__iar_dadd              0x08001f75         Code  Gb  DblAdd.o [4]
__iar_data_init3        0x08004add   0x28  Code  Gb  data_init.o [5]
__iar_dlib_perthread_access
                        0x08002049    0x2  Code  Gb  xtls.o [3]
__iar_dsub              0x080018ed         Code  Gb  DblSub.o [4]
__iar_dsubStart         0x080018ff         Code  Gb  DblSub.o [4]
__iar_get_ttio          0x08004721   0x38  Code  Gb  iarttio.o [6]
__iar_init_vfp          0x08004b05         Code  Gb  fpinit_M.o [4]
__iar_lookup_ttioh      0x0800475d    0x8  Code  Gb  XShttio.o [3]
__iar_packbits_init_single3
                        0x08004aa5   0x38  Code  Gb  packbits_init_single.o [5]
__iar_program_start     0x08004bc5         Code  Gb  cstartup_M.o [5]
__iar_sh_Discard        0x080043b1   0x44  Code  Gb  XShHandles.o [3]
__iar_sh_Move           0x080043fb   0x4c  Code  Gb  XShHandles.o [3]
__iar_sh_Pos            0x08004447   0x44  Code  Gb  XShHandles.o [3]
__iar_sh_stdout         0x080046af   0x20  Code  Gb  iarwstd.o [6]
__iar_sh_write          0x080046cf   0x22  Code  Gb  iarwrite.o [6]
__iar_ttio_handles      0x200002ac    0x8  Data  Lc  XShttio.o [3]
__iar_ui2d              0x080018c1         Code  Gb  I32ToDbl.o [4]
__iar_unaligned___aeabi_memcpy
                        0x080014b5         Code  Gb  ABImemcpy_unaligned.o [5]
__iar_unaligned___aeabi_memcpy4
                        0x080014d5         Code  Gb  ABImemcpy_unaligned.o [5]
__iar_unaligned___aeabi_memcpy8
                        0x080014d5         Code  Gb  ABImemcpy_unaligned.o [5]
__iar_zero_init3        0x08004a65   0x40  Code  Gb  zero_init3.o [5]
__low_level_init        0x08004b63    0x4  Code  Gb  low_level_init.o [3]
__lseek                 0x08004623   0x4c  Code  Gb  lseek.o [6]
__vector_table          0x08000000         Data  Gb  startup_stm32f429xx.o [1]
__write                 0x08004681   0x10  Code  Gb  write.o [6]
_call_main              0x08004b55         Code  Gb  cmain.o [5]
_exit                   0x08004b6d         Code  Gb  cexit.o [5]
_main                   0x08004b5f         Code  Gb  cmain.o [5]
div                     0x08001ec1    0xe  Code  Gb  div.o [3]
ebuf                    0x20000a38   0x50  Data  Lc  xfiles.o [3]
exit                    0x08004b67    0x4  Code  Gb  exit.o [3]
fclose                  0x080048b9   0x7a  Code  Gb  fclose.o [3]
fflush                  0x080045df   0x34  Code  Gb  fflush.o [3]
fflushOne               0x08004569   0x76  Code  Lc  fflush.o [3]
fputc                   0x080049bd   0x56  Code  Gb  fputc.o [3]
free                    0x0800152d   0x7a  Code  Gb  xxmemxfree.o [3]
fseek                   0x0800481b   0x22  Code  Gb  fseek.o [3]
hi2c3                   0x20000040   0x54  Data  Gb  main.o [1]
htim1                   0x20000094   0x3c  Data  Gb  main.o [1]
htim2                   0x200000d0   0x3c  Data  Gb  main.o [1]
htim3                   0x2000010c   0x3c  Data  Gb  main.o [1]
htim4                   0x20000148   0x3c  Data  Gb  main.o [1]
htim9                   0x20000184   0x3c  Data  Gb  main.o [1]
huart3                  0x20000000   0x40  Data  Gb  main.o [1]
localeconv              0x08001e8f   0x16  Code  Gb  localeconv.o [3]
main                    0x08003889  0x234  Code  Gb  main.o [1]
malloc                  0x080013e9   0xac  Code  Gb  xxmemxmalloc.o [3]
memchr                  0x08001385         Code  Gb  memchr.o [5]
motors_stop             0x08003cfb   0x18  Code  Gb  main.o [1]
move_backward           0x08003cd3   0x20  Code  Gb  main.o [1]
move_forward            0x08003ca5   0x22  Code  Gb  main.o [1]
obuf                    0x20000a88   0x50  Data  Lc  xfiles.o [3]
printf                  0x0800438d   0x24  Code  Gb  printf.o [3]
putchar                 0x08004ba9    0xc  Code  Gb  putchar.o [3]
remove                  0x0800494d   0x16  Code  Gb  remove.o [6]
sFileInfo               0x200009b8   0x80  Data  Lc  XShHandles.o [3]
strchr                  0x08001335         Code  Gb  strchr.o [5]
strlen                  0x0800134d         Code  Gb  strlen.o [5]
time                    0x20000ae8    0x4  Data  Gb  stm32f4xx_it.o [1]
turn_left               0x08003d3b   0x16  Code  Gb  main.o [1]
turn_right              0x08003d13   0x18  Code  Gb  main.o [1]
uwTick                  0x20000ae4    0x4  Data  Gb  stm32f4xx_hal.o [1]


[1] = C:\stm_projects\disco_dc_motors\EWARM\disco_dc_motors\Obj
[2] = command line
[3] = dl7M_tlf.a
[4] = m7M_tls.a
[5] = rt7M_tl.a
[6] = shb_l.a

  19 698 bytes of readonly  code memory
     188 bytes of readonly  data memory
   2 796 bytes of readwrite data memory

Errors: none
Warnings: none
