###############################################################################
#
# IAR ELF Linker V7.50.2.10312/W32 for ARM                16/Oct/2016  19:10:43
# Copyright 2007-2015 IAR Systems AB.
#
#    Output file  =  
#        C:\stm_projects\disco_dc_motors\EWARM\disco_dc_motors\Exe\disco_dc_motors.out
#    Map file     =  
#        C:\stm_projects\disco_dc_motors\EWARM\disco_dc_motors\List\disco_dc_motors.map
#    Command line =  
#        C:\stm_projects\disco_dc_motors\EWARM\disco_dc_motors\Obj\main.o
#        C:\stm_projects\disco_dc_motors\EWARM\disco_dc_motors\Obj\motors.o
#        C:\stm_projects\disco_dc_motors\EWARM\disco_dc_motors\Obj\startup_stm32f429xx.o
#        C:\stm_projects\disco_dc_motors\EWARM\disco_dc_motors\Obj\stm32f4xx_hal.o
#        C:\stm_projects\disco_dc_motors\EWARM\disco_dc_motors\Obj\stm32f4xx_hal_cortex.o
#        C:\stm_projects\disco_dc_motors\EWARM\disco_dc_motors\Obj\stm32f4xx_hal_dma.o
#        C:\stm_projects\disco_dc_motors\EWARM\disco_dc_motors\Obj\stm32f4xx_hal_dma_ex.o
#        C:\stm_projects\disco_dc_motors\EWARM\disco_dc_motors\Obj\stm32f4xx_hal_flash.o
#        C:\stm_projects\disco_dc_motors\EWARM\disco_dc_motors\Obj\stm32f4xx_hal_flash_ex.o
#        C:\stm_projects\disco_dc_motors\EWARM\disco_dc_motors\Obj\stm32f4xx_hal_flash_ramfunc.o
#        C:\stm_projects\disco_dc_motors\EWARM\disco_dc_motors\Obj\stm32f4xx_hal_gpio.o
#        C:\stm_projects\disco_dc_motors\EWARM\disco_dc_motors\Obj\stm32f4xx_hal_msp.o
#        C:\stm_projects\disco_dc_motors\EWARM\disco_dc_motors\Obj\stm32f4xx_hal_pwr.o
#        C:\stm_projects\disco_dc_motors\EWARM\disco_dc_motors\Obj\stm32f4xx_hal_pwr_ex.o
#        C:\stm_projects\disco_dc_motors\EWARM\disco_dc_motors\Obj\stm32f4xx_hal_rcc.o
#        C:\stm_projects\disco_dc_motors\EWARM\disco_dc_motors\Obj\stm32f4xx_hal_rcc_ex.o
#        C:\stm_projects\disco_dc_motors\EWARM\disco_dc_motors\Obj\stm32f4xx_hal_tim.o
#        C:\stm_projects\disco_dc_motors\EWARM\disco_dc_motors\Obj\stm32f4xx_hal_tim_ex.o
#        C:\stm_projects\disco_dc_motors\EWARM\disco_dc_motors\Obj\stm32f4xx_hal_uart.o
#        C:\stm_projects\disco_dc_motors\EWARM\disco_dc_motors\Obj\stm32f4xx_it.o
#        C:\stm_projects\disco_dc_motors\EWARM\disco_dc_motors\Obj\system_stm32f4xx.o
#        --redirect _Printf=_PrintfFull --redirect _Scanf=_ScanfFull -o
#        C:\stm_projects\disco_dc_motors\EWARM\disco_dc_motors\Exe\disco_dc_motors.out
#        --map
#        C:\stm_projects\disco_dc_motors\EWARM\disco_dc_motors\List\disco_dc_motors.map
#        --config C:\stm_projects\disco_dc_motors\EWARM/stm32f429xx_flash.icf
#        --semihosting --entry __iar_program_start --vfe
#
###############################################################################

*******************************************************************************
*** RUNTIME MODEL ATTRIBUTES
***

CppFlavor                     = *
__Heap_Handler                = Basic
__SystemLibrary               = DLib
__dlib_dynamic_initialization = normal


*******************************************************************************
*** PLACEMENT SUMMARY
***

"A1":  place at 0x08000000 { ro section .intvec };
"P1":  place in [from 0x08000000 to 0x081fffff] { ro };
"P2":  place in [from 0x20000000 to 0x2002ffff] { rw, block CSTACK, block HEAP };

  Section             Kind        Address    Size  Object
  -------             ----        -------    ----  ------
"A1":                                       0x1ac
  .intvec             ro code  0x08000000   0x1ac  startup_stm32f429xx.o [1]
                             - 0x080001ac   0x1ac

"P1":                                      0x42d2
  .text               ro code  0x080001ac  0x1166  xprintffull.o [3]
  .text               ro code  0x08001312    0x20  xmbtowc.o [3]
  .text               ro code  0x08001334    0x16  strchr.o [5]
  .text               ro code  0x0800134c    0x36  strlen.o [5]
  .text               ro code  0x08001384    0x58  memchr.o [5]
  .text               ro code  0x080013dc     0xa  xmbcurmax.o [3]
  .text               ro code  0x080013e8    0xb0  xxmemxmalloc.o [3]
  .text               ro code  0x08001498    0x1a  xwctomb.o [3]
  .text               ro code  0x080014b4    0x76  ABImemcpy_unaligned.o [5]
  .text               ro code  0x0800152c    0x80  xxmemxfree.o [3]
  .text               ro code  0x080015ac    0xee  I64DivMod.o [5]
  .text               ro code  0x0800169a    0x42  xdnorm.o [4]
  .text               ro code  0x080016dc    0x2e  DblCmpLe.o [4]
  .text               ro code  0x0800170c    0x2e  DblCmpGe.o [4]
  .text               ro code  0x0800173c   0x114  xdscale.o [4]
  .text               ro code  0x08001850    0x58  DblToI32.o [4]
  .text               ro code  0x080018a8    0x30  I32ToDbl.o [4]
  .text               ro code  0x080018d8   0x180  DblSub.o [4]
  .text               ro code  0x08001a58   0x1a2  DblMul.o [4]
  .text               ro code  0x08001bfc   0x256  DblDiv.o [4]
  .text               ro code  0x08001e54    0x6c  localeconv.o [3]
  .text               ro code  0x08001ec0     0xe  div.o [3]
  .text               ro code  0x08001ed0    0x14  setlocale.o [3]
  .text               ro code  0x08001ee4    0x60  xencoding_sb.o [3]
  .text               ro code  0x08001f44    0x2c  xgetmemchunk.o [3]
  .text               ro code  0x08001f70     0x2  I64DivZer.o [5]
  .text               ro code  0x08001f74    0xd4  DblAdd.o [4]
  .text               ro code  0x08002048     0x2  xtls.o [3]
  .text               ro code  0x0800204c   0x65e  stm32f4xx_hal_tim.o [1]
  .text               ro code  0x080026ac   0x18c  stm32f4xx_hal_msp.o [1]
  .text               ro code  0x08002838    0x4e  stm32f4xx_hal_tim_ex.o [1]
  .text               ro code  0x08002888    0xe2  stm32f4xx_hal_cortex.o [1]
  .text               ro code  0x0800296c   0x236  stm32f4xx_hal_gpio.o [1]
  .text               ro code  0x08002ba4   0x4bc  main.o [1]
  .text               ro code  0x08003060    0x88  stm32f4xx_hal.o [1]
  .text               ro code  0x080030e8   0x452  stm32f4xx_hal_uart.o [1]
  .text               ro code  0x0800353c    0x24  printf.o [3]
  .text               ro code  0x08003560   0x434  stm32f4xx_hal_rcc.o [1]
  .text               ro code  0x08003994    0x24  stm32f4xx_hal_dma.o [1]
  .text               ro code  0x080039b8    0xe0  XShHandles.o [3]
  .text               ro code  0x08003a98    0xd6  xfspos.o [3]
  .text               ro code  0x08003b70    0xb0  fflush.o [3]
  .text               ro code  0x08003c20     0xa  xfgpos.o [3]
  .text               ro code  0x08003c2a    0x4c  lseek.o [6]
  .text               ro code  0x08003c78     0xc  errno.o [3]
  .text               ro code  0x08003c84     0x4  xsyslock_nop.o [3]
  .text               ro code  0x08003c88    0x10  write.o [6]
  .text               ro code  0x08003c98    0x1e  dwrite.o [6]
  .text               ro code  0x08003cb6    0x20  iarwstd.o [6]
  .text               ro code  0x08003cd6    0x22  iarwrite.o [6]
  .text               ro code  0x08003cf8    0x6c  iarttio.o [6]
  .text               ro code  0x08003d64     0x8  XShttio.o [3]
  .text               ro code  0x08003d6c    0xbc  stm32f4xx_it.o [1]
  .text               ro code  0x08003e28    0xb6  xfwprep.o [3]
  .text               ro code  0x08003ede    0x22  fseek.o [3]
  .text               ro code  0x08003f00    0x7c  xfofind.o [3]
  .text               ro code  0x08003f7c    0x7a  fclose.o [3]
  .text               ro code  0x08003ff6    0x1a  close.o [6]
  .text               ro code  0x08004010    0x16  remove.o [6]
  .text               ro code  0x08004028    0x58  xcloseall.o [3]
  .text               ro code  0x08004080    0x56  fputc.o [3]
  .text               ro code  0x080040d8    0x50  system_stm32f4xx.o [1]
  .text               ro code  0x08004128    0x40  zero_init3.o [5]
  .text               ro code  0x08004168    0x38  packbits_init_single.o [5]
  .text               ro code  0x080041a0    0x28  data_init.o [5]
  .text               ro code  0x080041c8    0x22  fpinit_M.o [4]
  .iar.init_table     const    0x080041ec    0x20  - Linker created -
  .text               ro code  0x0800420c    0x1a  cmain.o [5]
  .text               ro code  0x08004226     0x4  low_level_init.o [3]
  .text               ro code  0x0800422a     0x4  exit.o [3]
  .text               ro code  0x08004230     0xe  cexit.o [5]
  .text               ro code  0x08004240    0x14  exit.o [6]
  .text               ro code  0x08004254    0x16  xprout.o [3]
  .text               ro code  0x0800426c     0xc  putchar.o [3]
  .text               ro code  0x08004278    0x10  startup_stm32f429xx.o [1]
  .text               ro code  0x08004288     0xc  cstartup_M.o [5]
  .text               ro code  0x08004294     0x4  startup_stm32f429xx.o [1]
  .text               ro code  0x08004298     0x4  startup_stm32f429xx.o [1]
  .text               ro code  0x0800429c     0x4  startup_stm32f429xx.o [1]
  .text               ro code  0x080042a0     0x4  startup_stm32f429xx.o [1]
  .text               ro code  0x080042a4     0x4  startup_stm32f429xx.o [1]
  .text               ro code  0x080042a8     0x4  startup_stm32f429xx.o [1]
  .text               ro code  0x080042ac     0x4  startup_stm32f429xx.o [1]
  .text               ro code  0x080042b0     0x4  startup_stm32f429xx.o [1]
  .text               ro code  0x080042b4     0x4  startup_stm32f429xx.o [1]
  .text               ro code  0x080042b8     0x4  startup_stm32f429xx.o [1]
  .text               ro code  0x080042bc     0x4  startup_stm32f429xx.o [1]
  .text               ro code  0x080042c0     0x4  startup_stm32f429xx.o [1]
  .text               ro code  0x080042c4     0x4  startup_stm32f429xx.o [1]
  .text               ro code  0x080042c8     0x4  startup_stm32f429xx.o [1]
  .text               ro code  0x080042cc     0x4  startup_stm32f429xx.o [1]
  .text               ro code  0x080042d0     0x4  startup_stm32f429xx.o [1]
  .text               ro code  0x080042d4     0x4  startup_stm32f429xx.o [1]
  .text               ro code  0x080042d8     0x4  startup_stm32f429xx.o [1]
  .text               ro code  0x080042dc     0x4  startup_stm32f429xx.o [1]
  .text               ro code  0x080042e0     0x4  startup_stm32f429xx.o [1]
  .text               ro code  0x080042e4     0x4  startup_stm32f429xx.o [1]
  .text               ro code  0x080042e8     0x4  startup_stm32f429xx.o [1]
  .text               ro code  0x080042ec     0x4  startup_stm32f429xx.o [1]
  .text               ro code  0x080042f0     0x4  startup_stm32f429xx.o [1]
  .text               ro code  0x080042f4     0x4  startup_stm32f429xx.o [1]
  .text               ro code  0x080042f8     0x4  startup_stm32f429xx.o [1]
  .text               ro code  0x080042fc     0x4  startup_stm32f429xx.o [1]
  .text               ro code  0x08004300     0x4  startup_stm32f429xx.o [1]
  .text               ro code  0x08004304     0x4  startup_stm32f429xx.o [1]
  .text               ro code  0x08004308     0x4  startup_stm32f429xx.o [1]
  .text               ro code  0x0800430c     0x4  startup_stm32f429xx.o [1]
  .text               ro code  0x08004310     0x4  startup_stm32f429xx.o [1]
  .text               ro code  0x08004314     0x4  startup_stm32f429xx.o [1]
  .text               ro code  0x08004318     0x4  startup_stm32f429xx.o [1]
  .text               ro code  0x0800431c     0x4  startup_stm32f429xx.o [1]
  .text               ro code  0x08004320     0x4  startup_stm32f429xx.o [1]
  .text               ro code  0x08004324     0x4  startup_stm32f429xx.o [1]
  .text               ro code  0x08004328     0x4  startup_stm32f429xx.o [1]
  .text               ro code  0x0800432c     0x4  startup_stm32f429xx.o [1]
  .text               ro code  0x08004330     0x4  startup_stm32f429xx.o [1]
  .text               ro code  0x08004334     0x4  startup_stm32f429xx.o [1]
  .text               ro code  0x08004338     0x4  startup_stm32f429xx.o [1]
  .text               ro code  0x0800433c     0x4  startup_stm32f429xx.o [1]
  .text               ro code  0x08004340     0x4  startup_stm32f429xx.o [1]
  .text               ro code  0x08004344     0x4  startup_stm32f429xx.o [1]
  .text               ro code  0x08004348     0x4  startup_stm32f429xx.o [1]
  .text               ro code  0x0800434c     0x4  startup_stm32f429xx.o [1]
  .text               ro code  0x08004350     0x4  startup_stm32f429xx.o [1]
  .text               ro code  0x08004354     0x4  startup_stm32f429xx.o [1]
  .text               ro code  0x08004358     0x4  startup_stm32f429xx.o [1]
  .text               ro code  0x0800435c     0x4  startup_stm32f429xx.o [1]
  .text               ro code  0x08004360     0x4  startup_stm32f429xx.o [1]
  .text               ro code  0x08004364     0x4  startup_stm32f429xx.o [1]
  .text               ro code  0x08004368     0x4  startup_stm32f429xx.o [1]
  .text               ro code  0x0800436c     0x4  startup_stm32f429xx.o [1]
  .text               ro code  0x08004370     0x4  startup_stm32f429xx.o [1]
  .text               ro code  0x08004374     0x4  startup_stm32f429xx.o [1]
  .text               ro code  0x08004378     0x4  startup_stm32f429xx.o [1]
  .text               ro code  0x0800437c     0x4  startup_stm32f429xx.o [1]
  .text               ro code  0x08004380     0x4  startup_stm32f429xx.o [1]
  .text               ro code  0x08004384     0x4  startup_stm32f429xx.o [1]
  .text               ro code  0x08004388     0x4  startup_stm32f429xx.o [1]
  .text               ro code  0x0800438c     0x4  startup_stm32f429xx.o [1]
  .text               ro code  0x08004390     0x4  startup_stm32f429xx.o [1]
  .text               ro code  0x08004394     0x4  startup_stm32f429xx.o [1]
  .text               ro code  0x08004398     0x4  startup_stm32f429xx.o [1]
  .text               ro code  0x0800439c     0x4  startup_stm32f429xx.o [1]
  .text               ro code  0x080043a0     0x4  startup_stm32f429xx.o [1]
  .text               ro code  0x080043a4     0x4  startup_stm32f429xx.o [1]
  .text               ro code  0x080043a8     0x4  startup_stm32f429xx.o [1]
  .text               ro code  0x080043ac     0x4  startup_stm32f429xx.o [1]
  .text               ro code  0x080043b0     0x4  startup_stm32f429xx.o [1]
  .text               ro code  0x080043b4     0x4  startup_stm32f429xx.o [1]
  .text               ro code  0x080043b8     0x4  startup_stm32f429xx.o [1]
  .text               ro code  0x080043bc     0x4  startup_stm32f429xx.o [1]
  .text               ro code  0x080043c0     0x4  startup_stm32f429xx.o [1]
  .text               ro code  0x080043c4     0x4  startup_stm32f429xx.o [1]
  .text               ro code  0x080043c8     0x4  startup_stm32f429xx.o [1]
  .text               ro code  0x080043cc     0x4  startup_stm32f429xx.o [1]
  .text               ro code  0x080043d0     0x4  startup_stm32f429xx.o [1]
  .text               ro code  0x080043d4     0x4  startup_stm32f429xx.o [1]
  .text               ro code  0x080043d8     0x4  startup_stm32f429xx.o [1]
  .text               ro code  0x080043dc     0x4  startup_stm32f429xx.o [1]
  .text               ro code  0x080043e0     0x4  startup_stm32f429xx.o [1]
  .text               ro code  0x080043e4     0x4  startup_stm32f429xx.o [1]
  .text               ro code  0x080043e8     0x0  cstart_closeall.o [5]
  .rodata             const    0x080043e8     0x0  zero_init3.o [5]
  .rodata             const    0x080043e8     0x0  packbits_init_single.o [5]
  Initializer bytes   const    0x080043e8    0x96  <for P2-1>
                             - 0x0800447e  0x42d2

"P2", part 1 of 3:                          0x2ec
  P2-1                         0x20000000   0x2ec  <Init block>
    .data             inited   0x20000000    0xfc  main.o [1]
    .data             inited   0x200000fc     0x4  main.o [1]
    .data             inited   0x20000100     0x4  system_stm32f4xx.o [1]
    .data             inited   0x20000104    0x40  xfiles.o [3]
    .data             inited   0x20000144    0x40  xfiles.o [3]
    .data             inited   0x20000184    0x40  xfiles.o [3]
    .data             inited   0x200001c4    0x20  xfiles.o [3]
    .data             inited   0x200001e4     0x8  XShttio.o [3]
    __DLIB_PERTHREAD  inited   0x200001ec    0x88  localeconv.o [3]
    __DLIB_PERTHREAD  inited   0x20000274    0x74  setlocale.o [3]
    __DLIB_PERTHREAD  inited   0x200002e8     0x4  errno.o [3]
                             - 0x200002ec   0x2ec

"P2", part 2 of 3:                          0x600
  CSTACK                       0x200002f0   0x400  <Block>
    CSTACK            uninit   0x200002f0   0x400  <Block tail>
  HEAP                         0x200006f0   0x200  <Block>
    HEAP              uninit   0x200006f0   0x200  <Block tail>
                             - 0x200008f0   0x600

"P2", part 3 of 3:                          0x138
  .bss                zero     0x200008f0    0x80  XShHandles.o [3]
  .bss                zero     0x20000970    0x50  xfiles.o [3]
  .bss                zero     0x200009c0    0x50  xfiles.o [3]
  .bss                zero     0x20000a10     0x8  xxmemxmalloc.o [3]
  .bss                zero     0x20000a18     0x4  main.o [1]
  .bss                zero     0x20000a1c     0x4  stm32f4xx_hal.o [1]
  .bss                zero     0x20000a20     0x4  stm32f4xx_it.o [1]
  .bss                zero     0x20000a24     0x4  xgetmemchunk.o [3]
                             - 0x20000a28   0x138


*******************************************************************************
*** INIT TABLE
***

          Address     Size
          -------     ----
Zero (__iar_zero_init3)
    1 destination range, total size 0x138:
          0x200008f0  0x138

Copy/packbits (__iar_packbits_init_single3)
    1 source range, total size 0x96 (20% of destination):
          0x080043e8   0x96
    1 destination range, total size 0x2ec:
          0x20000000  0x2ec



*******************************************************************************
*** MODULE SUMMARY
***

    Module                  ro code  ro data  rw data
    ------                  -------  -------  -------
C:\stm_projects\disco_dc_motors\EWARM\disco_dc_motors\Obj: [1]
    main.o                    1 212       51      260
    startup_stm32f429xx.o       784
    stm32f4xx_hal.o             136                 4
    stm32f4xx_hal_cortex.o      226
    stm32f4xx_hal_dma.o          36
    stm32f4xx_hal_gpio.o        566
    stm32f4xx_hal_msp.o         396
    stm32f4xx_hal_rcc.o       1 076
    stm32f4xx_hal_tim.o       1 630
    stm32f4xx_hal_tim_ex.o       78
    stm32f4xx_hal_uart.o      1 106
    stm32f4xx_it.o              188                 4
    system_stm32f4xx.o           80        1        4
    -------------------------------------------------
    Total:                    7 514       52      272

command line: [2]
    -------------------------------------------------
    Total:

dl7M_tlf.a: [3]
    XShHandles.o                224               128
    XShttio.o                     8        1        8
    div.o                        14
    errno.o                      12        1        4
    exit.o                        4
    fclose.o                    122
    fflush.o                    176
    fputc.o                      86
    fseek.o                      34
    localeconv.o                108       27      136
    low_level_init.o              4
    printf.o                     36
    putchar.o                    12
    setlocale.o                  20       24      116
    xcloseall.o                  88
    xencoding_sb.o               96
    xfgpos.o                     10
    xfiles.o                              45      384
    xfofind.o                   124
    xfspos.o                    214
    xfwprep.o                   182
    xgetmemchunk.o               44                 4
    xmbcurmax.o                  10
    xmbtowc.o                    32
    xprintffull.o             4 454
    xprout.o                     22
    xsyslock_nop.o                4
    xtls.o                        2
    xwctomb.o                    26
    xxmemxfree.o                128
    xxmemxmalloc.o              176                 8
    -------------------------------------------------
    Total:                    6 472       98      788

m7M_tls.a: [4]
    DblAdd.o                    212
    DblCmpGe.o                   46
    DblCmpLe.o                   46
    DblDiv.o                    598
    DblMul.o                    418
    DblSub.o                    384
    DblToI32.o                   88
    I32ToDbl.o                   48
    fpinit_M.o                   34
    xdnorm.o                     66
    xdscale.o                   276
    -------------------------------------------------
    Total:                    2 216

rt7M_tl.a: [5]
    ABImemcpy_unaligned.o       118
    I64DivMod.o                 238
    I64DivZer.o                   2
    cexit.o                      14
    cmain.o                      26
    cstart_closeall.o
    cstartup_M.o                 12
    data_init.o                  40
    memchr.o                     88
    packbits_init_single.o       56
    strchr.o                     22
    strlen.o                     54
    zero_init3.o                 64
    -------------------------------------------------
    Total:                      734

shb_l.a: [6]
    close.o                      26
    dwrite.o                     30
    exit.o                       20
    iarttio.o                   108
    iarwrite.o                   34
    iarwstd.o                    32
    lseek.o                      76
    remove.o                     22
    write.o                      16
    -------------------------------------------------
    Total:                      364

    Gaps                         50        2
    Linker created                        32    1 536
-----------------------------------------------------
    Grand Total:             17 350      184    2 596


*******************************************************************************
*** ENTRY LIST
***

Entry                      Address   Size  Type      Object
-----                      -------   ----  ----      ------
.iar.init_table$$Base   0x080041ec          --   Gb  - Linker created -
.iar.init_table$$Limit  0x0800420c          --   Gb  - Linker created -
?main                   0x0800420d         Code  Gb  cmain.o [5]
APBAHBPrescTable        0x08003984   0x10  Data  Gb  stm32f4xx_hal_rcc.o [1]
BusFault_Handler        0x08003d73    0x2  Code  Gb  stm32f4xx_it.o [1]
CSTACK$$Base            0x200002f0          --   Gb  - Linker created -
CSTACK$$Limit           0x200006f0          --   Gb  - Linker created -
DebugMon_Handler        0x08003d79    0x2  Code  Gb  stm32f4xx_it.o [1]
EXTI0_IRQHandler        0x08003d8b   0x46  Code  Gb  stm32f4xx_it.o [1]
EXTI9_5_IRQHandler      0x08003dd1   0x14  Code  Gb  stm32f4xx_it.o [1]
HAL_DMA_Abort_IT        0x08003995   0x24  Code  Gb  stm32f4xx_hal_dma.o [1]
HAL_Delay               0x080030c5   0x18  Code  Wk  stm32f4xx_hal.o [1]
HAL_GPIO_EXTI_Callback  0x08002ba1    0x2  Code  Wk  stm32f4xx_hal_gpio.o [1]
HAL_GPIO_EXTI_IRQHandler
                        0x08002b53   0x14  Code  Gb  stm32f4xx_hal_gpio.o [1]
HAL_GPIO_Init           0x0800296d  0x1ca  Code  Gb  stm32f4xx_hal_gpio.o [1]
HAL_GPIO_ReadPin        0x08002b37    0xc  Code  Gb  stm32f4xx_hal_gpio.o [1]
HAL_GPIO_TogglePin      0x08002b4b    0x8  Code  Gb  stm32f4xx_hal_gpio.o [1]
HAL_GPIO_WritePin       0x08002b43    0x8  Code  Gb  stm32f4xx_hal_gpio.o [1]
HAL_GetTick             0x080030bf    0x6  Code  Wk  stm32f4xx_hal.o [1]
HAL_IncTick             0x080030b5    0xa  Code  Wk  stm32f4xx_hal.o [1]
HAL_Init                0x08003061   0x30  Code  Gb  stm32f4xx_hal.o [1]
HAL_InitTick            0x08003091   0x24  Code  Wk  stm32f4xx_hal.o [1]
HAL_MspInit             0x080026ad   0x60  Code  Gb  stm32f4xx_hal_msp.o [1]
HAL_NVIC_EnableIRQ      0x080028f7    0xc  Code  Gb  stm32f4xx_hal_cortex.o [1]
HAL_NVIC_SetPriority    0x080028bd   0x3a  Code  Gb  stm32f4xx_hal_cortex.o [1]
HAL_NVIC_SetPriorityGrouping
                        0x080028a3   0x1a  Code  Gb  stm32f4xx_hal_cortex.o [1]
HAL_RCC_ClockConfig     0x080037ab  0x12c  Code  Gb  stm32f4xx_hal_rcc.o [1]
HAL_RCC_GetHCLKFreq     0x0800392b    0x6  Code  Gb  stm32f4xx_hal_rcc.o [1]
HAL_RCC_GetPCLK1Freq    0x08003931   0x12  Code  Gb  stm32f4xx_hal_rcc.o [1]
HAL_RCC_GetPCLK2Freq    0x08003943   0x10  Code  Gb  stm32f4xx_hal_rcc.o [1]
HAL_RCC_GetSysClockFreq
                        0x080038e5   0x46  Code  Wk  stm32f4xx_hal_rcc.o [1]
HAL_RCC_OscConfig       0x08003561  0x242  Code  Wk  stm32f4xx_hal_rcc.o [1]
HAL_SYSTICK_CLKSourceConfig
                        0x08002933   0x14  Code  Gb  stm32f4xx_hal_cortex.o [1]
HAL_SYSTICK_Callback    0x08002969    0x2  Code  Wk  stm32f4xx_hal_cortex.o [1]
HAL_SYSTICK_Config      0x0800290b   0x28  Code  Gb  stm32f4xx_hal_cortex.o [1]
HAL_SYSTICK_IRQHandler  0x08002961    0x8  Code  Gb  stm32f4xx_hal_cortex.o [1]
HAL_TIMEx_BreakCallback
                        0x08002885    0x2  Code  Wk  stm32f4xx_hal_tim_ex.o [1]
HAL_TIMEx_CommutationCallback
                        0x08002883    0x2  Code  Wk  stm32f4xx_hal_tim_ex.o [1]
HAL_TIMEx_MasterConfigSynchronization
                        0x08002839   0x4a  Code  Gb  stm32f4xx_hal_tim_ex.o [1]
HAL_TIM_Base_Init       0x0800204d   0x1a  Code  Gb  stm32f4xx_hal_tim.o [1]
HAL_TIM_Base_MspInit    0x0800270d   0x62  Code  Gb  stm32f4xx_hal_msp.o [1]
HAL_TIM_Base_Start_IT   0x08002067   0x16  Code  Gb  stm32f4xx_hal_tim.o [1]
HAL_TIM_Base_Stop_IT    0x0800207d   0x2a  Code  Gb  stm32f4xx_hal_tim.o [1]
HAL_TIM_ConfigClockSource
                        0x08002341   0xa8  Code  Gb  stm32f4xx_hal_tim.o [1]
HAL_TIM_IC_CaptureCallback
                        0x08002415    0x2  Code  Wk  stm32f4xx_hal_tim.o [1]
HAL_TIM_IRQHandler      0x08002121  0x14a  Code  Gb  stm32f4xx_hal_tim.o [1]
HAL_TIM_MspPostInit     0x08002795   0x2c  Code  Gb  stm32f4xx_hal_msp.o [1]
HAL_TIM_OC_DelayElapsedCallback
                        0x08002413    0x2  Code  Wk  stm32f4xx_hal_tim.o [1]
HAL_TIM_PWM_ConfigChannel
                        0x0800226b   0xb8  Code  Gb  stm32f4xx_hal_tim.o [1]
HAL_TIM_PWM_Init        0x080020d1   0x1a  Code  Gb  stm32f4xx_hal_tim.o [1]
HAL_TIM_PWM_MspInit     0x0800276f   0x26  Code  Gb  stm32f4xx_hal_msp.o [1]
HAL_TIM_PWM_PulseFinishedCallback
                        0x08002417    0x2  Code  Wk  stm32f4xx_hal_tim.o [1]
HAL_TIM_PWM_Start       0x080020f3   0x14  Code  Gb  stm32f4xx_hal_tim.o [1]
HAL_TIM_PeriodElapsedCallback
                        0x08002411    0x2  Code  Wk  stm32f4xx_hal_tim.o [1]
HAL_TIM_TriggerCallback
                        0x08002419    0x2  Code  Wk  stm32f4xx_hal_tim.o [1]
HAL_UART_ErrorCallback  0x08003301    0x2  Code  Wk  stm32f4xx_hal_uart.o [1]
HAL_UART_IRQHandler     0x080031a9  0x148  Code  Gb  stm32f4xx_hal_uart.o [1]
HAL_UART_Init           0x080030e9   0x28  Code  Gb  stm32f4xx_hal_uart.o [1]
HAL_UART_MspInit        0x080027c1   0x58  Code  Gb  stm32f4xx_hal_msp.o [1]
HAL_UART_Receive_IT     0x08003157   0x4c  Code  Gb  stm32f4xx_hal_uart.o [1]
HAL_UART_RxCpltCallback
                        0x080032ff    0x2  Code  Wk  stm32f4xx_hal_uart.o [1]
HAL_UART_TxCpltCallback
                        0x080032fd    0x2  Code  Wk  stm32f4xx_hal_uart.o [1]
HEAP$$Base              0x200006f0          --   Gb  - Linker created -
HEAP$$Limit             0x200008f0          --   Gb  - Linker created -
HardFault_Handler       0x08003d6f    0x2  Code  Gb  stm32f4xx_it.o [1]
LoadInt                 0x080007fb   0x6e  Code  Lc  xprintffull.o [3]
MT_LOW_SPEED            0x200000f8    0x4  Data  Gb  main.o [1]
MT_MEDIUM_SPEED         0x200000fc    0x4  Data  Gb  main.o [1]
MT_NO_SPEED             0x20000a18    0x4  Data  Gb  main.o [1]
MX_GPIO_Init            0x08002e33  0x100  Code  Lc  main.o [1]
MemManage_Handler       0x08003d71    0x2  Code  Gb  stm32f4xx_it.o [1]
NMI_Handler             0x08003d6d    0x2  Code  Gb  stm32f4xx_it.o [1]
NVIC_SetPriority        0x08002889   0x1a  Code  Lc  stm32f4xx_hal_cortex.o [1]
PendSV_Handler          0x08003d7b    0x2  Code  Gb  stm32f4xx_it.o [1]
Region$$Table$$Base     0x080041ec          --   Gb  - Linker created -
Region$$Table$$Limit    0x0800420c          --   Gb  - Linker created -
SVC_Handler             0x08003d77    0x2  Code  Gb  stm32f4xx_it.o [1]
SysTick_Handler         0x08003d7d    0xe  Code  Gb  stm32f4xx_it.o [1]
SystemClock_Config      0x08002d83   0xb0  Code  Gb  main.o [1]
SystemCoreClock         0x20000100    0x4  Data  Gb  system_stm32f4xx.o [1]
SystemInit              0x080040d9   0x3a  Code  Gb  system_stm32f4xx.o [1]
TIM3_IRQHandler         0x08003de5   0x1e  Code  Gb  stm32f4xx_it.o [1]
TIM4_IRQHandler         0x08003e03    0x6  Code  Gb  stm32f4xx_it.o [1]
TIM_Base_SetConfig      0x0800241b   0x90  Code  Gb  stm32f4xx_hal_tim.o [1]
TIM_CCxChannelCmd       0x080024ff   0x18  Code  Gb  stm32f4xx_hal_tim.o [1]
TIM_ETR_SetConfig       0x08002697   0x14  Code  Lc  stm32f4xx_hal_tim.o [1]
TIM_ITRx_SetConfig      0x08002687   0x10  Code  Lc  stm32f4xx_hal_tim.o [1]
TIM_OC1_SetConfig       0x08002517   0x4a  Code  Lc  stm32f4xx_hal_tim.o [1]
TIM_OC2_SetConfig       0x080024ad   0x52  Code  Gb  stm32f4xx_hal_tim.o [1]
TIM_OC3_SetConfig       0x0800256d   0x56  Code  Lc  stm32f4xx_hal_tim.o [1]
TIM_OC4_SetConfig       0x080025c9   0x46  Code  Lc  stm32f4xx_hal_tim.o [1]
TIM_TI1_ConfigInputStage
                        0x08002641   0x22  Code  Lc  stm32f4xx_hal_tim.o [1]
TIM_TI2_ConfigInputStage
                        0x08002663   0x24  Code  Lc  stm32f4xx_hal_tim.o [1]
UART_DMAAbortOnError    0x08003321   0x10  Code  Lc  stm32f4xx_hal_uart.o [1]
UART_EndRxTransfer      0x08003303   0x1c  Code  Lc  stm32f4xx_hal_uart.o [1]
UART_Receive_IT         0x08003331   0x7e  Code  Lc  stm32f4xx_hal_uart.o [1]
UART_SetConfig          0x080033bd  0x13a  Code  Lc  stm32f4xx_hal_uart.o [1]
USART3_IRQHandler       0x08003e09    0x6  Code  Gb  stm32f4xx_it.o [1]
USEchoDistance          0x200000f4    0x4  Data  Gb  main.o [1]
USEchoTime              0x20000a20    0x4  Data  Gb  stm32f4xx_it.o [1]
UsageFault_Handler      0x08003d75    0x2  Code  Gb  stm32f4xx_it.o [1]
_Close_all              0x08004029   0x58  Code  Gb  xcloseall.o [3]
_EncodingSb_Mbtowc      0x08001eff   0x30  Code  Gb  xencoding_sb.o [3]
_EncodingSb_Wctomb      0x08001ee5   0x1a  Code  Gb  xencoding_sb.o [3]
_Files                  0x200001c4   0x20  Data  Gb  xfiles.o [3]
_Fofree                 0x08003f01   0x78  Code  Gb  xfofind.o [3]
_Fspos                  0x08003a99   0xd6  Code  Gb  xfspos.o [3]
_Fwprep                 0x08003e29   0xb6  Code  Gb  xfwprep.o [3]
_GenldFull              0x0800107f  0x24c  Code  Lc  xprintffull.o [3]
_IsdstStr               0x20000278    0x4  Data  Gb  setlocale.o [3]
_LdtobFull              0x08000c7d  0x3fc  Code  Lc  xprintffull.o [3]
_LitobFull              0x08000b75  0x106  Code  Lc  xprintffull.o [3]
_LocaleEncoding         0x08001ed1    0xe  Code  Gb  setlocale.o [3]
_LocaleReturnString     0x20000298   0x50  Data  Lc  setlocale.o [3]
_Locale_Profile         0x2000027c   0x1c  Data  Gb  setlocale.o [3]
_Locale_aeabi_lconv     0x2000023c   0x38  Data  Gb  localeconv.o [3]
_Locale_lconv           0x200001ec   0x50  Data  Gb  localeconv.o [3]
_Mbtowc                 0x08001313   0x20  Code  Gb  xmbtowc.o [3]
_Nnl                    0x08003c21    0xa  Code  Gb  xfgpos.o [3]
_PrintfFull             0x080001ad  0x638  Code  Gb  xprintffull.o [3]
_Prout                  0x08004255   0x16  Code  Gb  xprout.o [3]
_PutcharsFull           0x080012cb   0x2e  Code  Lc  xprintffull.o [3]
_PutstrFull             0x08000869  0x306  Code  Lc  xprintffull.o [3]
_TzoneStr               0x20000274    0x4  Data  Gb  setlocale.o [3]
_Wctomb                 0x08001499   0x1a  Code  Gb  xwctomb.o [3]
__aeabi_cdcmple         0x080016dd         Code  Gb  DblCmpLe.o [4]
__aeabi_cdrcmple        0x0800170d         Code  Gb  DblCmpGe.o [4]
__aeabi_d2iz            0x08001851         Code  Gb  DblToI32.o [4]
__aeabi_d2uiz           0x0800187d         Code  Gb  DblToI32.o [4]
__aeabi_ddiv            0x08001bfd         Code  Gb  DblDiv.o [4]
__aeabi_dmul            0x08001a59         Code  Gb  DblMul.o [4]
__aeabi_dsub            0x080018d9         Code  Gb  DblSub.o [4]
__aeabi_errno_addr      0x08003c79    0x6  Code  Gb  errno.o [3]
__aeabi_i2d             0x080018a9         Code  Gb  I32ToDbl.o [4]
__aeabi_ldiv0           0x08001f71         Code  Gb  I64DivZer.o [5]
__aeabi_ui2d            0x080018bd         Code  Gb  I32ToDbl.o [4]
__aeabi_uldivmod        0x080015ad         Code  Gb  I64DivMod.o [5]
__cexit_closeall        0x08004233         Code  Gb  cexit.o [5]
__close                 0x08003ff7   0x1a  Code  Gb  close.o [6]
__cmain                 0x0800420d         Code  Gb  cmain.o [5]
__cstart_closeall       0x080043e8         Data  Gb  cstart_closeall.o [5]
__data_Aldata           0x20000a10    0x8  Data  Gb  xxmemxmalloc.o [3]
__data_GetMemChunk      0x08001f45   0x2c  Code  Gb  xgetmemchunk.o [3]
__dwrite                0x08003c99   0x1e  Code  Gb  dwrite.o [6]
__exit                  0x08004241   0x14  Code  Gb  exit.o [6]
__iar_Dnorm             0x0800169b   0x42  Code  Gb  xdnorm.o [4]
__iar_Dscale            0x0800173d  0x114  Code  Gb  xdscale.o [4]
__iar_Errno             0x200002e8    0x4  Data  Gb  errno.o [3]
__iar_Locale_lconv_init
                        0x08001e55   0x3a  Code  Gb  localeconv.o [3]
__iar_Lockfilelock      0x08003c85    0x2  Code  Gb  xsyslock_nop.o [3]
__iar_Mbcurmax          0x080013dd    0xa  Code  Gb  xmbcurmax.o [3]
__iar_Memchr            0x08001385         Code  Gb  memchr.o [5]
__iar_Stderr            0x20000184   0x40  Data  Gb  xfiles.o [3]
__iar_Stdin             0x20000104   0x40  Data  Gb  xfiles.o [3]
__iar_Stdout            0x20000144   0x40  Data  Gb  xfiles.o [3]
__iar_Strchr            0x08001335         Code  Gb  strchr.o [5]
__iar_Unlockfilelock    0x08003c87    0x2  Code  Gb  xsyslock_nop.o [3]
__iar_close_ttio        0x08003cf9   0x2e  Code  Gb  iarttio.o [6]
__iar_d2uiz             0x08001889         Code  Gb  DblToI32.o [4]
__iar_dadd              0x08001f75         Code  Gb  DblAdd.o [4]
__iar_data_init3        0x080041a1   0x28  Code  Gb  data_init.o [5]
__iar_dlib_perthread_access
                        0x08002049    0x2  Code  Gb  xtls.o [3]
__iar_dsub              0x080018ed         Code  Gb  DblSub.o [4]
__iar_dsubStart         0x080018ff         Code  Gb  DblSub.o [4]
__iar_get_ttio          0x08003d29   0x38  Code  Gb  iarttio.o [6]
__iar_init_vfp          0x080041c9         Code  Gb  fpinit_M.o [4]
__iar_lookup_ttioh      0x08003d65    0x8  Code  Gb  XShttio.o [3]
__iar_packbits_init_single3
                        0x08004169   0x38  Code  Gb  packbits_init_single.o [5]
__iar_program_start     0x08004289         Code  Gb  cstartup_M.o [5]
__iar_sh_Discard        0x080039b9   0x44  Code  Gb  XShHandles.o [3]
__iar_sh_Move           0x08003a03   0x4c  Code  Gb  XShHandles.o [3]
__iar_sh_Pos            0x08003a4f   0x44  Code  Gb  XShHandles.o [3]
__iar_sh_stdout         0x08003cb7   0x20  Code  Gb  iarwstd.o [6]
__iar_sh_write          0x08003cd7   0x22  Code  Gb  iarwrite.o [6]
__iar_ttio_handles      0x200001e4    0x8  Data  Lc  XShttio.o [3]
__iar_ui2d              0x080018c1         Code  Gb  I32ToDbl.o [4]
__iar_unaligned___aeabi_memcpy
                        0x080014b5         Code  Gb  ABImemcpy_unaligned.o [5]
__iar_unaligned___aeabi_memcpy4
                        0x080014d5         Code  Gb  ABImemcpy_unaligned.o [5]
__iar_unaligned___aeabi_memcpy8
                        0x080014d5         Code  Gb  ABImemcpy_unaligned.o [5]
__iar_zero_init3        0x08004129   0x40  Code  Gb  zero_init3.o [5]
__low_level_init        0x08004227    0x4  Code  Gb  low_level_init.o [3]
__lseek                 0x08003c2b   0x4c  Code  Gb  lseek.o [6]
__vector_table          0x08000000         Data  Gb  startup_stm32f429xx.o [1]
__write                 0x08003c89   0x10  Code  Gb  write.o [6]
_call_main              0x08004219         Code  Gb  cmain.o [5]
_exit                   0x08004231         Code  Gb  cexit.o [5]
_main                   0x08004223         Code  Gb  cmain.o [5]
div                     0x08001ec1    0xe  Code  Gb  div.o [3]
ebuf                    0x20000970   0x50  Data  Lc  xfiles.o [3]
exit                    0x0800422b    0x4  Code  Gb  exit.o [3]
fclose                  0x08003f7d   0x7a  Code  Gb  fclose.o [3]
fflush                  0x08003be7   0x34  Code  Gb  fflush.o [3]
fflushOne               0x08003b71   0x76  Code  Lc  fflush.o [3]
fputc                   0x08004081   0x56  Code  Gb  fputc.o [3]
free                    0x0800152d   0x7a  Code  Gb  xxmemxfree.o [3]
fseek                   0x08003edf   0x22  Code  Gb  fseek.o [3]
htim3                   0x20000040   0x3c  Data  Gb  main.o [1]
htim4                   0x2000007c   0x3c  Data  Gb  main.o [1]
htim9                   0x200000b8   0x3c  Data  Gb  main.o [1]
huart3                  0x20000000   0x40  Data  Gb  main.o [1]
localeconv              0x08001e8f   0x16  Code  Gb  localeconv.o [3]
main                    0x08002ba5  0x1c8  Code  Gb  main.o [1]
malloc                  0x080013e9   0xac  Code  Gb  xxmemxmalloc.o [3]
memchr                  0x08001385         Code  Gb  memchr.o [5]
motors_stop             0x08002f95   0x18  Code  Gb  main.o [1]
move_backward           0x08002f6d   0x20  Code  Gb  main.o [1]
move_forward            0x08002f3f   0x22  Code  Gb  main.o [1]
obuf                    0x200009c0   0x50  Data  Lc  xfiles.o [3]
printf                  0x0800353d   0x24  Code  Gb  printf.o [3]
putchar                 0x0800426d    0xc  Code  Gb  putchar.o [3]
remove                  0x08004011   0x16  Code  Gb  remove.o [6]
sFileInfo               0x200008f0   0x80  Data  Lc  XShHandles.o [3]
strchr                  0x08001335         Code  Gb  strchr.o [5]
strlen                  0x0800134d         Code  Gb  strlen.o [5]
turn_left               0x08002fd5   0x16  Code  Gb  main.o [1]
turn_right              0x08002fad   0x18  Code  Gb  main.o [1]
uwTick                  0x20000a1c    0x4  Data  Gb  stm32f4xx_hal.o [1]


[1] = C:\stm_projects\disco_dc_motors\EWARM\disco_dc_motors\Obj
[2] = command line
[3] = dl7M_tlf.a
[4] = m7M_tls.a
[5] = rt7M_tl.a
[6] = shb_l.a

  17 350 bytes of readonly  code memory
     184 bytes of readonly  data memory
   2 596 bytes of readwrite data memory

Errors: none
Warnings: none
