###############################################################################
#
# IAR ELF Linker V7.50.2.10312/W32 for ARM                19/Sep/2016  20:10:33
# Copyright 2007-2015 IAR Systems AB.
#
#    Output file  =  
#        C:\stm_projects\disco_dc_motors\EWARM\disco_dc_motors\Exe\disco_dc_motors.out
#    Map file     =  
#        C:\stm_projects\disco_dc_motors\EWARM\disco_dc_motors\List\disco_dc_motors.map
#    Command line =  
#        C:\stm_projects\disco_dc_motors\EWARM\disco_dc_motors\Obj\main.o
#        C:\stm_projects\disco_dc_motors\EWARM\disco_dc_motors\Obj\startup_stm32f429xx.o
#        C:\stm_projects\disco_dc_motors\EWARM\disco_dc_motors\Obj\stm32f4xx_hal.o
#        C:\stm_projects\disco_dc_motors\EWARM\disco_dc_motors\Obj\stm32f4xx_hal_cortex.o
#        C:\stm_projects\disco_dc_motors\EWARM\disco_dc_motors\Obj\stm32f4xx_hal_dma.o
#        C:\stm_projects\disco_dc_motors\EWARM\disco_dc_motors\Obj\stm32f4xx_hal_dma_ex.o
#        C:\stm_projects\disco_dc_motors\EWARM\disco_dc_motors\Obj\stm32f4xx_hal_flash.o
#        C:\stm_projects\disco_dc_motors\EWARM\disco_dc_motors\Obj\stm32f4xx_hal_flash_ex.o
#        C:\stm_projects\disco_dc_motors\EWARM\disco_dc_motors\Obj\stm32f4xx_hal_flash_ramfunc.o
#        C:\stm_projects\disco_dc_motors\EWARM\disco_dc_motors\Obj\stm32f4xx_hal_gpio.o
#        C:\stm_projects\disco_dc_motors\EWARM\disco_dc_motors\Obj\stm32f4xx_hal_msp.o
#        C:\stm_projects\disco_dc_motors\EWARM\disco_dc_motors\Obj\stm32f4xx_hal_pwr.o
#        C:\stm_projects\disco_dc_motors\EWARM\disco_dc_motors\Obj\stm32f4xx_hal_pwr_ex.o
#        C:\stm_projects\disco_dc_motors\EWARM\disco_dc_motors\Obj\stm32f4xx_hal_rcc.o
#        C:\stm_projects\disco_dc_motors\EWARM\disco_dc_motors\Obj\stm32f4xx_hal_rcc_ex.o
#        C:\stm_projects\disco_dc_motors\EWARM\disco_dc_motors\Obj\stm32f4xx_hal_tim.o
#        C:\stm_projects\disco_dc_motors\EWARM\disco_dc_motors\Obj\stm32f4xx_hal_tim_ex.o
#        C:\stm_projects\disco_dc_motors\EWARM\disco_dc_motors\Obj\stm32f4xx_it.o
#        C:\stm_projects\disco_dc_motors\EWARM\disco_dc_motors\Obj\system_stm32f4xx.o
#        --redirect _Printf=_PrintfFull --redirect _Scanf=_ScanfFull -o
#        C:\stm_projects\disco_dc_motors\EWARM\disco_dc_motors\Exe\disco_dc_motors.out
#        --map
#        C:\stm_projects\disco_dc_motors\EWARM\disco_dc_motors\List\disco_dc_motors.map
#        --config C:\stm_projects\disco_dc_motors\EWARM/stm32f429xx_flash.icf
#        --semihosting --entry __iar_program_start --vfe
#
###############################################################################

*******************************************************************************
*** RUNTIME MODEL ATTRIBUTES
***

CppFlavor       = *
__SystemLibrary = DLib


*******************************************************************************
*** PLACEMENT SUMMARY
***

"A1":  place at 0x08000000 { ro section .intvec };
"P1":  place in [from 0x08000000 to 0x081fffff] { ro };
"P2":  place in [from 0x20000000 to 0x2002ffff] { rw, block CSTACK, block HEAP };

  Section            Kind        Address   Size  Object
  -------            ----        -------   ----  ------
"A1":                                     0x1ac
  .intvec            ro code  0x08000000  0x1ac  startup_stm32f429xx.o [1]
                            - 0x080001ac  0x1ac

"P1":                                     0xbd8
  .text              ro code  0x080001ac  0x408  stm32f4xx_hal_rcc.o [1]
  .text              ro code  0x080005b4   0x88  stm32f4xx_hal.o [1]
  .text              ro code  0x0800063c   0xca  stm32f4xx_hal_cortex.o [1]
  .text              ro code  0x08000706   0x60  stm32f4xx_hal_msp.o [1]
  .text              ro code  0x08000768  0x208  stm32f4xx_hal_gpio.o [1]
  .text              ro code  0x08000970  0x148  main.o [1]
  .text              ro code  0x08000ab8   0x50  system_stm32f4xx.o [1]
  .text              ro code  0x08000b08   0x2c  copy_init3.o [5]
  .text              ro code  0x08000b34   0x28  data_init.o [5]
  .text              ro code  0x08000b5c   0x22  fpinit_M.o [4]
  .iar.init_table    const    0x08000b80   0x14  - Linker created -
  .text              ro code  0x08000b94   0x1e  stm32f4xx_it.o [1]
  .text              ro code  0x08000bb4   0x1a  cmain.o [5]
  .text              ro code  0x08000bce    0x4  low_level_init.o [3]
  .text              ro code  0x08000bd2    0x4  exit.o [3]
  .text              ro code  0x08000bd8    0xa  cexit.o [5]
  .text              ro code  0x08000be4   0x14  exit.o [6]
  .text              ro code  0x08000bf8   0x10  startup_stm32f429xx.o [1]
  .text              ro code  0x08000c08    0xc  cstartup_M.o [5]
  Initializer bytes  const    0x08000c14    0x8  <for P2-1>
  .text              ro code  0x08000c1c    0x4  startup_stm32f429xx.o [1]
  .text              ro code  0x08000c20    0x4  startup_stm32f429xx.o [1]
  .text              ro code  0x08000c24    0x4  startup_stm32f429xx.o [1]
  .text              ro code  0x08000c28    0x4  startup_stm32f429xx.o [1]
  .text              ro code  0x08000c2c    0x4  startup_stm32f429xx.o [1]
  .text              ro code  0x08000c30    0x4  startup_stm32f429xx.o [1]
  .text              ro code  0x08000c34    0x4  startup_stm32f429xx.o [1]
  .text              ro code  0x08000c38    0x4  startup_stm32f429xx.o [1]
  .text              ro code  0x08000c3c    0x4  startup_stm32f429xx.o [1]
  .text              ro code  0x08000c40    0x4  startup_stm32f429xx.o [1]
  .text              ro code  0x08000c44    0x4  startup_stm32f429xx.o [1]
  .text              ro code  0x08000c48    0x4  startup_stm32f429xx.o [1]
  .text              ro code  0x08000c4c    0x4  startup_stm32f429xx.o [1]
  .text              ro code  0x08000c50    0x4  startup_stm32f429xx.o [1]
  .text              ro code  0x08000c54    0x4  startup_stm32f429xx.o [1]
  .text              ro code  0x08000c58    0x4  startup_stm32f429xx.o [1]
  .text              ro code  0x08000c5c    0x4  startup_stm32f429xx.o [1]
  .text              ro code  0x08000c60    0x4  startup_stm32f429xx.o [1]
  .text              ro code  0x08000c64    0x4  startup_stm32f429xx.o [1]
  .text              ro code  0x08000c68    0x4  startup_stm32f429xx.o [1]
  .text              ro code  0x08000c6c    0x4  startup_stm32f429xx.o [1]
  .text              ro code  0x08000c70    0x4  startup_stm32f429xx.o [1]
  .text              ro code  0x08000c74    0x4  startup_stm32f429xx.o [1]
  .text              ro code  0x08000c78    0x4  startup_stm32f429xx.o [1]
  .text              ro code  0x08000c7c    0x4  startup_stm32f429xx.o [1]
  .text              ro code  0x08000c80    0x4  startup_stm32f429xx.o [1]
  .text              ro code  0x08000c84    0x4  startup_stm32f429xx.o [1]
  .text              ro code  0x08000c88    0x4  startup_stm32f429xx.o [1]
  .text              ro code  0x08000c8c    0x4  startup_stm32f429xx.o [1]
  .text              ro code  0x08000c90    0x4  startup_stm32f429xx.o [1]
  .text              ro code  0x08000c94    0x4  startup_stm32f429xx.o [1]
  .text              ro code  0x08000c98    0x4  startup_stm32f429xx.o [1]
  .text              ro code  0x08000c9c    0x4  startup_stm32f429xx.o [1]
  .text              ro code  0x08000ca0    0x4  startup_stm32f429xx.o [1]
  .text              ro code  0x08000ca4    0x4  startup_stm32f429xx.o [1]
  .text              ro code  0x08000ca8    0x4  startup_stm32f429xx.o [1]
  .text              ro code  0x08000cac    0x4  startup_stm32f429xx.o [1]
  .text              ro code  0x08000cb0    0x4  startup_stm32f429xx.o [1]
  .text              ro code  0x08000cb4    0x4  startup_stm32f429xx.o [1]
  .text              ro code  0x08000cb8    0x4  startup_stm32f429xx.o [1]
  .text              ro code  0x08000cbc    0x4  startup_stm32f429xx.o [1]
  .text              ro code  0x08000cc0    0x4  startup_stm32f429xx.o [1]
  .text              ro code  0x08000cc4    0x4  startup_stm32f429xx.o [1]
  .text              ro code  0x08000cc8    0x4  startup_stm32f429xx.o [1]
  .text              ro code  0x08000ccc    0x4  startup_stm32f429xx.o [1]
  .text              ro code  0x08000cd0    0x4  startup_stm32f429xx.o [1]
  .text              ro code  0x08000cd4    0x4  startup_stm32f429xx.o [1]
  .text              ro code  0x08000cd8    0x4  startup_stm32f429xx.o [1]
  .text              ro code  0x08000cdc    0x4  startup_stm32f429xx.o [1]
  .text              ro code  0x08000ce0    0x4  startup_stm32f429xx.o [1]
  .text              ro code  0x08000ce4    0x4  startup_stm32f429xx.o [1]
  .text              ro code  0x08000ce8    0x4  startup_stm32f429xx.o [1]
  .text              ro code  0x08000cec    0x4  startup_stm32f429xx.o [1]
  .text              ro code  0x08000cf0    0x4  startup_stm32f429xx.o [1]
  .text              ro code  0x08000cf4    0x4  startup_stm32f429xx.o [1]
  .text              ro code  0x08000cf8    0x4  startup_stm32f429xx.o [1]
  .text              ro code  0x08000cfc    0x4  startup_stm32f429xx.o [1]
  .text              ro code  0x08000d00    0x4  startup_stm32f429xx.o [1]
  .text              ro code  0x08000d04    0x4  startup_stm32f429xx.o [1]
  .text              ro code  0x08000d08    0x4  startup_stm32f429xx.o [1]
  .text              ro code  0x08000d0c    0x4  startup_stm32f429xx.o [1]
  .text              ro code  0x08000d10    0x4  startup_stm32f429xx.o [1]
  .text              ro code  0x08000d14    0x4  startup_stm32f429xx.o [1]
  .text              ro code  0x08000d18    0x4  startup_stm32f429xx.o [1]
  .text              ro code  0x08000d1c    0x4  startup_stm32f429xx.o [1]
  .text              ro code  0x08000d20    0x4  startup_stm32f429xx.o [1]
  .text              ro code  0x08000d24    0x4  startup_stm32f429xx.o [1]
  .text              ro code  0x08000d28    0x4  startup_stm32f429xx.o [1]
  .text              ro code  0x08000d2c    0x4  startup_stm32f429xx.o [1]
  .text              ro code  0x08000d30    0x4  startup_stm32f429xx.o [1]
  .text              ro code  0x08000d34    0x4  startup_stm32f429xx.o [1]
  .text              ro code  0x08000d38    0x4  startup_stm32f429xx.o [1]
  .text              ro code  0x08000d3c    0x4  startup_stm32f429xx.o [1]
  .text              ro code  0x08000d40    0x4  startup_stm32f429xx.o [1]
  .text              ro code  0x08000d44    0x4  startup_stm32f429xx.o [1]
  .text              ro code  0x08000d48    0x4  startup_stm32f429xx.o [1]
  .text              ro code  0x08000d4c    0x4  startup_stm32f429xx.o [1]
  .text              ro code  0x08000d50    0x4  startup_stm32f429xx.o [1]
  .text              ro code  0x08000d54    0x4  startup_stm32f429xx.o [1]
  .text              ro code  0x08000d58    0x4  startup_stm32f429xx.o [1]
  .text              ro code  0x08000d5c    0x4  startup_stm32f429xx.o [1]
  .text              ro code  0x08000d60    0x4  startup_stm32f429xx.o [1]
  .text              ro code  0x08000d64    0x4  startup_stm32f429xx.o [1]
  .text              ro code  0x08000d68    0x4  startup_stm32f429xx.o [1]
  .text              ro code  0x08000d6c    0x4  startup_stm32f429xx.o [1]
  .text              ro code  0x08000d70    0x4  startup_stm32f429xx.o [1]
  .text              ro code  0x08000d74    0x4  startup_stm32f429xx.o [1]
  .text              ro code  0x08000d78    0x4  startup_stm32f429xx.o [1]
  .text              ro code  0x08000d7c    0x4  startup_stm32f429xx.o [1]
  .text              ro code  0x08000d80    0x4  startup_stm32f429xx.o [1]
  .rodata            const    0x08000d84    0x0  copy_init3.o [5]
                            - 0x08000d84  0xbd8

"P2", part 1 of 2:                          0x8
  P2-1                        0x20000000    0x8  <Init block>
    .data            inited   0x20000000    0x4  system_stm32f4xx.o [1]
    .bss             inited   0x20000004    0x4  stm32f4xx_hal.o [1]
                            - 0x20000008    0x8

"P2", part 2 of 2:                        0x400
  CSTACK                      0x20000008  0x400  <Block>
    CSTACK           uninit   0x20000008  0x400  <Block tail>
                            - 0x20000408  0x400


*******************************************************************************
*** INIT TABLE
***

          Address     Size
          -------     ----
Copy (__iar_copy_init3)
    1 source range, total size 0x8:
          0x08000c14   0x8
    1 destination range, total size 0x8:
          0x20000000   0x8



*******************************************************************************
*** MODULE SUMMARY
***

    Module                  ro code  ro data  rw data
    ------                  -------  -------  -------
C:\stm_projects\disco_dc_motors\EWARM\disco_dc_motors\Obj: [1]
    main.o                      328
    startup_stm32f429xx.o       804
    stm32f4xx_hal.o             136        4        4
    stm32f4xx_hal_cortex.o      202
    stm32f4xx_hal_gpio.o        520
    stm32f4xx_hal_msp.o          96
    stm32f4xx_hal_rcc.o       1 032
    stm32f4xx_it.o               30
    system_stm32f4xx.o           80        4        4
    -------------------------------------------------
    Total:                    3 228        8        8

command line: [2]
    -------------------------------------------------
    Total:

dl7M_tlf.a: [3]
    exit.o                        4
    low_level_init.o              4
    -------------------------------------------------
    Total:                        8

m7M_tls.a: [4]
    fpinit_M.o                   34
    -------------------------------------------------
    Total:                       34

rt7M_tl.a: [5]
    cexit.o                      10
    cmain.o                      26
    copy_init3.o                 44
    cstartup_M.o                 12
    data_init.o                  40
    -------------------------------------------------
    Total:                      132

shb_l.a: [6]
    exit.o                       20
    -------------------------------------------------
    Total:                       20

    Gaps                          8        2
    Linker created                        20    1 024
-----------------------------------------------------
    Grand Total:              3 430       30    1 032


*******************************************************************************
*** ENTRY LIST
***

Entry                      Address   Size  Type      Object
-----                      -------   ----  ----      ------
.iar.init_table$$Base   0x08000b80          --   Gb  - Linker created -
.iar.init_table$$Limit  0x08000b94          --   Gb  - Linker created -
?main                   0x08000bb5         Code  Gb  cmain.o [5]
APBAHBPrescTable        0x080005a4   0x10  Data  Gb  stm32f4xx_hal_rcc.o [1]
BusFault_Handler        0x08000b9b    0x2  Code  Gb  stm32f4xx_it.o [1]
CSTACK$$Base            0x20000008          --   Gb  - Linker created -
CSTACK$$Limit           0x20000408          --   Gb  - Linker created -
DebugMon_Handler        0x08000ba1    0x2  Code  Gb  stm32f4xx_it.o [1]
HAL_Delay               0x08000619   0x18  Code  Wk  stm32f4xx_hal.o [1]
HAL_GPIO_Init           0x08000769  0x1ca  Code  Gb  stm32f4xx_hal_gpio.o [1]
HAL_GPIO_WritePin       0x08000933    0x8  Code  Gb  stm32f4xx_hal_gpio.o [1]
HAL_GetTick             0x08000613    0x6  Code  Wk  stm32f4xx_hal.o [1]
HAL_IncTick             0x08000609    0xa  Code  Wk  stm32f4xx_hal.o [1]
HAL_Init                0x080005b5   0x30  Code  Gb  stm32f4xx_hal.o [1]
HAL_InitTick            0x080005e5   0x24  Code  Wk  stm32f4xx_hal.o [1]
HAL_MspInit             0x08000707   0x60  Code  Gb  stm32f4xx_hal_msp.o [1]
HAL_NVIC_SetPriority    0x08000671   0x3a  Code  Gb  stm32f4xx_hal_cortex.o [1]
HAL_NVIC_SetPriorityGrouping
                        0x08000657   0x1a  Code  Gb  stm32f4xx_hal_cortex.o [1]
HAL_RCC_ClockConfig     0x080003f7  0x12c  Code  Gb  stm32f4xx_hal_rcc.o [1]
HAL_RCC_GetHCLKFreq     0x08000577    0x6  Code  Gb  stm32f4xx_hal_rcc.o [1]
HAL_RCC_GetSysClockFreq
                        0x08000531   0x46  Code  Wk  stm32f4xx_hal_rcc.o [1]
HAL_RCC_OscConfig       0x080001ad  0x242  Code  Wk  stm32f4xx_hal_rcc.o [1]
HAL_SYSTICK_CLKSourceConfig
                        0x080006d3   0x14  Code  Gb  stm32f4xx_hal_cortex.o [1]
HAL_SYSTICK_Callback    0x08000705    0x2  Code  Wk  stm32f4xx_hal_cortex.o [1]
HAL_SYSTICK_Config      0x080006ab   0x28  Code  Gb  stm32f4xx_hal_cortex.o [1]
HAL_SYSTICK_IRQHandler  0x080006fd    0x8  Code  Gb  stm32f4xx_hal_cortex.o [1]
HardFault_Handler       0x08000b97    0x2  Code  Gb  stm32f4xx_it.o [1]
MemManage_Handler       0x08000b99    0x2  Code  Gb  stm32f4xx_it.o [1]
NMI_Handler             0x08000b95    0x2  Code  Gb  stm32f4xx_it.o [1]
NVIC_SetPriority        0x0800063d   0x1a  Code  Lc  stm32f4xx_hal_cortex.o [1]
PendSV_Handler          0x08000ba3    0x2  Code  Gb  stm32f4xx_it.o [1]
Region$$Table$$Base     0x08000b80          --   Gb  - Linker created -
Region$$Table$$Limit    0x08000b94          --   Gb  - Linker created -
SVC_Handler             0x08000b9f    0x2  Code  Gb  stm32f4xx_it.o [1]
SysTick_Handler         0x08000ba5    0xe  Code  Gb  stm32f4xx_it.o [1]
SystemClock_Config      0x08000a17   0x92  Code  Gb  main.o [1]
SystemCoreClock         0x20000000    0x4  Data  Gb  system_stm32f4xx.o [1]
SystemInit              0x08000ab9   0x3a  Code  Gb  system_stm32f4xx.o [1]
UsageFault_Handler      0x08000b9d    0x2  Code  Gb  stm32f4xx_it.o [1]
__cmain                 0x08000bb5         Code  Gb  cmain.o [5]
__exit                  0x08000be5   0x14  Code  Gb  exit.o [6]
__iar_copy_init3        0x08000b09   0x2c  Code  Gb  copy_init3.o [5]
__iar_data_init3        0x08000b35   0x28  Code  Gb  data_init.o [5]
__iar_init_vfp          0x08000b5d         Code  Gb  fpinit_M.o [4]
__iar_program_start     0x08000c09         Code  Gb  cstartup_M.o [5]
__low_level_init        0x08000bcf    0x4  Code  Gb  low_level_init.o [3]
__vector_table          0x08000000         Data  Gb  startup_stm32f429xx.o [1]
_call_main              0x08000bc1         Code  Gb  cmain.o [5]
_exit                   0x08000bd9         Code  Gb  cexit.o [5]
_main                   0x08000bcb         Code  Gb  cmain.o [5]
exit                    0x08000bd3    0x4  Code  Gb  exit.o [3]
main                    0x08000971   0x9a  Code  Gb  main.o [1]
uwTick                  0x20000004    0x4  Data  Gb  stm32f4xx_hal.o [1]


[1] = C:\stm_projects\disco_dc_motors\EWARM\disco_dc_motors\Obj
[2] = command line
[3] = dl7M_tlf.a
[4] = m7M_tls.a
[5] = rt7M_tl.a
[6] = shb_l.a

  3 430 bytes of readonly  code memory
     30 bytes of readonly  data memory
  1 032 bytes of readwrite data memory

Errors: none
Warnings: none
