###############################################################################
#
# IAR ELF Linker V7.50.2.10312/W32 for ARM                14/Oct/2016  13:34:16
# Copyright 2007-2015 IAR Systems AB.
#
#    Output file  =  
#        C:\stm_projects\disco_dc_motors\EWARM\disco_dc_motors\Exe\disco_dc_motors.out
#    Map file     =  
#        C:\stm_projects\disco_dc_motors\EWARM\disco_dc_motors\List\disco_dc_motors.map
#    Command line =  
#        C:\stm_projects\disco_dc_motors\EWARM\disco_dc_motors\Obj\I2Cdev.o
#        C:\stm_projects\disco_dc_motors\EWARM\disco_dc_motors\Obj\main.o
#        C:\stm_projects\disco_dc_motors\EWARM\disco_dc_motors\Obj\MPU6050.o
#        C:\stm_projects\disco_dc_motors\EWARM\disco_dc_motors\Obj\startup_stm32f429xx.o
#        C:\stm_projects\disco_dc_motors\EWARM\disco_dc_motors\Obj\stm32f4xx_hal.o
#        C:\stm_projects\disco_dc_motors\EWARM\disco_dc_motors\Obj\stm32f4xx_hal_cortex.o
#        C:\stm_projects\disco_dc_motors\EWARM\disco_dc_motors\Obj\stm32f4xx_hal_dma.o
#        C:\stm_projects\disco_dc_motors\EWARM\disco_dc_motors\Obj\stm32f4xx_hal_dma_ex.o
#        C:\stm_projects\disco_dc_motors\EWARM\disco_dc_motors\Obj\stm32f4xx_hal_flash.o
#        C:\stm_projects\disco_dc_motors\EWARM\disco_dc_motors\Obj\stm32f4xx_hal_flash_ex.o
#        C:\stm_projects\disco_dc_motors\EWARM\disco_dc_motors\Obj\stm32f4xx_hal_flash_ramfunc.o
#        C:\stm_projects\disco_dc_motors\EWARM\disco_dc_motors\Obj\stm32f4xx_hal_gpio.o
#        C:\stm_projects\disco_dc_motors\EWARM\disco_dc_motors\Obj\stm32f4xx_hal_i2c.o
#        C:\stm_projects\disco_dc_motors\EWARM\disco_dc_motors\Obj\stm32f4xx_hal_i2c_ex.o
#        C:\stm_projects\disco_dc_motors\EWARM\disco_dc_motors\Obj\stm32f4xx_hal_pwr.o
#        C:\stm_projects\disco_dc_motors\EWARM\disco_dc_motors\Obj\stm32f4xx_hal_pwr_ex.o
#        C:\stm_projects\disco_dc_motors\EWARM\disco_dc_motors\Obj\stm32f4xx_hal_rcc.o
#        C:\stm_projects\disco_dc_motors\EWARM\disco_dc_motors\Obj\stm32f4xx_hal_rcc_ex.o
#        C:\stm_projects\disco_dc_motors\EWARM\disco_dc_motors\Obj\stm32f4xx_hal_tim.o
#        C:\stm_projects\disco_dc_motors\EWARM\disco_dc_motors\Obj\stm32f4xx_hal_tim_ex.o
#        C:\stm_projects\disco_dc_motors\EWARM\disco_dc_motors\Obj\stm32f4xx_hal_uart.o
#        C:\stm_projects\disco_dc_motors\EWARM\disco_dc_motors\Obj\system_stm32f4xx.o
#        --redirect _Printf=_PrintfFull --redirect _Scanf=_ScanfFull -o
#        C:\stm_projects\disco_dc_motors\EWARM\disco_dc_motors\Exe\disco_dc_motors.out
#        --map
#        C:\stm_projects\disco_dc_motors\EWARM\disco_dc_motors\List\disco_dc_motors.map
#        --config C:\stm_projects\disco_dc_motors\EWARM/stm32f429xx_flash.icf
#        --semihosting --entry __iar_program_start --vfe
#
###############################################################################

*******************************************************************************
*** RUNTIME MODEL ATTRIBUTES
***

CppFlavor                     = *
__Heap_Handler                = DLMalloc
__SystemLibrary               = DLib
__dlib_dynamic_initialization = normal


*******************************************************************************
*** PLACEMENT SUMMARY
***

"A1":  place at 0x08000000 { ro section .intvec };
"P1":  place in [from 0x08000000 to 0x081fffff] { ro };
"P2":  place in [from 0x20000000 to 0x2002ffff] { rw, block CSTACK, block HEAP };

  Section             Kind        Address    Size  Object
  -------             ----        -------    ----  ------
"A1":                                       0x1ac
  .intvec             ro code  0x08000000   0x1ac  startup_stm32f429xx.o [1]
                             - 0x080001ac   0x1ac

"P1":                                      0x4ca2
  .text               ro code  0x080001ac  0x14f0  dlmalloc.o [3]
  .text               ro code  0x0800169c     0x6  abort.o [3]
  .text               ro code  0x080016a4    0x2c  xgetmemchunk.o [3]
  .text               ro code  0x080016d0    0x14  exit.o [6]
  .text               ro code  0x080016e4    0x6c  iarttio.o [6]
  .text               ro code  0x08001750     0x8  XShttio.o [3]
  .text               ro code  0x08001758  0x1166  xprintffull.o [3]
  .text               ro code  0x080028be    0x20  xmbtowc.o [3]
  .text               ro code  0x080028e0    0x16  strchr.o [5]
  .text               ro code  0x080028f8    0x36  strlen.o [5]
  .text               ro code  0x08002930    0x58  memchr.o [5]
  .text               ro code  0x08002988     0xa  xmbcurmax.o [3]
  .text               ro code  0x08002992    0x1a  xwctomb.o [3]
  .text               ro code  0x080029ac    0x76  ABImemcpy_unaligned.o [5]
  .text               ro code  0x08002a24    0xee  I64DivMod.o [5]
  .text               ro code  0x08002b12    0x42  xdnorm.o [4]
  .text               ro code  0x08002b54    0x2e  DblCmpLe.o [4]
  .text               ro code  0x08002b84    0x2e  DblCmpGe.o [4]
  .text               ro code  0x08002bb4   0x114  xdscale.o [4]
  .text               ro code  0x08002cc8    0x58  DblToI32.o [4]
  .text               ro code  0x08002d20    0x30  I32ToDbl.o [4]
  .text               ro code  0x08002d50   0x180  DblSub.o [4]
  .text               ro code  0x08002ed0   0x1a2  DblMul.o [4]
  .text               ro code  0x08003074   0x256  DblDiv.o [4]
  .text               ro code  0x080032cc    0x6c  localeconv.o [3]
  .text               ro code  0x08003338     0xe  div.o [3]
  .text               ro code  0x08003348    0x14  setlocale.o [3]
  .text               ro code  0x0800335c    0x60  xencoding_sb.o [3]
  .text               ro code  0x080033bc     0x2  I64DivZer.o [5]
  .text               ro code  0x080033c0    0xd4  DblAdd.o [4]
  .text               ro code  0x08003494     0x2  xtls.o [3]
  .text               ro code  0x08003498   0x8b2  stm32f4xx_hal_i2c.o [1]
  .text               ro code  0x08003d4c    0x30  stm32f4xx_hal_rcc.o [1]
  .text               ro code  0x08003d7c    0x8c  stm32f4xx_hal.o [1]
  .text               ro code  0x08003e08    0xb6  stm32f4xx_hal_cortex.o [1]
  .text               ro code  0x08003ec0   0x200  stm32f4xx_hal_gpio.o [1]
  .text               ro code  0x080040c0   0x1c4  main.o [1]
  .text               ro code  0x08004284    0x50  system_stm32f4xx.o [1]
  .text               ro code  0x080042d4   0x110  I2Cdev.o [1]
  .text               ro code  0x080043e4    0x24  printf.o [3]
  .text               ro code  0x08004408    0xf0  MPU6050.o [1]
  .text               ro code  0x080044f8    0xe0  XShHandles.o [3]
  .text               ro code  0x080045d8    0xd6  xfspos.o [3]
  .text               ro code  0x080046b0    0xb0  fflush.o [3]
  .text               ro code  0x08004760     0xa  xfgpos.o [3]
  .text               ro code  0x0800476a    0x4c  lseek.o [6]
  .text               ro code  0x080047b8     0xc  errno.o [3]
  .text               ro code  0x080047c4     0x4  xsyslock_nop.o [3]
  .text               ro code  0x080047c8    0x10  write.o [6]
  .text               ro code  0x080047d8    0x1e  dwrite.o [6]
  .text               ro code  0x080047f6    0x20  iarwstd.o [6]
  .text               ro code  0x08004816    0x22  iarwrite.o [6]
  .text               ro code  0x08004838    0xb6  xfwprep.o [3]
  .text               ro code  0x080048ee    0x22  fseek.o [3]
  .text               ro code  0x08004910    0x7c  xfofind.o [3]
  .text               ro code  0x0800498c    0x7a  fclose.o [3]
  .text               ro code  0x08004a06    0x1a  close.o [6]
  .text               ro code  0x08004a20    0x16  remove.o [6]
  .text               ro code  0x08004a38    0x58  xcloseall.o [3]
  .text               ro code  0x08004a90    0x56  fputc.o [3]
  .text               ro code  0x08004ae6    0x40  zero_init3.o [5]
  .text               ro code  0x08004b26    0x38  packbits_init_single.o [5]
  .text               ro code  0x08004b60    0x28  data_init.o [5]
  .text               ro code  0x08004b88    0x22  fpinit_M.o [4]
  .iar.init_table     const    0x08004bac    0x20  - Linker created -
  .text               ro code  0x08004bcc    0x1a  cmain.o [5]
  .text               ro code  0x08004be6     0x4  low_level_init.o [3]
  .text               ro code  0x08004bea     0x4  exit.o [3]
  .text               ro code  0x08004bf0     0xe  cexit.o [5]
  .text               ro code  0x08004bfe    0x16  xprout.o [3]
  .text               ro code  0x08004c14     0xc  putchar.o [3]
  .text               ro code  0x08004c20    0x10  startup_stm32f429xx.o [1]
  .text               ro code  0x08004c30     0xc  cstartup_M.o [5]
  .text               ro code  0x08004c3c     0x4  startup_stm32f429xx.o [1]
  .text               ro code  0x08004c40     0x4  startup_stm32f429xx.o [1]
  .text               ro code  0x08004c44     0x4  startup_stm32f429xx.o [1]
  .text               ro code  0x08004c48     0x4  startup_stm32f429xx.o [1]
  .text               ro code  0x08004c4c     0x4  startup_stm32f429xx.o [1]
  .text               ro code  0x08004c50     0x4  startup_stm32f429xx.o [1]
  .text               ro code  0x08004c54     0x4  startup_stm32f429xx.o [1]
  .text               ro code  0x08004c58     0x4  startup_stm32f429xx.o [1]
  .text               ro code  0x08004c5c     0x4  startup_stm32f429xx.o [1]
  .text               ro code  0x08004c60     0x4  startup_stm32f429xx.o [1]
  .text               ro code  0x08004c64     0x4  startup_stm32f429xx.o [1]
  .text               ro code  0x08004c68     0x4  startup_stm32f429xx.o [1]
  .text               ro code  0x08004c6c     0x4  startup_stm32f429xx.o [1]
  .text               ro code  0x08004c70     0x4  startup_stm32f429xx.o [1]
  .text               ro code  0x08004c74     0x4  startup_stm32f429xx.o [1]
  .text               ro code  0x08004c78     0x4  startup_stm32f429xx.o [1]
  .text               ro code  0x08004c7c     0x4  startup_stm32f429xx.o [1]
  .text               ro code  0x08004c80     0x4  startup_stm32f429xx.o [1]
  .text               ro code  0x08004c84     0x4  startup_stm32f429xx.o [1]
  .text               ro code  0x08004c88     0x4  startup_stm32f429xx.o [1]
  .text               ro code  0x08004c8c     0x4  startup_stm32f429xx.o [1]
  .text               ro code  0x08004c90     0x4  startup_stm32f429xx.o [1]
  .text               ro code  0x08004c94     0x4  startup_stm32f429xx.o [1]
  .text               ro code  0x08004c98     0x4  startup_stm32f429xx.o [1]
  .text               ro code  0x08004c9c     0x4  startup_stm32f429xx.o [1]
  .text               ro code  0x08004ca0     0x4  startup_stm32f429xx.o [1]
  .text               ro code  0x08004ca4     0x4  startup_stm32f429xx.o [1]
  .text               ro code  0x08004ca8     0x4  startup_stm32f429xx.o [1]
  .text               ro code  0x08004cac     0x4  startup_stm32f429xx.o [1]
  .text               ro code  0x08004cb0     0x4  startup_stm32f429xx.o [1]
  .text               ro code  0x08004cb4     0x4  startup_stm32f429xx.o [1]
  .text               ro code  0x08004cb8     0x4  startup_stm32f429xx.o [1]
  .text               ro code  0x08004cbc     0x4  startup_stm32f429xx.o [1]
  .text               ro code  0x08004cc0     0x4  startup_stm32f429xx.o [1]
  .text               ro code  0x08004cc4     0x4  startup_stm32f429xx.o [1]
  .text               ro code  0x08004cc8     0x4  startup_stm32f429xx.o [1]
  .text               ro code  0x08004ccc     0x4  startup_stm32f429xx.o [1]
  .text               ro code  0x08004cd0     0x4  startup_stm32f429xx.o [1]
  .text               ro code  0x08004cd4     0x4  startup_stm32f429xx.o [1]
  .text               ro code  0x08004cd8     0x4  startup_stm32f429xx.o [1]
  .text               ro code  0x08004cdc     0x4  startup_stm32f429xx.o [1]
  .text               ro code  0x08004ce0     0x4  startup_stm32f429xx.o [1]
  .text               ro code  0x08004ce4     0x4  startup_stm32f429xx.o [1]
  .text               ro code  0x08004ce8     0x4  startup_stm32f429xx.o [1]
  .text               ro code  0x08004cec     0x4  startup_stm32f429xx.o [1]
  .text               ro code  0x08004cf0     0x4  startup_stm32f429xx.o [1]
  .text               ro code  0x08004cf4     0x4  startup_stm32f429xx.o [1]
  .text               ro code  0x08004cf8     0x4  startup_stm32f429xx.o [1]
  .text               ro code  0x08004cfc     0x4  startup_stm32f429xx.o [1]
  .text               ro code  0x08004d00     0x4  startup_stm32f429xx.o [1]
  .text               ro code  0x08004d04     0x4  startup_stm32f429xx.o [1]
  .text               ro code  0x08004d08     0x4  startup_stm32f429xx.o [1]
  .text               ro code  0x08004d0c     0x4  startup_stm32f429xx.o [1]
  .text               ro code  0x08004d10     0x4  startup_stm32f429xx.o [1]
  .text               ro code  0x08004d14     0x4  startup_stm32f429xx.o [1]
  .text               ro code  0x08004d18     0x4  startup_stm32f429xx.o [1]
  .text               ro code  0x08004d1c     0x4  startup_stm32f429xx.o [1]
  .text               ro code  0x08004d20     0x4  startup_stm32f429xx.o [1]
  .text               ro code  0x08004d24     0x4  startup_stm32f429xx.o [1]
  .text               ro code  0x08004d28     0x4  startup_stm32f429xx.o [1]
  .text               ro code  0x08004d2c     0x4  startup_stm32f429xx.o [1]
  .text               ro code  0x08004d30     0x4  startup_stm32f429xx.o [1]
  .text               ro code  0x08004d34     0x4  startup_stm32f429xx.o [1]
  .text               ro code  0x08004d38     0x4  startup_stm32f429xx.o [1]
  .text               ro code  0x08004d3c     0x4  startup_stm32f429xx.o [1]
  .text               ro code  0x08004d40     0x4  startup_stm32f429xx.o [1]
  .text               ro code  0x08004d44     0x4  startup_stm32f429xx.o [1]
  .text               ro code  0x08004d48     0x4  startup_stm32f429xx.o [1]
  .text               ro code  0x08004d4c     0x4  startup_stm32f429xx.o [1]
  .text               ro code  0x08004d50     0x4  startup_stm32f429xx.o [1]
  .text               ro code  0x08004d54     0x4  startup_stm32f429xx.o [1]
  .text               ro code  0x08004d58     0x4  startup_stm32f429xx.o [1]
  .text               ro code  0x08004d5c     0x4  startup_stm32f429xx.o [1]
  .text               ro code  0x08004d60     0x4  startup_stm32f429xx.o [1]
  .text               ro code  0x08004d64     0x4  startup_stm32f429xx.o [1]
  .text               ro code  0x08004d68     0x4  startup_stm32f429xx.o [1]
  .text               ro code  0x08004d6c     0x4  startup_stm32f429xx.o [1]
  .text               ro code  0x08004d70     0x4  startup_stm32f429xx.o [1]
  .text               ro code  0x08004d74     0x4  startup_stm32f429xx.o [1]
  .text               ro code  0x08004d78     0x4  startup_stm32f429xx.o [1]
  .text               ro code  0x08004d7c     0x4  startup_stm32f429xx.o [1]
  .text               ro code  0x08004d80     0x4  startup_stm32f429xx.o [1]
  .text               ro code  0x08004d84     0x4  startup_stm32f429xx.o [1]
  .text               ro code  0x08004d88     0x4  startup_stm32f429xx.o [1]
  .text               ro code  0x08004d8c     0x4  startup_stm32f429xx.o [1]
  .text               ro code  0x08004d90     0x4  startup_stm32f429xx.o [1]
  .text               ro code  0x08004d94     0x4  startup_stm32f429xx.o [1]
  .text               ro code  0x08004d98     0x4  startup_stm32f429xx.o [1]
  .text               ro code  0x08004d9c     0x4  startup_stm32f429xx.o [1]
  .text               ro code  0x08004da0     0x4  startup_stm32f429xx.o [1]
  .text               ro code  0x08004da4     0x4  startup_stm32f429xx.o [1]
  .text               ro code  0x08004da8     0x4  startup_stm32f429xx.o [1]
  .text               ro code  0x08004dac     0x4  startup_stm32f429xx.o [1]
  .text               ro code  0x08004db0     0x4  startup_stm32f429xx.o [1]
  .text               ro code  0x08004db4     0x4  startup_stm32f429xx.o [1]
  .text               ro code  0x08004db8     0x4  startup_stm32f429xx.o [1]
  .text               ro code  0x08004dbc     0x4  startup_stm32f429xx.o [1]
  .text               ro code  0x08004dc0     0x4  startup_stm32f429xx.o [1]
  .text               ro code  0x08004dc4     0x0  cstart_closeall.o [5]
  .rodata             const    0x08004dc4     0x0  zero_init3.o [5]
  .rodata             const    0x08004dc4     0x0  packbits_init_single.o [5]
  Initializer bytes   const    0x08004dc4    0x8a  <for P2-1>
                             - 0x08004e4e  0x4ca2

"P2", part 1 of 3:                          0x1ec
  P2-1                         0x20000000   0x1ec  <Init block>
    .data             inited   0x20000000     0x4  system_stm32f4xx.o [1]
    .data             inited   0x20000004    0x40  xfiles.o [3]
    .data             inited   0x20000044    0x40  xfiles.o [3]
    .data             inited   0x20000084    0x40  xfiles.o [3]
    .data             inited   0x200000c4    0x20  xfiles.o [3]
    .data             inited   0x200000e4     0x8  XShttio.o [3]
    __DLIB_PERTHREAD  inited   0x200000ec    0x88  localeconv.o [3]
    __DLIB_PERTHREAD  inited   0x20000174    0x74  setlocale.o [3]
    __DLIB_PERTHREAD  inited   0x200001e8     0x4  errno.o [3]
                             - 0x200001ec   0x1ec

"P2", part 2 of 3:                          0x600
  CSTACK                       0x200001f0   0x400  <Block>
    CSTACK            uninit   0x200001f0   0x400  <Block tail>
  HEAP                         0x200005f0   0x200  <Block>
    HEAP              uninit   0x200005f0   0x200  <Block tail>
                             - 0x200007f0   0x600

"P2", part 3 of 3:                          0x384
  .bss                zero     0x200007f0   0x1d8  dlmalloc.o [3]
  .bss                zero     0x200009c8    0x80  XShHandles.o [3]
  .bss                zero     0x20000a48    0x54  main.o [1]
  .bss                zero     0x20000a9c    0x50  xfiles.o [3]
  .bss                zero     0x20000aec    0x50  xfiles.o [3]
  .bss                zero     0x20000b3c    0x18  dlmalloc.o [3]
  .bss                zero     0x20000b54    0x11  MPU6050.o [1]
  .bss                zero     0x20000b68     0x4  I2Cdev.o [1]
  .bss                zero     0x20000b6c     0x4  stm32f4xx_hal.o [1]
  .bss                zero     0x20000b70     0x4  xgetmemchunk.o [3]
                             - 0x20000b74   0x384


*******************************************************************************
*** INIT TABLE
***

          Address     Size
          -------     ----
Zero (__iar_zero_init3)
    1 destination range, total size 0x384:
          0x200007f0  0x384

Copy/packbits (__iar_packbits_init_single3)
    1 source range, total size 0x8a (28% of destination):
          0x08004dc4   0x8a
    1 destination range, total size 0x1ec:
          0x20000000  0x1ec



*******************************************************************************
*** MODULE SUMMARY
***

    Module                  ro code  ro data  rw data
    ------                  -------  -------  -------
C:\stm_projects\disco_dc_motors\EWARM\disco_dc_motors\Obj: [1]
    I2Cdev.o                    272                 4
    MPU6050.o                   240                17
    main.o                      452                84
    startup_stm32f429xx.o       836
    stm32f4xx_hal.o             140                 4
    stm32f4xx_hal_cortex.o      182
    stm32f4xx_hal_gpio.o        512
    stm32f4xx_hal_i2c.o       2 226
    stm32f4xx_hal_rcc.o          48
    system_stm32f4xx.o           80        1        4
    -------------------------------------------------
    Total:                    4 988        1      113

command line: [2]
    -------------------------------------------------
    Total:

dl7M_tlf.a: [3]
    XShHandles.o                224               128
    XShttio.o                     8        3        8
    abort.o                       6
    div.o                        14
    dlmalloc.o                5 360               496
    errno.o                      12        2        4
    exit.o                        4
    fclose.o                    122
    fflush.o                    176
    fputc.o                      86
    fseek.o                      34
    localeconv.o                108       38      136
    low_level_init.o              4
    printf.o                     36
    putchar.o                    12
    setlocale.o                  20       32      116
    xcloseall.o                  88
    xencoding_sb.o               96
    xfgpos.o                     10
    xfiles.o                              62      384
    xfofind.o                   124
    xfspos.o                    214
    xfwprep.o                   182
    xgetmemchunk.o               44                 4
    xmbcurmax.o                  10
    xmbtowc.o                    32
    xprintffull.o             4 454
    xprout.o                     22
    xsyslock_nop.o                4
    xtls.o                        2
    xwctomb.o                    26
    -------------------------------------------------
    Total:                   11 534      137    1 276

m7M_tls.a: [4]
    DblAdd.o                    212
    DblCmpGe.o                   46
    DblCmpLe.o                   46
    DblDiv.o                    598
    DblMul.o                    418
    DblSub.o                    384
    DblToI32.o                   88
    I32ToDbl.o                   48
    fpinit_M.o                   34
    xdnorm.o                     66
    xdscale.o                   276
    -------------------------------------------------
    Total:                    2 216

rt7M_tl.a: [5]
    ABImemcpy_unaligned.o       118
    I64DivMod.o                 238
    I64DivZer.o                   2
    cexit.o                      14
    cmain.o                      26
    cstart_closeall.o
    cstartup_M.o                 12
    data_init.o                  40
    memchr.o                     88
    packbits_init_single.o       56
    strchr.o                     22
    strlen.o                     54
    zero_init3.o                 64
    -------------------------------------------------
    Total:                      734

shb_l.a: [6]
    close.o                      26
    dwrite.o                     30
    exit.o                       20
    iarttio.o                   108
    iarwrite.o                   34
    iarwstd.o                    32
    lseek.o                      76
    remove.o                     22
    write.o                      16
    -------------------------------------------------
    Total:                      364

    Gaps                         38        2        3
    Linker created                        32    1 536
-----------------------------------------------------
    Grand Total:             19 874      172    2 928


*******************************************************************************
*** ENTRY LIST
***

Entry                      Address   Size  Type      Object
-----                      -------   ----  ----      ------
.iar.init_table$$Base   0x08004bac          --   Gb  - Linker created -
.iar.init_table$$Limit  0x08004bcc          --   Gb  - Linker created -
?main                   0x08004bcd         Code  Gb  cmain.o [5]
APBAHBPrescTable        0x08003d6c   0x10  Data  Gb  stm32f4xx_hal_rcc.o [1]
CSTACK$$Base            0x200001f0          --   Gb  - Linker created -
CSTACK$$Limit           0x200005f0          --   Gb  - Linker created -
HAL_Delay               0x08003de3   0x18  Code  Wk  stm32f4xx_hal.o [1]
HAL_GPIO_Init           0x08003ec1  0x1ca  Code  Gb  stm32f4xx_hal_gpio.o [1]
HAL_GetTick             0x08003ddd    0x6  Code  Wk  stm32f4xx_hal.o [1]
HAL_I2C_Init            0x08003499   0xc4  Code  Gb  stm32f4xx_hal_i2c.o [1]
HAL_I2C_Master_Receive  0x08003649  0x13e  Code  Gb  stm32f4xx_hal_i2c.o [1]
HAL_I2C_Master_Transmit
                        0x0800356f   0xce  Code  Gb  stm32f4xx_hal_i2c.o [1]
HAL_I2C_Mem_Write       0x080037c5   0xd2  Code  Gb  stm32f4xx_hal_i2c.o [1]
HAL_I2C_MspInit         0x0800356d    0x2  Code  Wk  stm32f4xx_hal_i2c.o [1]
HAL_IncTick             0x08003dd3    0xa  Code  Wk  stm32f4xx_hal.o [1]
HAL_Init                0x08003d7d   0x30  Code  Gb  stm32f4xx_hal.o [1]
HAL_InitTick            0x08003daf   0x24  Code  Wk  stm32f4xx_hal.o [1]
HAL_MspInit             0x08003dad    0x2  Code  Wk  stm32f4xx_hal.o [1]
HAL_NVIC_SetPriority    0x08003e3d   0x3a  Code  Gb  stm32f4xx_hal_cortex.o [1]
HAL_NVIC_SetPriorityGrouping
                        0x08003e23   0x1a  Code  Gb  stm32f4xx_hal_cortex.o [1]
HAL_RCC_GetPCLK1Freq    0x08003d4d   0x12  Code  Gb  stm32f4xx_hal_rcc.o [1]
HAL_SYSTICK_Callback    0x08003ebd    0x2  Code  Wk  stm32f4xx_hal_cortex.o [1]
HAL_SYSTICK_Config      0x08003e77   0x28  Code  Gb  stm32f4xx_hal_cortex.o [1]
HAL_SYSTICK_IRQHandler  0x08003eb5    0x8  Code  Gb  stm32f4xx_hal_cortex.o [1]
HEAP$$Base              0x200005f0          --   Gb  - Linker created -
HEAP$$Limit             0x200007f0          --   Gb  - Linker created -
I2C_IsAcknowledgeFailed
                        0x08003d23   0x28  Code  Lc  stm32f4xx_hal_i2c.o [1]
I2C_MasterRequestRead   0x080039f9   0xc0  Code  Lc  stm32f4xx_hal_i2c.o [1]
I2C_MasterRequestWrite  0x08003989   0x70  Code  Lc  stm32f4xx_hal_i2c.o [1]
I2C_RequestMemoryWrite  0x08003ac7   0x74  Code  Lc  stm32f4xx_hal_i2c.o [1]
I2C_WaitOnBTFFlagUntilTimeout
                        0x08003c7b   0x32  Code  Lc  stm32f4xx_hal_i2c.o [1]
I2C_WaitOnFlagUntilTimeout
                        0x08003b81   0x4c  Code  Lc  stm32f4xx_hal_i2c.o [1]
I2C_WaitOnMasterAddressFlagUntilTimeout
                        0x08003bcd   0x68  Code  Lc  stm32f4xx_hal_i2c.o [1]
I2C_WaitOnRXNEFlagUntilTimeout
                        0x08003cc9   0x3e  Code  Lc  stm32f4xx_hal_i2c.o [1]
I2C_WaitOnTXEFlagUntilTimeout
                        0x08003c49   0x32  Code  Lc  stm32f4xx_hal_i2c.o [1]
I2Cdev_hi2c             0x20000b68    0x4  Data  Lc  I2Cdev.o [1]
I2Cdev_init             0x080042d5    0x6  Code  Gb  I2Cdev.o [1]
I2Cdev_readByte         0x080042db    0xe  Code  Gb  I2Cdev.o [1]
I2Cdev_readBytes        0x080042e9   0x1c  Code  Gb  I2Cdev.o [1]
I2Cdev_writeBit         0x0800432d   0x2c  Code  Gb  I2Cdev.o [1]
I2Cdev_writeBits        0x08004367   0x26  Code  Gb  I2Cdev.o [1]
I2Cdev_writeByte        0x080043ab    0xc  Code  Gb  I2Cdev.o [1]
I2Cdev_writeBytes       0x080043b7    0x4  Code  Gb  I2Cdev.o [1]
LoadInt                 0x08001da7   0x6e  Code  Lc  xprintffull.o [3]
MPU6050_getMotion6      0x08004467   0x68  Code  Gb  MPU6050.o [1]
MPU6050_initialize      0x08004409   0x26  Code  Gb  MPU6050.o [1]
MPU6050_setClockSource  0x080044e3    0xc  Code  Gb  MPU6050.o [1]
MPU6050_setFullScaleAccelRange
                        0x08004441    0xa  Code  Gb  MPU6050.o [1]
MPU6050_setFullScaleGyroRange
                        0x08004437    0xa  Code  Gb  MPU6050.o [1]
MPU6050_setSleepEnabled
                        0x080044d5    0x8  Code  Gb  MPU6050.o [1]
NVIC_SetPriority        0x08003e09   0x1a  Code  Lc  stm32f4xx_hal_cortex.o [1]
Region$$Table$$Base     0x08004bac          --   Gb  - Linker created -
Region$$Table$$Limit    0x08004bcc          --   Gb  - Linker created -
SysTick_Handler         0x08004237    0xe  Code  Gb  main.o [1]
SystemCoreClock         0x20000000    0x4  Data  Gb  system_stm32f4xx.o [1]
SystemInit              0x08004285   0x3a  Code  Gb  system_stm32f4xx.o [1]
_Close_all              0x08004a39   0x58  Code  Gb  xcloseall.o [3]
_EncodingSb_Mbtowc      0x08003377   0x30  Code  Gb  xencoding_sb.o [3]
_EncodingSb_Wctomb      0x0800335d   0x1a  Code  Gb  xencoding_sb.o [3]
_Files                  0x200000c4   0x20  Data  Gb  xfiles.o [3]
_Fofree                 0x08004911   0x78  Code  Gb  xfofind.o [3]
_Fspos                  0x080045d9   0xd6  Code  Gb  xfspos.o [3]
_Fwprep                 0x08004839   0xb6  Code  Gb  xfwprep.o [3]
_GenldFull              0x0800262b  0x24c  Code  Lc  xprintffull.o [3]
_IsdstStr               0x20000178    0x4  Data  Gb  setlocale.o [3]
_LdtobFull              0x08002229  0x3fc  Code  Lc  xprintffull.o [3]
_LitobFull              0x08002121  0x106  Code  Lc  xprintffull.o [3]
_LocaleEncoding         0x08003349    0xe  Code  Gb  setlocale.o [3]
_LocaleReturnString     0x20000198   0x50  Data  Lc  setlocale.o [3]
_Locale_Profile         0x2000017c   0x1c  Data  Gb  setlocale.o [3]
_Locale_aeabi_lconv     0x2000013c   0x38  Data  Gb  localeconv.o [3]
_Locale_lconv           0x200000ec   0x50  Data  Gb  localeconv.o [3]
_Mbtowc                 0x080028bf   0x20  Code  Gb  xmbtowc.o [3]
_Nnl                    0x08004761    0xa  Code  Gb  xfgpos.o [3]
_PrintfFull             0x08001759  0x638  Code  Gb  xprintffull.o [3]
_Prout                  0x08004bff   0x16  Code  Gb  xprout.o [3]
_PutcharsFull           0x08002877   0x2e  Code  Lc  xprintffull.o [3]
_PutstrFull             0x08001e15  0x306  Code  Lc  xprintffull.o [3]
_TzoneStr               0x20000174    0x4  Data  Gb  setlocale.o [3]
_Wctomb                 0x08002993   0x1a  Code  Gb  xwctomb.o [3]
__aeabi_cdcmple         0x08002b55         Code  Gb  DblCmpLe.o [4]
__aeabi_cdrcmple        0x08002b85         Code  Gb  DblCmpGe.o [4]
__aeabi_d2iz            0x08002cc9         Code  Gb  DblToI32.o [4]
__aeabi_d2uiz           0x08002cf5         Code  Gb  DblToI32.o [4]
__aeabi_ddiv            0x08003075         Code  Gb  DblDiv.o [4]
__aeabi_dmul            0x08002ed1         Code  Gb  DblMul.o [4]
__aeabi_dsub            0x08002d51         Code  Gb  DblSub.o [4]
__aeabi_errno_addr      0x080047b9    0x6  Code  Gb  errno.o [3]
__aeabi_i2d             0x08002d21         Code  Gb  I32ToDbl.o [4]
__aeabi_ldiv0           0x080033bd         Code  Gb  I64DivZer.o [5]
__aeabi_ui2d            0x08002d35         Code  Gb  I32ToDbl.o [4]
__aeabi_uldivmod        0x08002a25         Code  Gb  I64DivMod.o [5]
__cexit_closeall        0x08004bf3         Code  Gb  cexit.o [5]
__close                 0x08004a07   0x1a  Code  Gb  close.o [6]
__cmain                 0x08004bcd         Code  Gb  cmain.o [5]
__cstart_closeall       0x08004dc4         Data  Gb  cstart_closeall.o [5]
__data_GetMemChunk      0x080016a5   0x2c  Code  Gb  xgetmemchunk.o [3]
__dwrite                0x080047d9   0x1e  Code  Gb  dwrite.o [6]
__exit                  0x080016d1   0x14  Code  Gb  exit.o [6]
__iar_Dnorm             0x08002b13   0x42  Code  Gb  xdnorm.o [4]
__iar_Dscale            0x08002bb5  0x114  Code  Gb  xdscale.o [4]
__iar_Errno             0x200001e8    0x4  Data  Gb  errno.o [3]
__iar_Locale_lconv_init
                        0x080032cd   0x3a  Code  Gb  localeconv.o [3]
__iar_Lockfilelock      0x080047c5    0x2  Code  Gb  xsyslock_nop.o [3]
__iar_Mbcurmax          0x08002989    0xa  Code  Gb  xmbcurmax.o [3]
__iar_Memchr            0x08002931         Code  Gb  memchr.o [5]
__iar_Stderr            0x20000084   0x40  Data  Gb  xfiles.o [3]
__iar_Stdin             0x20000004   0x40  Data  Gb  xfiles.o [3]
__iar_Stdout            0x20000044   0x40  Data  Gb  xfiles.o [3]
__iar_Strchr            0x080028e1         Code  Gb  strchr.o [5]
__iar_Unlockfilelock    0x080047c7    0x2  Code  Gb  xsyslock_nop.o [3]
__iar_close_ttio        0x080016e5   0x2e  Code  Gb  iarttio.o [6]
__iar_d2uiz             0x08002d01         Code  Gb  DblToI32.o [4]
__iar_dadd              0x080033c1         Code  Gb  DblAdd.o [4]
__iar_data_init3        0x08004b61   0x28  Code  Gb  data_init.o [5]
__iar_dlfree            0x08001183  0x510  Code  Gb  dlmalloc.o [3]
__iar_dlib_perthread_access
                        0x08003495    0x2  Code  Gb  xtls.o [3]
__iar_dlmalloc          0x08000ecd  0x2aa  Code  Gb  dlmalloc.o [3]
__iar_dsub              0x08002d65         Code  Gb  DblSub.o [4]
__iar_dsubStart         0x08002d77         Code  Gb  DblSub.o [4]
__iar_get_ttio          0x08001715   0x38  Code  Gb  iarttio.o [6]
__iar_init_vfp          0x08004b89         Code  Gb  fpinit_M.o [4]
__iar_lookup_ttioh      0x08001751    0x8  Code  Gb  XShttio.o [3]
__iar_packbits_init_single3
                        0x08004b27   0x38  Code  Gb  packbits_init_single.o [5]
__iar_program_start     0x08004c31         Code  Gb  cstartup_M.o [5]
__iar_sh_Discard        0x080044f9   0x44  Code  Gb  XShHandles.o [3]
__iar_sh_Move           0x08004543   0x4c  Code  Gb  XShHandles.o [3]
__iar_sh_Pos            0x0800458f   0x44  Code  Gb  XShHandles.o [3]
__iar_sh_stdout         0x080047f7   0x20  Code  Gb  iarwstd.o [6]
__iar_sh_write          0x08004817   0x22  Code  Gb  iarwrite.o [6]
__iar_ttio_handles      0x200000e4    0x8  Data  Lc  XShttio.o [3]
__iar_ui2d              0x08002d39         Code  Gb  I32ToDbl.o [4]
__iar_unaligned___aeabi_memcpy
                        0x080029ad         Code  Gb  ABImemcpy_unaligned.o [5]
__iar_unaligned___aeabi_memcpy4
                        0x080029cd         Code  Gb  ABImemcpy_unaligned.o [5]
__iar_unaligned___aeabi_memcpy8
                        0x080029cd         Code  Gb  ABImemcpy_unaligned.o [5]
__iar_zero_init3        0x08004ae7   0x40  Code  Gb  zero_init3.o [5]
__low_level_init        0x08004be7    0x4  Code  Gb  low_level_init.o [3]
__lseek                 0x0800476b   0x4c  Code  Gb  lseek.o [6]
__vector_table          0x08000000         Data  Gb  startup_stm32f429xx.o [1]
__write                 0x080047c9   0x10  Code  Gb  write.o [6]
_call_main              0x08004bd9         Code  Gb  cmain.o [5]
_exit                   0x08004bf1         Code  Gb  cexit.o [5]
_gm_                    0x200007f0  0x1d8  Data  Lc  dlmalloc.o [3]
_main                   0x08004be3         Code  Gb  cmain.o [5]
abort                   0x0800169d    0x6  Code  Gb  abort.o [3]
buffer                  0x20000b54   0x10  Data  Lc  MPU6050.o [1]
devAddr                 0x20000b64    0x1  Data  Lc  MPU6050.o [1]
div                     0x08003339    0xe  Code  Gb  div.o [3]
ebuf                    0x20000a9c   0x50  Data  Lc  xfiles.o [3]
exit                    0x08004beb    0x4  Code  Gb  exit.o [3]
fclose                  0x0800498d   0x7a  Code  Gb  fclose.o [3]
fflush                  0x08004727   0x34  Code  Gb  fflush.o [3]
fflushOne               0x080046b1   0x76  Code  Lc  fflush.o [3]
fputc                   0x08004a91   0x56  Code  Gb  fputc.o [3]
fseek                   0x080048ef   0x22  Code  Gb  fseek.o [3]
hi2c3                   0x20000a48   0x54  Data  Gb  main.o [1]
init_mparams            0x080001c7   0x32  Code  Lc  dlmalloc.o [3]
init_top                0x080001f9   0x34  Code  Lc  dlmalloc.o [3]
localeconv              0x08003307   0x16  Code  Gb  localeconv.o [3]
main                    0x080040c1  0x14c  Code  Gb  main.o [1]
memchr                  0x08002931         Code  Gb  memchr.o [5]
mparams                 0x20000b3c   0x18  Data  Lc  dlmalloc.o [3]
obuf                    0x20000aec   0x50  Data  Lc  xfiles.o [3]
prepend_alloc           0x0800022d  0x36c  Code  Lc  dlmalloc.o [3]
printf                  0x080043e5   0x24  Code  Gb  printf.o [3]
putchar                 0x08004c15    0xc  Code  Gb  putchar.o [3]
remove                  0x08004a21   0x16  Code  Gb  remove.o [6]
sFileInfo               0x200009c8   0x80  Data  Lc  XShHandles.o [3]
segment_holding         0x080001ad   0x1a  Code  Lc  dlmalloc.o [3]
strchr                  0x080028e1         Code  Gb  strchr.o [5]
strlen                  0x080028f9         Code  Gb  strlen.o [5]
sys_alloc               0x08000599  0x386  Code  Lc  dlmalloc.o [3]
tmalloc_large           0x0800092d  0x390  Code  Lc  dlmalloc.o [3]
tmalloc_small           0x08000cbd  0x210  Code  Lc  dlmalloc.o [3]
uwTick                  0x20000b6c    0x4  Data  Gb  stm32f4xx_hal.o [1]


[1] = C:\stm_projects\disco_dc_motors\EWARM\disco_dc_motors\Obj
[2] = command line
[3] = dl7M_tlf.a
[4] = m7M_tls.a
[5] = rt7M_tl.a
[6] = shb_l.a

  19 874 bytes of readonly  code memory
     172 bytes of readonly  data memory
   2 928 bytes of readwrite data memory

Errors: none
Warnings: none
