###############################################################################
#
# IAR ELF Linker V7.50.2.10312/W32 for ARM                29/Oct/2016  10:51:49
# Copyright 2007-2015 IAR Systems AB.
#
#    Output file  =  
#        C:\stm_projects\disco_dc_motors\EWARM\disco_dc_motors\Exe\disco_dc_motors.out
#    Map file     =  
#        C:\stm_projects\disco_dc_motors\EWARM\disco_dc_motors\List\disco_dc_motors.map
#    Command line =  
#        C:\stm_projects\disco_dc_motors\EWARM\disco_dc_motors\Obj\I2Cdev.o
#        C:\stm_projects\disco_dc_motors\EWARM\disco_dc_motors\Obj\main.o
#        C:\stm_projects\disco_dc_motors\EWARM\disco_dc_motors\Obj\MPU6050.o
#        C:\stm_projects\disco_dc_motors\EWARM\disco_dc_motors\Obj\startup_stm32f429xx.o
#        C:\stm_projects\disco_dc_motors\EWARM\disco_dc_motors\Obj\stm32f4xx_hal.o
#        C:\stm_projects\disco_dc_motors\EWARM\disco_dc_motors\Obj\stm32f4xx_hal_cortex.o
#        C:\stm_projects\disco_dc_motors\EWARM\disco_dc_motors\Obj\stm32f4xx_hal_dma.o
#        C:\stm_projects\disco_dc_motors\EWARM\disco_dc_motors\Obj\stm32f4xx_hal_dma_ex.o
#        C:\stm_projects\disco_dc_motors\EWARM\disco_dc_motors\Obj\stm32f4xx_hal_flash.o
#        C:\stm_projects\disco_dc_motors\EWARM\disco_dc_motors\Obj\stm32f4xx_hal_flash_ex.o
#        C:\stm_projects\disco_dc_motors\EWARM\disco_dc_motors\Obj\stm32f4xx_hal_flash_ramfunc.o
#        C:\stm_projects\disco_dc_motors\EWARM\disco_dc_motors\Obj\stm32f4xx_hal_gpio.o
#        C:\stm_projects\disco_dc_motors\EWARM\disco_dc_motors\Obj\stm32f4xx_hal_i2c.o
#        C:\stm_projects\disco_dc_motors\EWARM\disco_dc_motors\Obj\stm32f4xx_hal_i2c_ex.o
#        C:\stm_projects\disco_dc_motors\EWARM\disco_dc_motors\Obj\stm32f4xx_hal_msp.o
#        C:\stm_projects\disco_dc_motors\EWARM\disco_dc_motors\Obj\stm32f4xx_hal_pwr.o
#        C:\stm_projects\disco_dc_motors\EWARM\disco_dc_motors\Obj\stm32f4xx_hal_pwr_ex.o
#        C:\stm_projects\disco_dc_motors\EWARM\disco_dc_motors\Obj\stm32f4xx_hal_rcc.o
#        C:\stm_projects\disco_dc_motors\EWARM\disco_dc_motors\Obj\stm32f4xx_hal_rcc_ex.o
#        C:\stm_projects\disco_dc_motors\EWARM\disco_dc_motors\Obj\stm32f4xx_hal_tim.o
#        C:\stm_projects\disco_dc_motors\EWARM\disco_dc_motors\Obj\stm32f4xx_hal_tim_ex.o
#        C:\stm_projects\disco_dc_motors\EWARM\disco_dc_motors\Obj\stm32f4xx_hal_uart.o
#        C:\stm_projects\disco_dc_motors\EWARM\disco_dc_motors\Obj\stm32f4xx_it.o
#        C:\stm_projects\disco_dc_motors\EWARM\disco_dc_motors\Obj\system_stm32f4xx.o
#        --redirect _Printf=_PrintfFull --redirect _Scanf=_ScanfFull -o
#        C:\stm_projects\disco_dc_motors\EWARM\disco_dc_motors\Exe\disco_dc_motors.out
#        --map
#        C:\stm_projects\disco_dc_motors\EWARM\disco_dc_motors\List\disco_dc_motors.map
#        --config C:\stm_projects\disco_dc_motors\EWARM/stm32f429xx_flash.icf
#        --semihosting --entry __iar_program_start --vfe
#
###############################################################################

*******************************************************************************
*** RUNTIME MODEL ATTRIBUTES
***

CppFlavor       = *
__Heap_Handler  = DLMalloc
__SystemLibrary = DLib


*******************************************************************************
*** PLACEMENT SUMMARY
***

"A1":  place at 0x08000000 { ro section .intvec };
"P1":  place in [from 0x08000000 to 0x081fffff] { ro };
"P2":  place in [from 0x20000000 to 0x2002ffff] { rw, block CSTACK, block HEAP };

  Section            Kind        Address    Size  Object
  -------            ----        -------    ----  ------
"A1":                                      0x1ac
  .intvec            ro code  0x08000000   0x1ac  startup_stm32f429xx.o [1]
                            - 0x080001ac   0x1ac

"P1":                                     0x2e9b
  .text              ro code  0x080001ac   0xf02  stm32f4xx_hal_i2c.o [1]
  .text              ro code  0x080010b0   0x204  stm32f4xx_hal_msp.o [1]
  .text              ro code  0x080012b4   0x434  stm32f4xx_hal_rcc.o [1]
  .text              ro code  0x080016e8    0x88  stm32f4xx_hal.o [1]
  .text              ro code  0x08001770    0xe2  stm32f4xx_hal_cortex.o [1]
  .text              ro code  0x08001854   0x236  stm32f4xx_hal_gpio.o [1]
  .text              ro code  0x08001a8c   0x65e  stm32f4xx_hal_tim.o [1]
  .text              ro code  0x080020ec    0x4e  stm32f4xx_hal_tim_ex.o [1]
  .text              ro code  0x0800213c   0x520  main.o [1]
  .text              ro code  0x0800265c   0x452  stm32f4xx_hal_uart.o [1]
  .text              ro code  0x08002ab0    0xf0  MPU6050.o [1]
  .text              ro code  0x08002ba0    0x24  stm32f4xx_hal_dma.o [1]
  .text              ro code  0x08002bc4   0x110  I2Cdev.o [1]
  .text              ro code  0x08002cd4    0xc4  stm32f4xx_it.o [1]
  .text              ro code  0x08002d98    0x50  system_stm32f4xx.o [1]
  .text              ro code  0x08002de8    0x38  packbits_init_single.o [5]
  .text              ro code  0x08002e20    0x28  data_init.o [5]
  .text              ro code  0x08002e48    0x22  fpinit_M.o [4]
  .iar.init_table    const    0x08002e6c    0x10  - Linker created -
  .text              ro code  0x08002e7c    0x1a  cmain.o [5]
  .text              ro code  0x08002e96     0x4  low_level_init.o [3]
  .text              ro code  0x08002e9a     0x4  exit.o [3]
  .text              ro code  0x08002ea0     0xa  cexit.o [5]
  .text              ro code  0x08002eac    0x14  exit.o [6]
  .text              ro code  0x08002ec0    0x10  startup_stm32f429xx.o [1]
  .text              ro code  0x08002ed0     0xc  cstartup_M.o [5]
  .text              ro code  0x08002edc     0x4  startup_stm32f429xx.o [1]
  .text              ro code  0x08002ee0     0x4  startup_stm32f429xx.o [1]
  .text              ro code  0x08002ee4     0x4  startup_stm32f429xx.o [1]
  .text              ro code  0x08002ee8     0x4  startup_stm32f429xx.o [1]
  .text              ro code  0x08002eec     0x4  startup_stm32f429xx.o [1]
  .text              ro code  0x08002ef0     0x4  startup_stm32f429xx.o [1]
  .text              ro code  0x08002ef4     0x4  startup_stm32f429xx.o [1]
  .text              ro code  0x08002ef8     0x4  startup_stm32f429xx.o [1]
  .text              ro code  0x08002efc     0x4  startup_stm32f429xx.o [1]
  .text              ro code  0x08002f00     0x4  startup_stm32f429xx.o [1]
  .text              ro code  0x08002f04     0x4  startup_stm32f429xx.o [1]
  .text              ro code  0x08002f08     0x4  startup_stm32f429xx.o [1]
  .text              ro code  0x08002f0c     0x4  startup_stm32f429xx.o [1]
  .text              ro code  0x08002f10     0x4  startup_stm32f429xx.o [1]
  .text              ro code  0x08002f14     0x4  startup_stm32f429xx.o [1]
  .text              ro code  0x08002f18     0x4  startup_stm32f429xx.o [1]
  .text              ro code  0x08002f1c     0x4  startup_stm32f429xx.o [1]
  .text              ro code  0x08002f20     0x4  startup_stm32f429xx.o [1]
  .text              ro code  0x08002f24     0x4  startup_stm32f429xx.o [1]
  .text              ro code  0x08002f28     0x4  startup_stm32f429xx.o [1]
  .text              ro code  0x08002f2c     0x4  startup_stm32f429xx.o [1]
  .text              ro code  0x08002f30     0x4  startup_stm32f429xx.o [1]
  .text              ro code  0x08002f34     0x4  startup_stm32f429xx.o [1]
  .text              ro code  0x08002f38     0x4  startup_stm32f429xx.o [1]
  .text              ro code  0x08002f3c     0x4  startup_stm32f429xx.o [1]
  .text              ro code  0x08002f40     0x4  startup_stm32f429xx.o [1]
  .text              ro code  0x08002f44     0x4  startup_stm32f429xx.o [1]
  .text              ro code  0x08002f48     0x4  startup_stm32f429xx.o [1]
  .text              ro code  0x08002f4c     0x4  startup_stm32f429xx.o [1]
  .text              ro code  0x08002f50     0x4  startup_stm32f429xx.o [1]
  .text              ro code  0x08002f54     0x4  startup_stm32f429xx.o [1]
  .text              ro code  0x08002f58     0x4  startup_stm32f429xx.o [1]
  .text              ro code  0x08002f5c     0x4  startup_stm32f429xx.o [1]
  .text              ro code  0x08002f60     0x4  startup_stm32f429xx.o [1]
  .text              ro code  0x08002f64     0x4  startup_stm32f429xx.o [1]
  .text              ro code  0x08002f68     0x4  startup_stm32f429xx.o [1]
  .text              ro code  0x08002f6c     0x4  startup_stm32f429xx.o [1]
  .text              ro code  0x08002f70     0x4  startup_stm32f429xx.o [1]
  .text              ro code  0x08002f74     0x4  startup_stm32f429xx.o [1]
  .text              ro code  0x08002f78     0x4  startup_stm32f429xx.o [1]
  .text              ro code  0x08002f7c     0x4  startup_stm32f429xx.o [1]
  .text              ro code  0x08002f80     0x4  startup_stm32f429xx.o [1]
  .text              ro code  0x08002f84     0x4  startup_stm32f429xx.o [1]
  .text              ro code  0x08002f88     0x4  startup_stm32f429xx.o [1]
  .text              ro code  0x08002f8c     0x4  startup_stm32f429xx.o [1]
  .text              ro code  0x08002f90     0x4  startup_stm32f429xx.o [1]
  .text              ro code  0x08002f94     0x4  startup_stm32f429xx.o [1]
  .text              ro code  0x08002f98     0x4  startup_stm32f429xx.o [1]
  .text              ro code  0x08002f9c     0x4  startup_stm32f429xx.o [1]
  .text              ro code  0x08002fa0     0x4  startup_stm32f429xx.o [1]
  .text              ro code  0x08002fa4     0x4  startup_stm32f429xx.o [1]
  .text              ro code  0x08002fa8     0x4  startup_stm32f429xx.o [1]
  .text              ro code  0x08002fac     0x4  startup_stm32f429xx.o [1]
  .text              ro code  0x08002fb0     0x4  startup_stm32f429xx.o [1]
  .text              ro code  0x08002fb4     0x4  startup_stm32f429xx.o [1]
  .text              ro code  0x08002fb8     0x4  startup_stm32f429xx.o [1]
  .text              ro code  0x08002fbc     0x4  startup_stm32f429xx.o [1]
  .text              ro code  0x08002fc0     0x4  startup_stm32f429xx.o [1]
  .text              ro code  0x08002fc4     0x4  startup_stm32f429xx.o [1]
  .text              ro code  0x08002fc8     0x4  startup_stm32f429xx.o [1]
  .text              ro code  0x08002fcc     0x4  startup_stm32f429xx.o [1]
  .text              ro code  0x08002fd0     0x4  startup_stm32f429xx.o [1]
  .text              ro code  0x08002fd4     0x4  startup_stm32f429xx.o [1]
  .text              ro code  0x08002fd8     0x4  startup_stm32f429xx.o [1]
  .text              ro code  0x08002fdc     0x4  startup_stm32f429xx.o [1]
  .text              ro code  0x08002fe0     0x4  startup_stm32f429xx.o [1]
  .text              ro code  0x08002fe4     0x4  startup_stm32f429xx.o [1]
  .text              ro code  0x08002fe8     0x4  startup_stm32f429xx.o [1]
  .text              ro code  0x08002fec     0x4  startup_stm32f429xx.o [1]
  .text              ro code  0x08002ff0     0x4  startup_stm32f429xx.o [1]
  .text              ro code  0x08002ff4     0x4  startup_stm32f429xx.o [1]
  .text              ro code  0x08002ff8     0x4  startup_stm32f429xx.o [1]
  .text              ro code  0x08002ffc     0x4  startup_stm32f429xx.o [1]
  .text              ro code  0x08003000     0x4  startup_stm32f429xx.o [1]
  .text              ro code  0x08003004     0x4  startup_stm32f429xx.o [1]
  .text              ro code  0x08003008     0x4  startup_stm32f429xx.o [1]
  .text              ro code  0x0800300c     0x4  startup_stm32f429xx.o [1]
  .text              ro code  0x08003010     0x4  startup_stm32f429xx.o [1]
  .text              ro code  0x08003014     0x4  startup_stm32f429xx.o [1]
  .text              ro code  0x08003018     0x4  startup_stm32f429xx.o [1]
  .text              ro code  0x0800301c     0x4  startup_stm32f429xx.o [1]
  .text              ro code  0x08003020     0x4  startup_stm32f429xx.o [1]
  .text              ro code  0x08003024     0x4  startup_stm32f429xx.o [1]
  .text              ro code  0x08003028     0x4  startup_stm32f429xx.o [1]
  .rodata            const    0x0800302c     0x0  packbits_init_single.o [5]
  Initializer bytes  const    0x0800302c    0x1b  <for P2-1>
                            - 0x08003047  0x2e9b

"P2", part 1 of 2:                         0x182
  P2-1                        0x20000000   0x182  <Init block>
    .data            inited   0x20000000   0x150  main.o [1]
    .data            inited   0x20000150     0x4  main.o [1]
    .data            inited   0x20000154     0x4  system_stm32f4xx.o [1]
    .bss             inited   0x20000158     0x4  I2Cdev.o [1]
    .bss             inited   0x2000015c     0x4  main.o [1]
    .bss             inited   0x20000160     0x4  main.o [1]
    .bss             inited   0x20000164    0x11  MPU6050.o [1]
    .bss             inited   0x20000178     0x4  stm32f4xx_hal.o [1]
    .bss             inited   0x2000017c     0x4  stm32f4xx_it.o [1]
    .data            inited   0x20000180     0x2  I2Cdev.o [1]
                            - 0x20000182   0x182

"P2", part 2 of 2:                         0x400
  CSTACK                      0x20000188   0x400  <Block>
    CSTACK           uninit   0x20000188   0x400  <Block tail>
                            - 0x20000588   0x400


*******************************************************************************
*** INIT TABLE
***

          Address     Size
          -------     ----
Copy/packbits (__iar_packbits_init_single3)
    1 source range, total size 0x1b (6% of destination):
          0x0800302c   0x1b
    1 destination range, total size 0x182:
          0x20000000  0x182



*******************************************************************************
*** MODULE SUMMARY
***

    Module                  ro code  ro data  rw data
    ------                  -------  -------  -------
C:\stm_projects\disco_dc_motors\EWARM\disco_dc_motors\Obj: [1]
    I2Cdev.o                    272        1        6
    MPU6050.o                   240        2       17
    main.o                    1 312       23      348
    startup_stm32f429xx.o       780
    stm32f4xx_hal.o             136                 4
    stm32f4xx_hal_cortex.o      226
    stm32f4xx_hal_dma.o          36
    stm32f4xx_hal_gpio.o        566
    stm32f4xx_hal_i2c.o       3 842
    stm32f4xx_hal_msp.o         516
    stm32f4xx_hal_rcc.o       1 076
    stm32f4xx_hal_tim.o       1 630
    stm32f4xx_hal_tim_ex.o       78
    stm32f4xx_hal_uart.o      1 106
    stm32f4xx_it.o              196                 4
    system_stm32f4xx.o           80        1        4
    -------------------------------------------------
    Total:                   12 092       27      383

command line: [2]
    -------------------------------------------------
    Total:

dl7M_tlf.a: [3]
    exit.o                        4
    low_level_init.o              4
    -------------------------------------------------
    Total:                        8

m7M_tls.a: [4]
    fpinit_M.o                   34
    -------------------------------------------------
    Total:                       34

rt7M_tl.a: [5]
    cexit.o                      10
    cmain.o                      26
    cstartup_M.o                 12
    data_init.o                  40
    packbits_init_single.o       56
    -------------------------------------------------
    Total:                      144

shb_l.a: [6]
    exit.o                       20
    -------------------------------------------------
    Total:                       20

    Gaps                         16        2        3
    Linker created                        16    1 024
-----------------------------------------------------
    Grand Total:             12 314       45    1 410


*******************************************************************************
*** ENTRY LIST
***

Entry                      Address   Size  Type      Object
-----                      -------   ----  ----      ------
.iar.init_table$$Base   0x08002e6c          --   Gb  - Linker created -
.iar.init_table$$Limit  0x08002e7c          --   Gb  - Linker created -
?main                   0x08002e7d         Code  Gb  cmain.o [5]
APBAHBPrescTable        0x080016d8   0x10  Data  Gb  stm32f4xx_hal_rcc.o [1]
BusFault_Handler        0x08002cdb    0x2  Code  Gb  stm32f4xx_it.o [1]
CSTACK$$Base            0x20000188          --   Gb  - Linker created -
CSTACK$$Limit           0x20000588          --   Gb  - Linker created -
DebugMon_Handler        0x08002ce1    0x2  Code  Gb  stm32f4xx_it.o [1]
EXTI0_IRQHandler        0x08002cf3   0x46  Code  Gb  stm32f4xx_it.o [1]
EXTI9_5_IRQHandler      0x08002d39   0x14  Code  Gb  stm32f4xx_it.o [1]
HAL_DMA_Abort_IT        0x08002ba1   0x24  Code  Gb  stm32f4xx_hal_dma.o [1]
HAL_Delay               0x0800174d   0x18  Code  Wk  stm32f4xx_hal.o [1]
HAL_GPIO_EXTI_Callback  0x08001a89    0x2  Code  Wk  stm32f4xx_hal_gpio.o [1]
HAL_GPIO_EXTI_IRQHandler
                        0x08001a3b   0x14  Code  Gb  stm32f4xx_hal_gpio.o [1]
HAL_GPIO_Init           0x08001855  0x1ca  Code  Gb  stm32f4xx_hal_gpio.o [1]
HAL_GPIO_ReadPin        0x08001a1f    0xc  Code  Gb  stm32f4xx_hal_gpio.o [1]
HAL_GPIO_TogglePin      0x08001a33    0x8  Code  Gb  stm32f4xx_hal_gpio.o [1]
HAL_GPIO_WritePin       0x08001a2b    0x8  Code  Gb  stm32f4xx_hal_gpio.o [1]
HAL_GetTick             0x08001747    0x6  Code  Wk  stm32f4xx_hal.o [1]
HAL_I2C_AddrCallback    0x08000911    0x2  Code  Wk  stm32f4xx_hal_i2c.o [1]
HAL_I2C_EV_IRQHandler   0x08000695  0x232  Code  Gb  stm32f4xx_hal_i2c.o [1]
HAL_I2C_Init            0x080001ad   0xc4  Code  Gb  stm32f4xx_hal_i2c.o [1]
HAL_I2C_ListenCpltCallback
                        0x08000913    0x2  Code  Wk  stm32f4xx_hal_i2c.o [1]
HAL_I2C_MasterRxCpltCallback
                        0x0800090b    0x2  Code  Wk  stm32f4xx_hal_i2c.o [1]
HAL_I2C_MasterTxCpltCallback
                        0x08000909    0x2  Code  Wk  stm32f4xx_hal_i2c.o [1]
HAL_I2C_Master_Receive  0x0800035b  0x13e  Code  Gb  stm32f4xx_hal_i2c.o [1]
HAL_I2C_Master_Transmit
                        0x08000281   0xce  Code  Gb  stm32f4xx_hal_i2c.o [1]
HAL_I2C_MemRxCpltCallback
                        0x08000917    0x2  Code  Wk  stm32f4xx_hal_i2c.o [1]
HAL_I2C_MemTxCpltCallback
                        0x08000915    0x2  Code  Wk  stm32f4xx_hal_i2c.o [1]
HAL_I2C_Mem_Write       0x080004d5   0xd2  Code  Gb  stm32f4xx_hal_i2c.o [1]
HAL_I2C_MspInit         0x08001111   0x50  Code  Gb  stm32f4xx_hal_msp.o [1]
HAL_I2C_SlaveRxCpltCallback
                        0x0800090f    0x2  Code  Wk  stm32f4xx_hal_i2c.o [1]
HAL_I2C_SlaveTxCpltCallback
                        0x0800090d    0x2  Code  Wk  stm32f4xx_hal_i2c.o [1]
HAL_IncTick             0x0800173d    0xa  Code  Wk  stm32f4xx_hal.o [1]
HAL_Init                0x080016e9   0x30  Code  Gb  stm32f4xx_hal.o [1]
HAL_InitTick            0x08001719   0x24  Code  Wk  stm32f4xx_hal.o [1]
HAL_MspInit             0x080010b1   0x60  Code  Gb  stm32f4xx_hal_msp.o [1]
HAL_NVIC_EnableIRQ      0x080017df    0xc  Code  Gb  stm32f4xx_hal_cortex.o [1]
HAL_NVIC_SetPriority    0x080017a5   0x3a  Code  Gb  stm32f4xx_hal_cortex.o [1]
HAL_NVIC_SetPriorityGrouping
                        0x0800178b   0x1a  Code  Gb  stm32f4xx_hal_cortex.o [1]
HAL_RCC_ClockConfig     0x080014ff  0x12c  Code  Gb  stm32f4xx_hal_rcc.o [1]
HAL_RCC_GetHCLKFreq     0x0800167f    0x6  Code  Gb  stm32f4xx_hal_rcc.o [1]
HAL_RCC_GetPCLK1Freq    0x08001685   0x12  Code  Gb  stm32f4xx_hal_rcc.o [1]
HAL_RCC_GetPCLK2Freq    0x08001697   0x10  Code  Gb  stm32f4xx_hal_rcc.o [1]
HAL_RCC_GetSysClockFreq
                        0x08001639   0x46  Code  Wk  stm32f4xx_hal_rcc.o [1]
HAL_RCC_OscConfig       0x080012b5  0x242  Code  Wk  stm32f4xx_hal_rcc.o [1]
HAL_SYSTICK_CLKSourceConfig
                        0x0800181b   0x14  Code  Gb  stm32f4xx_hal_cortex.o [1]
HAL_SYSTICK_Callback    0x08001851    0x2  Code  Wk  stm32f4xx_hal_cortex.o [1]
HAL_SYSTICK_Config      0x080017f3   0x28  Code  Gb  stm32f4xx_hal_cortex.o [1]
HAL_SYSTICK_IRQHandler  0x08001849    0x8  Code  Gb  stm32f4xx_hal_cortex.o [1]
HAL_TIMEx_BreakCallback
                        0x08002139    0x2  Code  Wk  stm32f4xx_hal_tim_ex.o [1]
HAL_TIMEx_CommutationCallback
                        0x08002137    0x2  Code  Wk  stm32f4xx_hal_tim_ex.o [1]
HAL_TIMEx_MasterConfigSynchronization
                        0x080020ed   0x4a  Code  Gb  stm32f4xx_hal_tim_ex.o [1]
HAL_TIM_Base_Init       0x08001a8d   0x1a  Code  Gb  stm32f4xx_hal_tim.o [1]
HAL_TIM_Base_MspInit    0x08001177   0x62  Code  Gb  stm32f4xx_hal_msp.o [1]
HAL_TIM_Base_Start_IT   0x08001aa7   0x16  Code  Gb  stm32f4xx_hal_tim.o [1]
HAL_TIM_Base_Stop_IT    0x08001abd   0x2a  Code  Gb  stm32f4xx_hal_tim.o [1]
HAL_TIM_ConfigClockSource
                        0x08001d81   0xa8  Code  Gb  stm32f4xx_hal_tim.o [1]
HAL_TIM_IC_CaptureCallback
                        0x08001e55    0x2  Code  Wk  stm32f4xx_hal_tim.o [1]
HAL_TIM_IRQHandler      0x08001b61  0x14a  Code  Gb  stm32f4xx_hal_tim.o [1]
HAL_TIM_MspPostInit     0x080011ff   0x2c  Code  Gb  stm32f4xx_hal_msp.o [1]
HAL_TIM_OC_DelayElapsedCallback
                        0x08001e53    0x2  Code  Wk  stm32f4xx_hal_tim.o [1]
HAL_TIM_PWM_ConfigChannel
                        0x08001cab   0xb8  Code  Gb  stm32f4xx_hal_tim.o [1]
HAL_TIM_PWM_Init        0x08001b11   0x1a  Code  Gb  stm32f4xx_hal_tim.o [1]
HAL_TIM_PWM_MspInit     0x080011d9   0x26  Code  Gb  stm32f4xx_hal_msp.o [1]
HAL_TIM_PWM_PulseFinishedCallback
                        0x08001e57    0x2  Code  Wk  stm32f4xx_hal_tim.o [1]
HAL_TIM_PWM_Start       0x08001b33   0x14  Code  Gb  stm32f4xx_hal_tim.o [1]
HAL_TIM_PeriodElapsedCallback
                        0x08001e51    0x2  Code  Wk  stm32f4xx_hal_tim.o [1]
HAL_TIM_TriggerCallback
                        0x08001e59    0x2  Code  Wk  stm32f4xx_hal_tim.o [1]
HAL_UART_ErrorCallback  0x08002875    0x2  Code  Wk  stm32f4xx_hal_uart.o [1]
HAL_UART_IRQHandler     0x0800271d  0x148  Code  Gb  stm32f4xx_hal_uart.o [1]
HAL_UART_Init           0x0800265d   0x28  Code  Gb  stm32f4xx_hal_uart.o [1]
HAL_UART_MspInit        0x0800122b   0x50  Code  Gb  stm32f4xx_hal_msp.o [1]
HAL_UART_Receive_IT     0x080026cb   0x4c  Code  Gb  stm32f4xx_hal_uart.o [1]
HAL_UART_RxCpltCallback
                        0x08002873    0x2  Code  Wk  stm32f4xx_hal_uart.o [1]
HAL_UART_TxCpltCallback
                        0x08002871    0x2  Code  Wk  stm32f4xx_hal_uart.o [1]
HardFault_Handler       0x08002cd7    0x2  Code  Gb  stm32f4xx_it.o [1]
I2C3_EV_IRQHandler      0x08002d77    0x6  Code  Gb  stm32f4xx_it.o [1]
I2C_IsAcknowledgeFailed
                        0x08001087   0x28  Code  Lc  stm32f4xx_hal_i2c.o [1]
I2C_MasterReceive_BTF   0x08000b0d   0x92  Code  Lc  stm32f4xx_hal_i2c.o [1]
I2C_MasterReceive_RXNE  0x08000a73   0x82  Code  Lc  stm32f4xx_hal_i2c.o [1]
I2C_MasterRequestRead   0x08000d45   0xc0  Code  Lc  stm32f4xx_hal_i2c.o [1]
I2C_MasterRequestWrite  0x08000cd5   0x70  Code  Lc  stm32f4xx_hal_i2c.o [1]
I2C_MasterTransmit_BTF  0x080009d5   0x48  Code  Lc  stm32f4xx_hal_i2c.o [1]
I2C_MasterTransmit_TXE  0x08000919   0xbc  Code  Lc  stm32f4xx_hal_i2c.o [1]
I2C_Master_ADDR         0x08000be9   0xce  Code  Lc  stm32f4xx_hal_i2c.o [1]
I2C_RequestMemoryWrite  0x08000e13   0x74  Code  Lc  stm32f4xx_hal_i2c.o [1]
I2C_WaitOnBTFFlagUntilTimeout
                        0x08000fdf   0x32  Code  Lc  stm32f4xx_hal_i2c.o [1]
I2C_WaitOnFlagUntilTimeout
                        0x08000ee5   0x4c  Code  Lc  stm32f4xx_hal_i2c.o [1]
I2C_WaitOnMasterAddressFlagUntilTimeout
                        0x08000f31   0x68  Code  Lc  stm32f4xx_hal_i2c.o [1]
I2C_WaitOnRXNEFlagUntilTimeout
                        0x0800102d   0x3e  Code  Lc  stm32f4xx_hal_i2c.o [1]
I2C_WaitOnTXEFlagUntilTimeout
                        0x08000fad   0x32  Code  Lc  stm32f4xx_hal_i2c.o [1]
I2Cdev_hi2c             0x20000158    0x4  Data  Gb  I2Cdev.o [1]
I2Cdev_readByte         0x08002bc5    0xe  Code  Gb  I2Cdev.o [1]
I2Cdev_readBytes        0x08002bd3   0x1c  Code  Gb  I2Cdev.o [1]
I2Cdev_readTimeout      0x20000180    0x2  Data  Gb  I2Cdev.o [1]
I2Cdev_writeBit         0x08002c17   0x2e  Code  Gb  I2Cdev.o [1]
I2Cdev_writeBits        0x08002c53   0x26  Code  Gb  I2Cdev.o [1]
I2Cdev_writeByte        0x08002c97    0xc  Code  Gb  I2Cdev.o [1]
I2Cdev_writeBytes       0x08002ca3    0x4  Code  Gb  I2Cdev.o [1]
MPU6050_getMotion6      0x08002b0f   0x68  Code  Gb  MPU6050.o [1]
MPU6050_initialize      0x08002ab1   0x26  Code  Gb  MPU6050.o [1]
MPU6050_setClockSource  0x08002b8b    0xc  Code  Gb  MPU6050.o [1]
MPU6050_setFullScaleAccelRange
                        0x08002ae9    0xa  Code  Gb  MPU6050.o [1]
MPU6050_setFullScaleGyroRange
                        0x08002adf    0xa  Code  Gb  MPU6050.o [1]
MPU6050_setSleepEnabled
                        0x08002b7d    0x8  Code  Gb  MPU6050.o [1]
MT_HIGH_SPEED           0x20000150    0x4  Data  Gb  main.o [1]
MT_LOW_SPEED            0x2000014c    0x4  Data  Gb  main.o [1]
MT_MEDIUM_SPEED         0x20000148    0x4  Data  Gb  main.o [1]
MT_NO_SPEED             0x20000160    0x4  Data  Gb  main.o [1]
MX_GPIO_Init            0x0800242f  0x110  Code  Lc  main.o [1]
MemManage_Handler       0x08002cd9    0x2  Code  Gb  stm32f4xx_it.o [1]
NMI_Handler             0x08002cd5    0x2  Code  Gb  stm32f4xx_it.o [1]
NVIC_SetPriority        0x08001771   0x1a  Code  Lc  stm32f4xx_hal_cortex.o [1]
PendSV_Handler          0x08002ce3    0x2  Code  Gb  stm32f4xx_it.o [1]
Region$$Table$$Base     0x08002e6c          --   Gb  - Linker created -
Region$$Table$$Limit    0x08002e7c          --   Gb  - Linker created -
SVC_Handler             0x08002cdf    0x2  Code  Gb  stm32f4xx_it.o [1]
SysTick_Handler         0x08002ce5    0xe  Code  Gb  stm32f4xx_it.o [1]
SystemClock_Config      0x0800237f   0xb0  Code  Gb  main.o [1]
SystemCoreClock         0x20000154    0x4  Data  Gb  system_stm32f4xx.o [1]
SystemInit              0x08002d99   0x3a  Code  Gb  system_stm32f4xx.o [1]
TIM3_IRQHandler         0x08002d4d   0x1e  Code  Gb  stm32f4xx_it.o [1]
TIM4_IRQHandler         0x08002d6b    0x6  Code  Gb  stm32f4xx_it.o [1]
TIM_Base_SetConfig      0x08001e5b   0x90  Code  Gb  stm32f4xx_hal_tim.o [1]
TIM_CCxChannelCmd       0x08001f3f   0x18  Code  Gb  stm32f4xx_hal_tim.o [1]
TIM_ETR_SetConfig       0x080020d7   0x14  Code  Lc  stm32f4xx_hal_tim.o [1]
TIM_ITRx_SetConfig      0x080020c7   0x10  Code  Lc  stm32f4xx_hal_tim.o [1]
TIM_OC1_SetConfig       0x08001f57   0x4a  Code  Lc  stm32f4xx_hal_tim.o [1]
TIM_OC2_SetConfig       0x08001eed   0x52  Code  Gb  stm32f4xx_hal_tim.o [1]
TIM_OC3_SetConfig       0x08001fad   0x56  Code  Lc  stm32f4xx_hal_tim.o [1]
TIM_OC4_SetConfig       0x08002009   0x46  Code  Lc  stm32f4xx_hal_tim.o [1]
TIM_TI1_ConfigInputStage
                        0x08002081   0x22  Code  Lc  stm32f4xx_hal_tim.o [1]
TIM_TI2_ConfigInputStage
                        0x080020a3   0x24  Code  Lc  stm32f4xx_hal_tim.o [1]
UART_DMAAbortOnError    0x08002895   0x10  Code  Lc  stm32f4xx_hal_uart.o [1]
UART_EndRxTransfer      0x08002877   0x1c  Code  Lc  stm32f4xx_hal_uart.o [1]
UART_Receive_IT         0x080028a5   0x7e  Code  Lc  stm32f4xx_hal_uart.o [1]
UART_SetConfig          0x08002931  0x13a  Code  Lc  stm32f4xx_hal_uart.o [1]
USART3_IRQHandler       0x08002d71    0x6  Code  Gb  stm32f4xx_it.o [1]
USEchoDistance          0x2000015c    0x4  Data  Gb  main.o [1]
USEchoTime              0x2000017c    0x4  Data  Gb  stm32f4xx_it.o [1]
UsageFault_Handler      0x08002cdd    0x2  Code  Gb  stm32f4xx_it.o [1]
__cmain                 0x08002e7d         Code  Gb  cmain.o [5]
__exit                  0x08002ead   0x14  Code  Gb  exit.o [6]
__iar_data_init3        0x08002e21   0x28  Code  Gb  data_init.o [5]
__iar_init_vfp          0x08002e49         Code  Gb  fpinit_M.o [4]
__iar_packbits_init_single3
                        0x08002de9   0x38  Code  Gb  packbits_init_single.o [5]
__iar_program_start     0x08002ed1         Code  Gb  cstartup_M.o [5]
__low_level_init        0x08002e97    0x4  Code  Gb  low_level_init.o [3]
__vector_table          0x08000000         Data  Gb  startup_stm32f429xx.o [1]
_call_main              0x08002e89         Code  Gb  cmain.o [5]
_exit                   0x08002ea1         Code  Gb  cexit.o [5]
_main                   0x08002e93         Code  Gb  cmain.o [5]
buffer                  0x20000164   0x10  Data  Lc  MPU6050.o [1]
devAddr                 0x20000174    0x1  Data  Lc  MPU6050.o [1]
exit                    0x08002e9b    0x4  Code  Gb  exit.o [3]
hi2c3                   0x20000040   0x54  Data  Gb  main.o [1]
htim3                   0x20000094   0x3c  Data  Gb  main.o [1]
htim4                   0x200000d0   0x3c  Data  Gb  main.o [1]
htim9                   0x2000010c   0x3c  Data  Gb  main.o [1]
huart3                  0x20000000   0x40  Data  Gb  main.o [1]
main                    0x0800213d  0x22c  Code  Gb  main.o [1]
motors_stop             0x080025a1   0x18  Code  Gb  main.o [1]
move_backward           0x08002579   0x20  Code  Gb  main.o [1]
move_forward            0x0800254b   0x22  Code  Gb  main.o [1]
turn_left               0x080025e1   0x16  Code  Gb  main.o [1]
turn_right              0x080025b9   0x18  Code  Gb  main.o [1]
uwTick                  0x20000178    0x4  Data  Gb  stm32f4xx_hal.o [1]


[1] = C:\stm_projects\disco_dc_motors\EWARM\disco_dc_motors\Obj
[2] = command line
[3] = dl7M_tlf.a
[4] = m7M_tls.a
[5] = rt7M_tl.a
[6] = shb_l.a

  12 314 bytes of readonly  code memory
      45 bytes of readonly  data memory
   1 410 bytes of readwrite data memory

Errors: none
Warnings: none
