###############################################################################
#
# IAR ELF Linker V7.50.2.10312/W32 for ARM                17/Oct/2016  11:15:05
# Copyright 2007-2015 IAR Systems AB.
#
#    Output file  =  
#        C:\stm_projects\disco_dc_motors\EWARM\disco_dc_motors\Exe\disco_dc_motors.out
#    Map file     =  
#        C:\stm_projects\disco_dc_motors\EWARM\disco_dc_motors\List\disco_dc_motors.map
#    Command line =  
#        C:\stm_projects\disco_dc_motors\EWARM\disco_dc_motors\Obj\I2Cdev.o
#        C:\stm_projects\disco_dc_motors\EWARM\disco_dc_motors\Obj\main.o
#        C:\stm_projects\disco_dc_motors\EWARM\disco_dc_motors\Obj\MPU6050.o
#        C:\stm_projects\disco_dc_motors\EWARM\disco_dc_motors\Obj\startup_stm32f429xx.o
#        C:\stm_projects\disco_dc_motors\EWARM\disco_dc_motors\Obj\stm32f4xx_hal.o
#        C:\stm_projects\disco_dc_motors\EWARM\disco_dc_motors\Obj\stm32f4xx_hal_cortex.o
#        C:\stm_projects\disco_dc_motors\EWARM\disco_dc_motors\Obj\stm32f4xx_hal_dma.o
#        C:\stm_projects\disco_dc_motors\EWARM\disco_dc_motors\Obj\stm32f4xx_hal_dma_ex.o
#        C:\stm_projects\disco_dc_motors\EWARM\disco_dc_motors\Obj\stm32f4xx_hal_flash.o
#        C:\stm_projects\disco_dc_motors\EWARM\disco_dc_motors\Obj\stm32f4xx_hal_flash_ex.o
#        C:\stm_projects\disco_dc_motors\EWARM\disco_dc_motors\Obj\stm32f4xx_hal_flash_ramfunc.o
#        C:\stm_projects\disco_dc_motors\EWARM\disco_dc_motors\Obj\stm32f4xx_hal_gpio.o
#        C:\stm_projects\disco_dc_motors\EWARM\disco_dc_motors\Obj\stm32f4xx_hal_i2c.o
#        C:\stm_projects\disco_dc_motors\EWARM\disco_dc_motors\Obj\stm32f4xx_hal_i2c_ex.o
#        C:\stm_projects\disco_dc_motors\EWARM\disco_dc_motors\Obj\stm32f4xx_hal_msp.o
#        C:\stm_projects\disco_dc_motors\EWARM\disco_dc_motors\Obj\stm32f4xx_hal_pwr.o
#        C:\stm_projects\disco_dc_motors\EWARM\disco_dc_motors\Obj\stm32f4xx_hal_pwr_ex.o
#        C:\stm_projects\disco_dc_motors\EWARM\disco_dc_motors\Obj\stm32f4xx_hal_rcc.o
#        C:\stm_projects\disco_dc_motors\EWARM\disco_dc_motors\Obj\stm32f4xx_hal_rcc_ex.o
#        C:\stm_projects\disco_dc_motors\EWARM\disco_dc_motors\Obj\stm32f4xx_hal_tim.o
#        C:\stm_projects\disco_dc_motors\EWARM\disco_dc_motors\Obj\stm32f4xx_hal_tim_ex.o
#        C:\stm_projects\disco_dc_motors\EWARM\disco_dc_motors\Obj\stm32f4xx_hal_uart.o
#        C:\stm_projects\disco_dc_motors\EWARM\disco_dc_motors\Obj\stm32f4xx_it.o
#        C:\stm_projects\disco_dc_motors\EWARM\disco_dc_motors\Obj\system_stm32f4xx.o
#        --redirect _Printf=_PrintfFull --redirect _Scanf=_ScanfFull -o
#        C:\stm_projects\disco_dc_motors\EWARM\disco_dc_motors\Exe\disco_dc_motors.out
#        --map
#        C:\stm_projects\disco_dc_motors\EWARM\disco_dc_motors\List\disco_dc_motors.map
#        --config C:\stm_projects\disco_dc_motors\EWARM/stm32f429xx_flash.icf
#        --semihosting --entry __iar_program_start --vfe
#
###############################################################################

*******************************************************************************
*** RUNTIME MODEL ATTRIBUTES
***

CppFlavor                     = *
__Heap_Handler                = DLMalloc
__SystemLibrary               = DLib
__dlib_dynamic_initialization = normal


*******************************************************************************
*** PLACEMENT SUMMARY
***

"A1":  place at 0x08000000 { ro section .intvec };
"P1":  place in [from 0x08000000 to 0x081fffff] { ro };
"P2":  place in [from 0x20000000 to 0x2002ffff] { rw, block CSTACK, block HEAP };

  Section             Kind        Address    Size  Object
  -------             ----        -------    ----  ------
"A1":                                       0x1ac
  .intvec             ro code  0x08000000   0x1ac  startup_stm32f429xx.o [1]
                             - 0x080001ac   0x1ac

"P1":                                      0x691f
  .text               ro code  0x080001ac  0x14f0  dlmalloc.o [3]
  .text               ro code  0x0800169c     0x6  abort.o [3]
  .text               ro code  0x080016a4    0x2c  xgetmemchunk.o [3]
  .text               ro code  0x080016d0    0x14  exit.o [6]
  .text               ro code  0x080016e4    0x6c  iarttio.o [6]
  .text               ro code  0x08001750     0x8  XShttio.o [3]
  .text               ro code  0x08001758  0x1166  xprintffull.o [3]
  .text               ro code  0x080028be    0x20  xmbtowc.o [3]
  .text               ro code  0x080028e0    0x16  strchr.o [5]
  .text               ro code  0x080028f8    0x36  strlen.o [5]
  .text               ro code  0x08002930    0x58  memchr.o [5]
  .text               ro code  0x08002988     0xa  xmbcurmax.o [3]
  .text               ro code  0x08002992    0x1a  xwctomb.o [3]
  .text               ro code  0x080029ac    0x76  ABImemcpy_unaligned.o [5]
  .text               ro code  0x08002a24    0xee  I64DivMod.o [5]
  .text               ro code  0x08002b12    0x42  xdnorm.o [4]
  .text               ro code  0x08002b54    0x2e  DblCmpLe.o [4]
  .text               ro code  0x08002b84    0x2e  DblCmpGe.o [4]
  .text               ro code  0x08002bb4   0x114  xdscale.o [4]
  .text               ro code  0x08002cc8    0x58  DblToI32.o [4]
  .text               ro code  0x08002d20    0x30  I32ToDbl.o [4]
  .text               ro code  0x08002d50   0x180  DblSub.o [4]
  .text               ro code  0x08002ed0   0x1a2  DblMul.o [4]
  .text               ro code  0x08003074   0x256  DblDiv.o [4]
  .text               ro code  0x080032cc    0x6c  localeconv.o [3]
  .text               ro code  0x08003338     0xe  div.o [3]
  .text               ro code  0x08003348    0x14  setlocale.o [3]
  .text               ro code  0x0800335c    0x60  xencoding_sb.o [3]
  .text               ro code  0x080033bc     0x2  I64DivZer.o [5]
  .text               ro code  0x080033c0    0xd4  DblAdd.o [4]
  .text               ro code  0x08003494     0x2  xtls.o [3]
  .text               ro code  0x08003498   0xf02  stm32f4xx_hal_i2c.o [1]
  .text               ro code  0x0800439c   0x204  stm32f4xx_hal_msp.o [1]
  .text               ro code  0x080045a0   0x434  stm32f4xx_hal_rcc.o [1]
  .text               ro code  0x080049d4    0x88  stm32f4xx_hal.o [1]
  .text               ro code  0x08004a5c    0xe2  stm32f4xx_hal_cortex.o [1]
  .text               ro code  0x08004b40   0x236  stm32f4xx_hal_gpio.o [1]
  .text               ro code  0x08004d78   0x65e  stm32f4xx_hal_tim.o [1]
  .text               ro code  0x080053d8    0x4e  stm32f4xx_hal_tim_ex.o [1]
  .text               ro code  0x08005428   0x5c4  main.o [1]
  .text               ro code  0x080059ec   0x452  stm32f4xx_hal_uart.o [1]
  .text               ro code  0x08005e40    0xf0  MPU6050.o [1]
  .text               ro code  0x08005f30    0x24  printf.o [3]
  .text               ro code  0x08005f54    0x24  stm32f4xx_hal_dma.o [1]
  .text               ro code  0x08005f78   0x110  I2Cdev.o [1]
  .text               ro code  0x08006088    0xe0  XShHandles.o [3]
  .text               ro code  0x08006168    0xd6  xfspos.o [3]
  .text               ro code  0x08006240    0xb0  fflush.o [3]
  .text               ro code  0x080062f0     0xa  xfgpos.o [3]
  .text               ro code  0x080062fa    0x4c  lseek.o [6]
  .text               ro code  0x08006348     0xc  errno.o [3]
  .text               ro code  0x08006354     0x4  xsyslock_nop.o [3]
  .text               ro code  0x08006358    0x10  write.o [6]
  .text               ro code  0x08006368    0x1e  dwrite.o [6]
  .text               ro code  0x08006386    0x20  iarwstd.o [6]
  .text               ro code  0x080063a6    0x22  iarwrite.o [6]
  .text               ro code  0x080063c8    0xc4  stm32f4xx_it.o [1]
  .text               ro code  0x0800648c    0xb6  xfwprep.o [3]
  .text               ro code  0x08006542    0x22  fseek.o [3]
  .text               ro code  0x08006564    0x7c  xfofind.o [3]
  .text               ro code  0x080065e0    0x7a  fclose.o [3]
  .text               ro code  0x0800665a    0x1a  close.o [6]
  .text               ro code  0x08006674    0x16  remove.o [6]
  .text               ro code  0x0800668c    0x58  xcloseall.o [3]
  .text               ro code  0x080066e4    0x56  fputc.o [3]
  .text               ro code  0x0800673c    0x50  system_stm32f4xx.o [1]
  .text               ro code  0x0800678c    0x40  zero_init3.o [5]
  .text               ro code  0x080067cc    0x38  packbits_init_single.o [5]
  .text               ro code  0x08006804    0x28  data_init.o [5]
  .text               ro code  0x0800682c    0x22  fpinit_M.o [4]
  .iar.init_table     const    0x08006850    0x20  - Linker created -
  .text               ro code  0x08006870    0x1a  cmain.o [5]
  .text               ro code  0x0800688a     0x4  low_level_init.o [3]
  .text               ro code  0x0800688e     0x4  exit.o [3]
  .text               ro code  0x08006894     0xe  cexit.o [5]
  .text               ro code  0x080068a2    0x16  xprout.o [3]
  .text               ro code  0x080068b8     0xc  putchar.o [3]
  .text               ro code  0x080068c4    0x10  startup_stm32f429xx.o [1]
  .text               ro code  0x080068d4     0xc  cstartup_M.o [5]
  .text               ro code  0x080068e0     0x4  startup_stm32f429xx.o [1]
  .text               ro code  0x080068e4     0x4  startup_stm32f429xx.o [1]
  .text               ro code  0x080068e8     0x4  startup_stm32f429xx.o [1]
  .text               ro code  0x080068ec     0x4  startup_stm32f429xx.o [1]
  .text               ro code  0x080068f0     0x4  startup_stm32f429xx.o [1]
  .text               ro code  0x080068f4     0x4  startup_stm32f429xx.o [1]
  .text               ro code  0x080068f8     0x4  startup_stm32f429xx.o [1]
  .text               ro code  0x080068fc     0x4  startup_stm32f429xx.o [1]
  .text               ro code  0x08006900     0x4  startup_stm32f429xx.o [1]
  .text               ro code  0x08006904     0x4  startup_stm32f429xx.o [1]
  .text               ro code  0x08006908     0x4  startup_stm32f429xx.o [1]
  .text               ro code  0x0800690c     0x4  startup_stm32f429xx.o [1]
  .text               ro code  0x08006910     0x4  startup_stm32f429xx.o [1]
  .text               ro code  0x08006914     0x4  startup_stm32f429xx.o [1]
  .text               ro code  0x08006918     0x4  startup_stm32f429xx.o [1]
  .text               ro code  0x0800691c     0x4  startup_stm32f429xx.o [1]
  .text               ro code  0x08006920     0x4  startup_stm32f429xx.o [1]
  .text               ro code  0x08006924     0x4  startup_stm32f429xx.o [1]
  .text               ro code  0x08006928     0x4  startup_stm32f429xx.o [1]
  .text               ro code  0x0800692c     0x4  startup_stm32f429xx.o [1]
  .text               ro code  0x08006930     0x4  startup_stm32f429xx.o [1]
  .text               ro code  0x08006934     0x4  startup_stm32f429xx.o [1]
  .text               ro code  0x08006938     0x4  startup_stm32f429xx.o [1]
  .text               ro code  0x0800693c     0x4  startup_stm32f429xx.o [1]
  .text               ro code  0x08006940     0x4  startup_stm32f429xx.o [1]
  .text               ro code  0x08006944     0x4  startup_stm32f429xx.o [1]
  .text               ro code  0x08006948     0x4  startup_stm32f429xx.o [1]
  .text               ro code  0x0800694c     0x4  startup_stm32f429xx.o [1]
  .text               ro code  0x08006950     0x4  startup_stm32f429xx.o [1]
  .text               ro code  0x08006954     0x4  startup_stm32f429xx.o [1]
  .text               ro code  0x08006958     0x4  startup_stm32f429xx.o [1]
  .text               ro code  0x0800695c     0x4  startup_stm32f429xx.o [1]
  .text               ro code  0x08006960     0x4  startup_stm32f429xx.o [1]
  .text               ro code  0x08006964     0x4  startup_stm32f429xx.o [1]
  .text               ro code  0x08006968     0x4  startup_stm32f429xx.o [1]
  .text               ro code  0x0800696c     0x4  startup_stm32f429xx.o [1]
  .text               ro code  0x08006970     0x4  startup_stm32f429xx.o [1]
  .text               ro code  0x08006974     0x4  startup_stm32f429xx.o [1]
  .text               ro code  0x08006978     0x4  startup_stm32f429xx.o [1]
  .text               ro code  0x0800697c     0x4  startup_stm32f429xx.o [1]
  .text               ro code  0x08006980     0x4  startup_stm32f429xx.o [1]
  .text               ro code  0x08006984     0x4  startup_stm32f429xx.o [1]
  .text               ro code  0x08006988     0x4  startup_stm32f429xx.o [1]
  .text               ro code  0x0800698c     0x4  startup_stm32f429xx.o [1]
  .text               ro code  0x08006990     0x4  startup_stm32f429xx.o [1]
  .text               ro code  0x08006994     0x4  startup_stm32f429xx.o [1]
  .text               ro code  0x08006998     0x4  startup_stm32f429xx.o [1]
  .text               ro code  0x0800699c     0x4  startup_stm32f429xx.o [1]
  .text               ro code  0x080069a0     0x4  startup_stm32f429xx.o [1]
  .text               ro code  0x080069a4     0x4  startup_stm32f429xx.o [1]
  .text               ro code  0x080069a8     0x4  startup_stm32f429xx.o [1]
  .text               ro code  0x080069ac     0x4  startup_stm32f429xx.o [1]
  .text               ro code  0x080069b0     0x4  startup_stm32f429xx.o [1]
  .text               ro code  0x080069b4     0x4  startup_stm32f429xx.o [1]
  .text               ro code  0x080069b8     0x4  startup_stm32f429xx.o [1]
  .text               ro code  0x080069bc     0x4  startup_stm32f429xx.o [1]
  .text               ro code  0x080069c0     0x4  startup_stm32f429xx.o [1]
  .text               ro code  0x080069c4     0x4  startup_stm32f429xx.o [1]
  .text               ro code  0x080069c8     0x4  startup_stm32f429xx.o [1]
  .text               ro code  0x080069cc     0x4  startup_stm32f429xx.o [1]
  .text               ro code  0x080069d0     0x4  startup_stm32f429xx.o [1]
  .text               ro code  0x080069d4     0x4  startup_stm32f429xx.o [1]
  .text               ro code  0x080069d8     0x4  startup_stm32f429xx.o [1]
  .text               ro code  0x080069dc     0x4  startup_stm32f429xx.o [1]
  .text               ro code  0x080069e0     0x4  startup_stm32f429xx.o [1]
  .text               ro code  0x080069e4     0x4  startup_stm32f429xx.o [1]
  .text               ro code  0x080069e8     0x4  startup_stm32f429xx.o [1]
  .text               ro code  0x080069ec     0x4  startup_stm32f429xx.o [1]
  .text               ro code  0x080069f0     0x4  startup_stm32f429xx.o [1]
  .text               ro code  0x080069f4     0x4  startup_stm32f429xx.o [1]
  .text               ro code  0x080069f8     0x4  startup_stm32f429xx.o [1]
  .text               ro code  0x080069fc     0x4  startup_stm32f429xx.o [1]
  .text               ro code  0x08006a00     0x4  startup_stm32f429xx.o [1]
  .text               ro code  0x08006a04     0x4  startup_stm32f429xx.o [1]
  .text               ro code  0x08006a08     0x4  startup_stm32f429xx.o [1]
  .text               ro code  0x08006a0c     0x4  startup_stm32f429xx.o [1]
  .text               ro code  0x08006a10     0x4  startup_stm32f429xx.o [1]
  .text               ro code  0x08006a14     0x4  startup_stm32f429xx.o [1]
  .text               ro code  0x08006a18     0x4  startup_stm32f429xx.o [1]
  .text               ro code  0x08006a1c     0x4  startup_stm32f429xx.o [1]
  .text               ro code  0x08006a20     0x4  startup_stm32f429xx.o [1]
  .text               ro code  0x08006a24     0x4  startup_stm32f429xx.o [1]
  .text               ro code  0x08006a28     0x4  startup_stm32f429xx.o [1]
  .text               ro code  0x08006a2c     0x4  startup_stm32f429xx.o [1]
  .text               ro code  0x08006a30     0x0  cstart_closeall.o [5]
  .rodata             const    0x08006a30     0x0  zero_init3.o [5]
  .rodata             const    0x08006a30     0x0  packbits_init_single.o [5]
  Initializer bytes   const    0x08006a30    0x9b  <for P2-1>
                             - 0x08006acb  0x691f

"P2", part 1 of 3:                          0x342
  P2-1                         0x20000000   0x342  <Init block>
    .data             inited   0x20000000   0x150  main.o [1]
    .data             inited   0x20000150     0x4  main.o [1]
    .data             inited   0x20000154     0x4  system_stm32f4xx.o [1]
    .data             inited   0x20000158    0x40  xfiles.o [3]
    .data             inited   0x20000198    0x40  xfiles.o [3]
    .data             inited   0x200001d8    0x40  xfiles.o [3]
    .data             inited   0x20000218    0x20  xfiles.o [3]
    .data             inited   0x20000238     0x8  XShttio.o [3]
    __DLIB_PERTHREAD  inited   0x20000240    0x88  localeconv.o [3]
    __DLIB_PERTHREAD  inited   0x200002c8    0x74  setlocale.o [3]
    __DLIB_PERTHREAD  inited   0x2000033c     0x4  errno.o [3]
    .data             inited   0x20000340     0x2  I2Cdev.o [1]
                             - 0x20000342   0x342

"P2", part 2 of 3:                          0x600
  CSTACK                       0x20000348   0x400  <Block>
    CSTACK            uninit   0x20000348   0x400  <Block tail>
  HEAP                         0x20000748   0x200  <Block>
    HEAP              uninit   0x20000748   0x200  <Block tail>
                             - 0x20000948   0x600

"P2", part 3 of 3:                          0x338
  .bss                zero     0x20000948   0x1d8  dlmalloc.o [3]
  .bss                zero     0x20000b20    0x80  XShHandles.o [3]
  .bss                zero     0x20000ba0    0x50  xfiles.o [3]
  .bss                zero     0x20000bf0    0x50  xfiles.o [3]
  .bss                zero     0x20000c40    0x18  dlmalloc.o [3]
  .bss                zero     0x20000c58    0x11  MPU6050.o [1]
  .bss                zero     0x20000c6c     0x4  I2Cdev.o [1]
  .bss                zero     0x20000c70     0x4  main.o [1]
  .bss                zero     0x20000c74     0x4  stm32f4xx_hal.o [1]
  .bss                zero     0x20000c78     0x4  stm32f4xx_it.o [1]
  .bss                zero     0x20000c7c     0x4  xgetmemchunk.o [3]
                             - 0x20000c80   0x338


*******************************************************************************
*** INIT TABLE
***

          Address     Size
          -------     ----
Zero (__iar_zero_init3)
    1 destination range, total size 0x338:
          0x20000948  0x338

Copy/packbits (__iar_packbits_init_single3)
    1 source range, total size 0x9b (18% of destination):
          0x08006a30   0x9b
    1 destination range, total size 0x342:
          0x20000000  0x342



*******************************************************************************
*** MODULE SUMMARY
***

    Module                  ro code  ro data  rw data
    ------                  -------  -------  -------
C:\stm_projects\disco_dc_motors\EWARM\disco_dc_motors\Obj: [1]
    I2Cdev.o                    272        1        6
    MPU6050.o                   240                17
    main.o                    1 476       63      344
    startup_stm32f429xx.o       780
    stm32f4xx_hal.o             136                 4
    stm32f4xx_hal_cortex.o      226
    stm32f4xx_hal_dma.o          36
    stm32f4xx_hal_gpio.o        566
    stm32f4xx_hal_i2c.o       3 842
    stm32f4xx_hal_msp.o         516
    stm32f4xx_hal_rcc.o       1 076
    stm32f4xx_hal_tim.o       1 630
    stm32f4xx_hal_tim_ex.o       78
    stm32f4xx_hal_uart.o      1 106
    stm32f4xx_it.o              196                 4
    system_stm32f4xx.o           80                 4
    -------------------------------------------------
    Total:                   12 256       64      379

command line: [2]
    -------------------------------------------------
    Total:

dl7M_tlf.a: [3]
    XShHandles.o                224               128
    XShttio.o                     8        2        8
    abort.o                       6
    div.o                        14
    dlmalloc.o                5 360               496
    errno.o                      12        1        4
    exit.o                        4
    fclose.o                    122
    fflush.o                    176
    fputc.o                      86
    fseek.o                      34
    localeconv.o                108       25      136
    low_level_init.o              4
    printf.o                     36
    putchar.o                    12
    setlocale.o                  20       21      116
    xcloseall.o                  88
    xencoding_sb.o               96
    xfgpos.o                     10
    xfiles.o                              42      384
    xfofind.o                   124
    xfspos.o                    214
    xfwprep.o                   182
    xgetmemchunk.o               44                 4
    xmbcurmax.o                  10
    xmbtowc.o                    32
    xprintffull.o             4 454
    xprout.o                     22
    xsyslock_nop.o                4
    xtls.o                        2
    xwctomb.o                    26
    -------------------------------------------------
    Total:                   11 534       91    1 276

m7M_tls.a: [4]
    DblAdd.o                    212
    DblCmpGe.o                   46
    DblCmpLe.o                   46
    DblDiv.o                    598
    DblMul.o                    418
    DblSub.o                    384
    DblToI32.o                   88
    I32ToDbl.o                   48
    fpinit_M.o                   34
    xdnorm.o                     66
    xdscale.o                   276
    -------------------------------------------------
    Total:                    2 216

rt7M_tl.a: [5]
    ABImemcpy_unaligned.o       118
    I64DivMod.o                 238
    I64DivZer.o                   2
    cexit.o                      14
    cmain.o                      26
    cstart_closeall.o
    cstartup_M.o                 12
    data_init.o                  40
    memchr.o                     88
    packbits_init_single.o       56
    strchr.o                     22
    strlen.o                     54
    zero_init3.o                 64
    -------------------------------------------------
    Total:                      734

shb_l.a: [6]
    close.o                      26
    dwrite.o                     30
    exit.o                       20
    iarttio.o                   108
    iarwrite.o                   34
    iarwstd.o                    32
    lseek.o                      76
    remove.o                     22
    write.o                      16
    -------------------------------------------------
    Total:                      364

    Gaps                         46        2        3
    Linker created                        32    1 536
-----------------------------------------------------
    Grand Total:             27 150      189    3 194


*******************************************************************************
*** ENTRY LIST
***

Entry                      Address   Size  Type      Object
-----                      -------   ----  ----      ------
.iar.init_table$$Base   0x08006850          --   Gb  - Linker created -
.iar.init_table$$Limit  0x08006870          --   Gb  - Linker created -
?main                   0x08006871         Code  Gb  cmain.o [5]
APBAHBPrescTable        0x080049c4   0x10  Data  Gb  stm32f4xx_hal_rcc.o [1]
BusFault_Handler        0x080063cf    0x2  Code  Gb  stm32f4xx_it.o [1]
CSTACK$$Base            0x20000348          --   Gb  - Linker created -
CSTACK$$Limit           0x20000748          --   Gb  - Linker created -
DebugMon_Handler        0x080063d5    0x2  Code  Gb  stm32f4xx_it.o [1]
EXTI0_IRQHandler        0x080063e7   0x46  Code  Gb  stm32f4xx_it.o [1]
EXTI9_5_IRQHandler      0x0800642d   0x14  Code  Gb  stm32f4xx_it.o [1]
HAL_DMA_Abort_IT        0x08005f55   0x24  Code  Gb  stm32f4xx_hal_dma.o [1]
HAL_Delay               0x08004a39   0x18  Code  Wk  stm32f4xx_hal.o [1]
HAL_GPIO_EXTI_Callback  0x08004d75    0x2  Code  Wk  stm32f4xx_hal_gpio.o [1]
HAL_GPIO_EXTI_IRQHandler
                        0x08004d27   0x14  Code  Gb  stm32f4xx_hal_gpio.o [1]
HAL_GPIO_Init           0x08004b41  0x1ca  Code  Gb  stm32f4xx_hal_gpio.o [1]
HAL_GPIO_ReadPin        0x08004d0b    0xc  Code  Gb  stm32f4xx_hal_gpio.o [1]
HAL_GPIO_TogglePin      0x08004d1f    0x8  Code  Gb  stm32f4xx_hal_gpio.o [1]
HAL_GPIO_WritePin       0x08004d17    0x8  Code  Gb  stm32f4xx_hal_gpio.o [1]
HAL_GetTick             0x08004a33    0x6  Code  Wk  stm32f4xx_hal.o [1]
HAL_I2C_AddrCallback    0x08003bfd    0x2  Code  Wk  stm32f4xx_hal_i2c.o [1]
HAL_I2C_EV_IRQHandler   0x08003981  0x232  Code  Gb  stm32f4xx_hal_i2c.o [1]
HAL_I2C_Init            0x08003499   0xc4  Code  Gb  stm32f4xx_hal_i2c.o [1]
HAL_I2C_ListenCpltCallback
                        0x08003bff    0x2  Code  Wk  stm32f4xx_hal_i2c.o [1]
HAL_I2C_MasterRxCpltCallback
                        0x08003bf7    0x2  Code  Wk  stm32f4xx_hal_i2c.o [1]
HAL_I2C_MasterTxCpltCallback
                        0x08003bf5    0x2  Code  Wk  stm32f4xx_hal_i2c.o [1]
HAL_I2C_Master_Receive  0x08003647  0x13e  Code  Gb  stm32f4xx_hal_i2c.o [1]
HAL_I2C_Master_Transmit
                        0x0800356d   0xce  Code  Gb  stm32f4xx_hal_i2c.o [1]
HAL_I2C_MemRxCpltCallback
                        0x08003c03    0x2  Code  Wk  stm32f4xx_hal_i2c.o [1]
HAL_I2C_MemTxCpltCallback
                        0x08003c01    0x2  Code  Wk  stm32f4xx_hal_i2c.o [1]
HAL_I2C_Mem_Write       0x080037c1   0xd2  Code  Gb  stm32f4xx_hal_i2c.o [1]
HAL_I2C_MspInit         0x080043fd   0x50  Code  Gb  stm32f4xx_hal_msp.o [1]
HAL_I2C_SlaveRxCpltCallback
                        0x08003bfb    0x2  Code  Wk  stm32f4xx_hal_i2c.o [1]
HAL_I2C_SlaveTxCpltCallback
                        0x08003bf9    0x2  Code  Wk  stm32f4xx_hal_i2c.o [1]
HAL_IncTick             0x08004a29    0xa  Code  Wk  stm32f4xx_hal.o [1]
HAL_Init                0x080049d5   0x30  Code  Gb  stm32f4xx_hal.o [1]
HAL_InitTick            0x08004a05   0x24  Code  Wk  stm32f4xx_hal.o [1]
HAL_MspInit             0x0800439d   0x60  Code  Gb  stm32f4xx_hal_msp.o [1]
HAL_NVIC_EnableIRQ      0x08004acb    0xc  Code  Gb  stm32f4xx_hal_cortex.o [1]
HAL_NVIC_SetPriority    0x08004a91   0x3a  Code  Gb  stm32f4xx_hal_cortex.o [1]
HAL_NVIC_SetPriorityGrouping
                        0x08004a77   0x1a  Code  Gb  stm32f4xx_hal_cortex.o [1]
HAL_RCC_ClockConfig     0x080047eb  0x12c  Code  Gb  stm32f4xx_hal_rcc.o [1]
HAL_RCC_GetHCLKFreq     0x0800496b    0x6  Code  Gb  stm32f4xx_hal_rcc.o [1]
HAL_RCC_GetPCLK1Freq    0x08004971   0x12  Code  Gb  stm32f4xx_hal_rcc.o [1]
HAL_RCC_GetPCLK2Freq    0x08004983   0x10  Code  Gb  stm32f4xx_hal_rcc.o [1]
HAL_RCC_GetSysClockFreq
                        0x08004925   0x46  Code  Wk  stm32f4xx_hal_rcc.o [1]
HAL_RCC_OscConfig       0x080045a1  0x242  Code  Wk  stm32f4xx_hal_rcc.o [1]
HAL_SYSTICK_CLKSourceConfig
                        0x08004b07   0x14  Code  Gb  stm32f4xx_hal_cortex.o [1]
HAL_SYSTICK_Callback    0x08004b3d    0x2  Code  Wk  stm32f4xx_hal_cortex.o [1]
HAL_SYSTICK_Config      0x08004adf   0x28  Code  Gb  stm32f4xx_hal_cortex.o [1]
HAL_SYSTICK_IRQHandler  0x08004b35    0x8  Code  Gb  stm32f4xx_hal_cortex.o [1]
HAL_TIMEx_BreakCallback
                        0x08005425    0x2  Code  Wk  stm32f4xx_hal_tim_ex.o [1]
HAL_TIMEx_CommutationCallback
                        0x08005423    0x2  Code  Wk  stm32f4xx_hal_tim_ex.o [1]
HAL_TIMEx_MasterConfigSynchronization
                        0x080053d9   0x4a  Code  Gb  stm32f4xx_hal_tim_ex.o [1]
HAL_TIM_Base_Init       0x08004d79   0x1a  Code  Gb  stm32f4xx_hal_tim.o [1]
HAL_TIM_Base_MspInit    0x08004463   0x62  Code  Gb  stm32f4xx_hal_msp.o [1]
HAL_TIM_Base_Start_IT   0x08004d93   0x16  Code  Gb  stm32f4xx_hal_tim.o [1]
HAL_TIM_Base_Stop_IT    0x08004da9   0x2a  Code  Gb  stm32f4xx_hal_tim.o [1]
HAL_TIM_ConfigClockSource
                        0x0800506d   0xa8  Code  Gb  stm32f4xx_hal_tim.o [1]
HAL_TIM_IC_CaptureCallback
                        0x08005141    0x2  Code  Wk  stm32f4xx_hal_tim.o [1]
HAL_TIM_IRQHandler      0x08004e4d  0x14a  Code  Gb  stm32f4xx_hal_tim.o [1]
HAL_TIM_MspPostInit     0x080044eb   0x2c  Code  Gb  stm32f4xx_hal_msp.o [1]
HAL_TIM_OC_DelayElapsedCallback
                        0x0800513f    0x2  Code  Wk  stm32f4xx_hal_tim.o [1]
HAL_TIM_PWM_ConfigChannel
                        0x08004f97   0xb8  Code  Gb  stm32f4xx_hal_tim.o [1]
HAL_TIM_PWM_Init        0x08004dfd   0x1a  Code  Gb  stm32f4xx_hal_tim.o [1]
HAL_TIM_PWM_MspInit     0x080044c5   0x26  Code  Gb  stm32f4xx_hal_msp.o [1]
HAL_TIM_PWM_PulseFinishedCallback
                        0x08005143    0x2  Code  Wk  stm32f4xx_hal_tim.o [1]
HAL_TIM_PWM_Start       0x08004e1f   0x14  Code  Gb  stm32f4xx_hal_tim.o [1]
HAL_TIM_PeriodElapsedCallback
                        0x0800513d    0x2  Code  Wk  stm32f4xx_hal_tim.o [1]
HAL_TIM_TriggerCallback
                        0x08005145    0x2  Code  Wk  stm32f4xx_hal_tim.o [1]
HAL_UART_ErrorCallback  0x08005c05    0x2  Code  Wk  stm32f4xx_hal_uart.o [1]
HAL_UART_IRQHandler     0x08005aad  0x148  Code  Gb  stm32f4xx_hal_uart.o [1]
HAL_UART_Init           0x080059ed   0x28  Code  Gb  stm32f4xx_hal_uart.o [1]
HAL_UART_MspInit        0x08004517   0x50  Code  Gb  stm32f4xx_hal_msp.o [1]
HAL_UART_Receive_IT     0x08005a5b   0x4c  Code  Gb  stm32f4xx_hal_uart.o [1]
HAL_UART_RxCpltCallback
                        0x08005c03    0x2  Code  Wk  stm32f4xx_hal_uart.o [1]
HAL_UART_TxCpltCallback
                        0x08005c01    0x2  Code  Wk  stm32f4xx_hal_uart.o [1]
HEAP$$Base              0x20000748          --   Gb  - Linker created -
HEAP$$Limit             0x20000948          --   Gb  - Linker created -
HardFault_Handler       0x080063cb    0x2  Code  Gb  stm32f4xx_it.o [1]
I2C3_EV_IRQHandler      0x0800646b    0x6  Code  Gb  stm32f4xx_it.o [1]
I2C_IsAcknowledgeFailed
                        0x08004373   0x28  Code  Lc  stm32f4xx_hal_i2c.o [1]
I2C_MasterReceive_BTF   0x08003df9   0x92  Code  Lc  stm32f4xx_hal_i2c.o [1]
I2C_MasterReceive_RXNE  0x08003d5f   0x82  Code  Lc  stm32f4xx_hal_i2c.o [1]
I2C_MasterRequestRead   0x08004031   0xc0  Code  Lc  stm32f4xx_hal_i2c.o [1]
I2C_MasterRequestWrite  0x08003fc1   0x70  Code  Lc  stm32f4xx_hal_i2c.o [1]
I2C_MasterTransmit_BTF  0x08003cc1   0x48  Code  Lc  stm32f4xx_hal_i2c.o [1]
I2C_MasterTransmit_TXE  0x08003c05   0xbc  Code  Lc  stm32f4xx_hal_i2c.o [1]
I2C_Master_ADDR         0x08003ed5   0xce  Code  Lc  stm32f4xx_hal_i2c.o [1]
I2C_RequestMemoryWrite  0x080040ff   0x74  Code  Lc  stm32f4xx_hal_i2c.o [1]
I2C_WaitOnBTFFlagUntilTimeout
                        0x080042cb   0x32  Code  Lc  stm32f4xx_hal_i2c.o [1]
I2C_WaitOnFlagUntilTimeout
                        0x080041d1   0x4c  Code  Lc  stm32f4xx_hal_i2c.o [1]
I2C_WaitOnMasterAddressFlagUntilTimeout
                        0x0800421d   0x68  Code  Lc  stm32f4xx_hal_i2c.o [1]
I2C_WaitOnRXNEFlagUntilTimeout
                        0x08004319   0x3e  Code  Lc  stm32f4xx_hal_i2c.o [1]
I2C_WaitOnTXEFlagUntilTimeout
                        0x08004299   0x32  Code  Lc  stm32f4xx_hal_i2c.o [1]
I2Cdev_hi2c             0x20000c6c    0x4  Data  Gb  I2Cdev.o [1]
I2Cdev_readByte         0x08005f79    0xe  Code  Gb  I2Cdev.o [1]
I2Cdev_readBytes        0x08005f87   0x1c  Code  Gb  I2Cdev.o [1]
I2Cdev_readTimeout      0x20000340    0x2  Data  Gb  I2Cdev.o [1]
I2Cdev_writeBit         0x08005fcb   0x2e  Code  Gb  I2Cdev.o [1]
I2Cdev_writeBits        0x08006007   0x26  Code  Gb  I2Cdev.o [1]
I2Cdev_writeByte        0x0800604b    0xc  Code  Gb  I2Cdev.o [1]
I2Cdev_writeBytes       0x08006057    0x4  Code  Gb  I2Cdev.o [1]
LoadInt                 0x08001da7   0x6e  Code  Lc  xprintffull.o [3]
MPU6050_getMotion6      0x08005e9f   0x68  Code  Gb  MPU6050.o [1]
MPU6050_initialize      0x08005e41   0x26  Code  Gb  MPU6050.o [1]
MPU6050_setClockSource  0x08005f1b    0xc  Code  Gb  MPU6050.o [1]
MPU6050_setFullScaleAccelRange
                        0x08005e79    0xa  Code  Gb  MPU6050.o [1]
MPU6050_setFullScaleGyroRange
                        0x08005e6f    0xa  Code  Gb  MPU6050.o [1]
MPU6050_setSleepEnabled
                        0x08005f0d    0x8  Code  Gb  MPU6050.o [1]
MT_LOW_SPEED            0x2000014c    0x4  Data  Gb  main.o [1]
MT_MEDIUM_SPEED         0x20000150    0x4  Data  Gb  main.o [1]
MT_NO_SPEED             0x20000c70    0x4  Data  Gb  main.o [1]
MX_GPIO_Init            0x0800577f  0x110  Code  Lc  main.o [1]
MemManage_Handler       0x080063cd    0x2  Code  Gb  stm32f4xx_it.o [1]
NMI_Handler             0x080063c9    0x2  Code  Gb  stm32f4xx_it.o [1]
NVIC_SetPriority        0x08004a5d   0x1a  Code  Lc  stm32f4xx_hal_cortex.o [1]
PendSV_Handler          0x080063d7    0x2  Code  Gb  stm32f4xx_it.o [1]
Region$$Table$$Base     0x08006850          --   Gb  - Linker created -
Region$$Table$$Limit    0x08006870          --   Gb  - Linker created -
SVC_Handler             0x080063d3    0x2  Code  Gb  stm32f4xx_it.o [1]
SysTick_Handler         0x080063d9    0xe  Code  Gb  stm32f4xx_it.o [1]
SystemClock_Config      0x080056cf   0xb0  Code  Gb  main.o [1]
SystemCoreClock         0x20000154    0x4  Data  Gb  system_stm32f4xx.o [1]
SystemInit              0x0800673d   0x3a  Code  Gb  system_stm32f4xx.o [1]
TIM3_IRQHandler         0x08006441   0x1e  Code  Gb  stm32f4xx_it.o [1]
TIM4_IRQHandler         0x0800645f    0x6  Code  Gb  stm32f4xx_it.o [1]
TIM_Base_SetConfig      0x08005147   0x90  Code  Gb  stm32f4xx_hal_tim.o [1]
TIM_CCxChannelCmd       0x0800522b   0x18  Code  Gb  stm32f4xx_hal_tim.o [1]
TIM_ETR_SetConfig       0x080053c3   0x14  Code  Lc  stm32f4xx_hal_tim.o [1]
TIM_ITRx_SetConfig      0x080053b3   0x10  Code  Lc  stm32f4xx_hal_tim.o [1]
TIM_OC1_SetConfig       0x08005243   0x4a  Code  Lc  stm32f4xx_hal_tim.o [1]
TIM_OC2_SetConfig       0x080051d9   0x52  Code  Gb  stm32f4xx_hal_tim.o [1]
TIM_OC3_SetConfig       0x08005299   0x56  Code  Lc  stm32f4xx_hal_tim.o [1]
TIM_OC4_SetConfig       0x080052f5   0x46  Code  Lc  stm32f4xx_hal_tim.o [1]
TIM_TI1_ConfigInputStage
                        0x0800536d   0x22  Code  Lc  stm32f4xx_hal_tim.o [1]
TIM_TI2_ConfigInputStage
                        0x0800538f   0x24  Code  Lc  stm32f4xx_hal_tim.o [1]
UART_DMAAbortOnError    0x08005c25   0x10  Code  Lc  stm32f4xx_hal_uart.o [1]
UART_EndRxTransfer      0x08005c07   0x1c  Code  Lc  stm32f4xx_hal_uart.o [1]
UART_Receive_IT         0x08005c35   0x7e  Code  Lc  stm32f4xx_hal_uart.o [1]
UART_SetConfig          0x08005cc1  0x13a  Code  Lc  stm32f4xx_hal_uart.o [1]
USART3_IRQHandler       0x08006465    0x6  Code  Gb  stm32f4xx_it.o [1]
USEchoDistance          0x20000148    0x4  Data  Gb  main.o [1]
USEchoTime              0x20000c78    0x4  Data  Gb  stm32f4xx_it.o [1]
UsageFault_Handler      0x080063d1    0x2  Code  Gb  stm32f4xx_it.o [1]
_Close_all              0x0800668d   0x58  Code  Gb  xcloseall.o [3]
_EncodingSb_Mbtowc      0x08003377   0x30  Code  Gb  xencoding_sb.o [3]
_EncodingSb_Wctomb      0x0800335d   0x1a  Code  Gb  xencoding_sb.o [3]
_Files                  0x20000218   0x20  Data  Gb  xfiles.o [3]
_Fofree                 0x08006565   0x78  Code  Gb  xfofind.o [3]
_Fspos                  0x08006169   0xd6  Code  Gb  xfspos.o [3]
_Fwprep                 0x0800648d   0xb6  Code  Gb  xfwprep.o [3]
_GenldFull              0x0800262b  0x24c  Code  Lc  xprintffull.o [3]
_IsdstStr               0x200002cc    0x4  Data  Gb  setlocale.o [3]
_LdtobFull              0x08002229  0x3fc  Code  Lc  xprintffull.o [3]
_LitobFull              0x08002121  0x106  Code  Lc  xprintffull.o [3]
_LocaleEncoding         0x08003349    0xe  Code  Gb  setlocale.o [3]
_LocaleReturnString     0x200002ec   0x50  Data  Lc  setlocale.o [3]
_Locale_Profile         0x200002d0   0x1c  Data  Gb  setlocale.o [3]
_Locale_aeabi_lconv     0x20000290   0x38  Data  Gb  localeconv.o [3]
_Locale_lconv           0x20000240   0x50  Data  Gb  localeconv.o [3]
_Mbtowc                 0x080028bf   0x20  Code  Gb  xmbtowc.o [3]
_Nnl                    0x080062f1    0xa  Code  Gb  xfgpos.o [3]
_PrintfFull             0x08001759  0x638  Code  Gb  xprintffull.o [3]
_Prout                  0x080068a3   0x16  Code  Gb  xprout.o [3]
_PutcharsFull           0x08002877   0x2e  Code  Lc  xprintffull.o [3]
_PutstrFull             0x08001e15  0x306  Code  Lc  xprintffull.o [3]
_TzoneStr               0x200002c8    0x4  Data  Gb  setlocale.o [3]
_Wctomb                 0x08002993   0x1a  Code  Gb  xwctomb.o [3]
__aeabi_cdcmple         0x08002b55         Code  Gb  DblCmpLe.o [4]
__aeabi_cdrcmple        0x08002b85         Code  Gb  DblCmpGe.o [4]
__aeabi_d2iz            0x08002cc9         Code  Gb  DblToI32.o [4]
__aeabi_d2uiz           0x08002cf5         Code  Gb  DblToI32.o [4]
__aeabi_ddiv            0x08003075         Code  Gb  DblDiv.o [4]
__aeabi_dmul            0x08002ed1         Code  Gb  DblMul.o [4]
__aeabi_dsub            0x08002d51         Code  Gb  DblSub.o [4]
__aeabi_errno_addr      0x08006349    0x6  Code  Gb  errno.o [3]
__aeabi_i2d             0x08002d21         Code  Gb  I32ToDbl.o [4]
__aeabi_ldiv0           0x080033bd         Code  Gb  I64DivZer.o [5]
__aeabi_ui2d            0x08002d35         Code  Gb  I32ToDbl.o [4]
__aeabi_uldivmod        0x08002a25         Code  Gb  I64DivMod.o [5]
__cexit_closeall        0x08006897         Code  Gb  cexit.o [5]
__close                 0x0800665b   0x1a  Code  Gb  close.o [6]
__cmain                 0x08006871         Code  Gb  cmain.o [5]
__cstart_closeall       0x08006a30         Data  Gb  cstart_closeall.o [5]
__data_GetMemChunk      0x080016a5   0x2c  Code  Gb  xgetmemchunk.o [3]
__dwrite                0x08006369   0x1e  Code  Gb  dwrite.o [6]
__exit                  0x080016d1   0x14  Code  Gb  exit.o [6]
__iar_Dnorm             0x08002b13   0x42  Code  Gb  xdnorm.o [4]
__iar_Dscale            0x08002bb5  0x114  Code  Gb  xdscale.o [4]
__iar_Errno             0x2000033c    0x4  Data  Gb  errno.o [3]
__iar_Locale_lconv_init
                        0x080032cd   0x3a  Code  Gb  localeconv.o [3]
__iar_Lockfilelock      0x08006355    0x2  Code  Gb  xsyslock_nop.o [3]
__iar_Mbcurmax          0x08002989    0xa  Code  Gb  xmbcurmax.o [3]
__iar_Memchr            0x08002931         Code  Gb  memchr.o [5]
__iar_Stderr            0x200001d8   0x40  Data  Gb  xfiles.o [3]
__iar_Stdin             0x20000158   0x40  Data  Gb  xfiles.o [3]
__iar_Stdout            0x20000198   0x40  Data  Gb  xfiles.o [3]
__iar_Strchr            0x080028e1         Code  Gb  strchr.o [5]
__iar_Unlockfilelock    0x08006357    0x2  Code  Gb  xsyslock_nop.o [3]
__iar_close_ttio        0x080016e5   0x2e  Code  Gb  iarttio.o [6]
__iar_d2uiz             0x08002d01         Code  Gb  DblToI32.o [4]
__iar_dadd              0x080033c1         Code  Gb  DblAdd.o [4]
__iar_data_init3        0x08006805   0x28  Code  Gb  data_init.o [5]
__iar_dlfree            0x08001183  0x510  Code  Gb  dlmalloc.o [3]
__iar_dlib_perthread_access
                        0x08003495    0x2  Code  Gb  xtls.o [3]
__iar_dlmalloc          0x08000ecd  0x2aa  Code  Gb  dlmalloc.o [3]
__iar_dsub              0x08002d65         Code  Gb  DblSub.o [4]
__iar_dsubStart         0x08002d77         Code  Gb  DblSub.o [4]
__iar_get_ttio          0x08001715   0x38  Code  Gb  iarttio.o [6]
__iar_init_vfp          0x0800682d         Code  Gb  fpinit_M.o [4]
__iar_lookup_ttioh      0x08001751    0x8  Code  Gb  XShttio.o [3]
__iar_packbits_init_single3
                        0x080067cd   0x38  Code  Gb  packbits_init_single.o [5]
__iar_program_start     0x080068d5         Code  Gb  cstartup_M.o [5]
__iar_sh_Discard        0x08006089   0x44  Code  Gb  XShHandles.o [3]
__iar_sh_Move           0x080060d3   0x4c  Code  Gb  XShHandles.o [3]
__iar_sh_Pos            0x0800611f   0x44  Code  Gb  XShHandles.o [3]
__iar_sh_stdout         0x08006387   0x20  Code  Gb  iarwstd.o [6]
__iar_sh_write          0x080063a7   0x22  Code  Gb  iarwrite.o [6]
__iar_ttio_handles      0x20000238    0x8  Data  Lc  XShttio.o [3]
__iar_ui2d              0x08002d39         Code  Gb  I32ToDbl.o [4]
__iar_unaligned___aeabi_memcpy
                        0x080029ad         Code  Gb  ABImemcpy_unaligned.o [5]
__iar_unaligned___aeabi_memcpy4
                        0x080029cd         Code  Gb  ABImemcpy_unaligned.o [5]
__iar_unaligned___aeabi_memcpy8
                        0x080029cd         Code  Gb  ABImemcpy_unaligned.o [5]
__iar_zero_init3        0x0800678d   0x40  Code  Gb  zero_init3.o [5]
__low_level_init        0x0800688b    0x4  Code  Gb  low_level_init.o [3]
__lseek                 0x080062fb   0x4c  Code  Gb  lseek.o [6]
__vector_table          0x08000000         Data  Gb  startup_stm32f429xx.o [1]
__write                 0x08006359   0x10  Code  Gb  write.o [6]
_call_main              0x0800687d         Code  Gb  cmain.o [5]
_exit                   0x08006895         Code  Gb  cexit.o [5]
_gm_                    0x20000948  0x1d8  Data  Lc  dlmalloc.o [3]
_main                   0x08006887         Code  Gb  cmain.o [5]
abort                   0x0800169d    0x6  Code  Gb  abort.o [3]
buffer                  0x20000c58   0x10  Data  Lc  MPU6050.o [1]
devAddr                 0x20000c68    0x1  Data  Lc  MPU6050.o [1]
div                     0x08003339    0xe  Code  Gb  div.o [3]
ebuf                    0x20000ba0   0x50  Data  Lc  xfiles.o [3]
exit                    0x0800688f    0x4  Code  Gb  exit.o [3]
fclose                  0x080065e1   0x7a  Code  Gb  fclose.o [3]
fflush                  0x080062b7   0x34  Code  Gb  fflush.o [3]
fflushOne               0x08006241   0x76  Code  Lc  fflush.o [3]
fputc                   0x080066e5   0x56  Code  Gb  fputc.o [3]
fseek                   0x08006543   0x22  Code  Gb  fseek.o [3]
hi2c3                   0x20000040   0x54  Data  Gb  main.o [1]
htim3                   0x20000094   0x3c  Data  Gb  main.o [1]
htim4                   0x200000d0   0x3c  Data  Gb  main.o [1]
htim9                   0x2000010c   0x3c  Data  Gb  main.o [1]
huart3                  0x20000000   0x40  Data  Gb  main.o [1]
init_mparams            0x080001c7   0x32  Code  Lc  dlmalloc.o [3]
init_top                0x080001f9   0x34  Code  Lc  dlmalloc.o [3]
localeconv              0x08003307   0x16  Code  Gb  localeconv.o [3]
main                    0x08005429  0x290  Code  Gb  main.o [1]
memchr                  0x08002931         Code  Gb  memchr.o [5]
motors_stop             0x080058f1   0x18  Code  Gb  main.o [1]
move_backward           0x080058c9   0x20  Code  Gb  main.o [1]
move_forward            0x0800589b   0x22  Code  Gb  main.o [1]
mparams                 0x20000c40   0x18  Data  Lc  dlmalloc.o [3]
obuf                    0x20000bf0   0x50  Data  Lc  xfiles.o [3]
prepend_alloc           0x0800022d  0x36c  Code  Lc  dlmalloc.o [3]
printf                  0x08005f31   0x24  Code  Gb  printf.o [3]
putchar                 0x080068b9    0xc  Code  Gb  putchar.o [3]
remove                  0x08006675   0x16  Code  Gb  remove.o [6]
sFileInfo               0x20000b20   0x80  Data  Lc  XShHandles.o [3]
segment_holding         0x080001ad   0x1a  Code  Lc  dlmalloc.o [3]
strchr                  0x080028e1         Code  Gb  strchr.o [5]
strlen                  0x080028f9         Code  Gb  strlen.o [5]
sys_alloc               0x08000599  0x386  Code  Lc  dlmalloc.o [3]
tmalloc_large           0x0800092d  0x390  Code  Lc  dlmalloc.o [3]
tmalloc_small           0x08000cbd  0x210  Code  Lc  dlmalloc.o [3]
turn_left               0x08005931   0x16  Code  Gb  main.o [1]
turn_right              0x08005909   0x18  Code  Gb  main.o [1]
uwTick                  0x20000c74    0x4  Data  Gb  stm32f4xx_hal.o [1]


[1] = C:\stm_projects\disco_dc_motors\EWARM\disco_dc_motors\Obj
[2] = command line
[3] = dl7M_tlf.a
[4] = m7M_tls.a
[5] = rt7M_tl.a
[6] = shb_l.a

  27 150 bytes of readonly  code memory
     189 bytes of readonly  data memory
   3 194 bytes of readwrite data memory

Errors: none
Warnings: none
