###############################################################################
#
# IAR ELF Linker V7.50.2.10312/W32 for ARM                01/Jan/2017  17:46:38
# Copyright 2007-2015 IAR Systems AB.
#
#    Output file  =  
#        C:\stm_projects\disco_dc_motors\EWARM\disco_dc_motors\Exe\disco_dc_motors.out
#    Map file     =  
#        C:\stm_projects\disco_dc_motors\EWARM\disco_dc_motors\List\disco_dc_motors.map
#    Command line =  
#        C:\stm_projects\disco_dc_motors\EWARM\disco_dc_motors\Obj\I2Cdev.o
#        C:\stm_projects\disco_dc_motors\EWARM\disco_dc_motors\Obj\main.o
#        C:\stm_projects\disco_dc_motors\EWARM\disco_dc_motors\Obj\MPU6050.o
#        C:\stm_projects\disco_dc_motors\EWARM\disco_dc_motors\Obj\startup_stm32f429xx.o
#        C:\stm_projects\disco_dc_motors\EWARM\disco_dc_motors\Obj\stm32f4xx_hal.o
#        C:\stm_projects\disco_dc_motors\EWARM\disco_dc_motors\Obj\stm32f4xx_hal_cortex.o
#        C:\stm_projects\disco_dc_motors\EWARM\disco_dc_motors\Obj\stm32f4xx_hal_dma.o
#        C:\stm_projects\disco_dc_motors\EWARM\disco_dc_motors\Obj\stm32f4xx_hal_dma_ex.o
#        C:\stm_projects\disco_dc_motors\EWARM\disco_dc_motors\Obj\stm32f4xx_hal_flash.o
#        C:\stm_projects\disco_dc_motors\EWARM\disco_dc_motors\Obj\stm32f4xx_hal_flash_ex.o
#        C:\stm_projects\disco_dc_motors\EWARM\disco_dc_motors\Obj\stm32f4xx_hal_flash_ramfunc.o
#        C:\stm_projects\disco_dc_motors\EWARM\disco_dc_motors\Obj\stm32f4xx_hal_gpio.o
#        C:\stm_projects\disco_dc_motors\EWARM\disco_dc_motors\Obj\stm32f4xx_hal_i2c.o
#        C:\stm_projects\disco_dc_motors\EWARM\disco_dc_motors\Obj\stm32f4xx_hal_i2c_ex.o
#        C:\stm_projects\disco_dc_motors\EWARM\disco_dc_motors\Obj\stm32f4xx_hal_msp.o
#        C:\stm_projects\disco_dc_motors\EWARM\disco_dc_motors\Obj\stm32f4xx_hal_pwr.o
#        C:\stm_projects\disco_dc_motors\EWARM\disco_dc_motors\Obj\stm32f4xx_hal_pwr_ex.o
#        C:\stm_projects\disco_dc_motors\EWARM\disco_dc_motors\Obj\stm32f4xx_hal_rcc.o
#        C:\stm_projects\disco_dc_motors\EWARM\disco_dc_motors\Obj\stm32f4xx_hal_rcc_ex.o
#        C:\stm_projects\disco_dc_motors\EWARM\disco_dc_motors\Obj\stm32f4xx_hal_tim.o
#        C:\stm_projects\disco_dc_motors\EWARM\disco_dc_motors\Obj\stm32f4xx_hal_tim_ex.o
#        C:\stm_projects\disco_dc_motors\EWARM\disco_dc_motors\Obj\stm32f4xx_hal_uart.o
#        C:\stm_projects\disco_dc_motors\EWARM\disco_dc_motors\Obj\stm32f4xx_it.o
#        C:\stm_projects\disco_dc_motors\EWARM\disco_dc_motors\Obj\system_stm32f4xx.o
#        --redirect _Printf=_PrintfFull --redirect _Scanf=_ScanfFull -o
#        C:\stm_projects\disco_dc_motors\EWARM\disco_dc_motors\Exe\disco_dc_motors.out
#        --map
#        C:\stm_projects\disco_dc_motors\EWARM\disco_dc_motors\List\disco_dc_motors.map
#        --config C:\stm_projects\disco_dc_motors\EWARM/stm32f429xx_flash.icf
#        --semihosting --entry __iar_program_start --vfe
#
###############################################################################

*******************************************************************************
*** RUNTIME MODEL ATTRIBUTES
***

CppFlavor                     = *
__Heap_Handler                = DLMalloc
__SystemLibrary               = DLib
__dlib_dynamic_initialization = normal


*******************************************************************************
*** PLACEMENT SUMMARY
***

"A1":  place at 0x08000000 { ro section .intvec };
"P1":  place in [from 0x08000000 to 0x081fffff] { ro };
"P2":  place in [from 0x20000000 to 0x2002ffff] { rw, block CSTACK, block HEAP };

  Section             Kind        Address    Size  Object
  -------             ----        -------    ----  ------
"A1":                                       0x1ac
  .intvec             ro code  0x08000000   0x1ac  startup_stm32f429xx.o [1]
                             - 0x080001ac   0x1ac

"P1":                                      0x6a98
  .text               ro code  0x080001ac  0x14f0  dlmalloc.o [3]
  .text               ro code  0x0800169c     0x6  abort.o [3]
  .text               ro code  0x080016a4    0x2c  xgetmemchunk.o [3]
  .text               ro code  0x080016d0    0x14  exit.o [6]
  .text               ro code  0x080016e4    0x6c  iarttio.o [6]
  .text               ro code  0x08001750     0x8  XShttio.o [3]
  .text               ro code  0x08001758  0x1166  xprintffull.o [3]
  .text               ro code  0x080028be    0x20  xmbtowc.o [3]
  .text               ro code  0x080028e0    0x16  strchr.o [5]
  .text               ro code  0x080028f8    0x36  strlen.o [5]
  .text               ro code  0x08002930    0x58  memchr.o [5]
  .text               ro code  0x08002988     0xa  xmbcurmax.o [3]
  .text               ro code  0x08002992    0x1a  xwctomb.o [3]
  .text               ro code  0x080029ac    0x76  ABImemcpy_unaligned.o [5]
  .text               ro code  0x08002a24    0xee  I64DivMod.o [5]
  .text               ro code  0x08002b12    0x42  xdnorm.o [4]
  .text               ro code  0x08002b54    0x2e  DblCmpLe.o [4]
  .text               ro code  0x08002b84    0x2e  DblCmpGe.o [4]
  .text               ro code  0x08002bb4   0x114  xdscale.o [4]
  .text               ro code  0x08002cc8    0x58  DblToI32.o [4]
  .text               ro code  0x08002d20    0x30  I32ToDbl.o [4]
  .text               ro code  0x08002d50   0x180  DblSub.o [4]
  .text               ro code  0x08002ed0   0x1a2  DblMul.o [4]
  .text               ro code  0x08003074   0x256  DblDiv.o [4]
  .text               ro code  0x080032cc    0x6c  localeconv.o [3]
  .text               ro code  0x08003338     0xe  div.o [3]
  .text               ro code  0x08003348    0x14  setlocale.o [3]
  .text               ro code  0x0800335c    0x60  xencoding_sb.o [3]
  .text               ro code  0x080033bc     0x2  I64DivZer.o [5]
  .text               ro code  0x080033c0    0xd4  DblAdd.o [4]
  .text               ro code  0x08003494     0x2  xtls.o [3]
  .text               ro code  0x08003498  0x1152  stm32f4xx_hal_i2c.o [1]
  .text               ro code  0x080045ec   0x234  stm32f4xx_hal_msp.o [1]
  .text               ro code  0x08004820   0x434  stm32f4xx_hal_rcc.o [1]
  .text               ro code  0x08004c54    0x88  stm32f4xx_hal.o [1]
  .text               ro code  0x08004cdc    0x24  stm32f4xx_hal_dma.o [1]
  .text               ro code  0x08004d00    0xe2  stm32f4xx_hal_cortex.o [1]
  .text               ro code  0x08004de4   0x22e  stm32f4xx_hal_gpio.o [1]
  .text               ro code  0x08005014   0x65e  stm32f4xx_hal_tim.o [1]
  .text               ro code  0x08005674    0x4e  stm32f4xx_hal_tim_ex.o [1]
  .text               ro code  0x080056c4   0x4c0  main.o [1]
  .text               ro code  0x08005b84    0x24  printf.o [3]
  .text               ro code  0x08005ba8   0x452  stm32f4xx_hal_uart.o [1]
  .text               ro code  0x08005ffc    0xf0  MPU6050.o [1]
  .text               ro code  0x080060ec   0x110  I2Cdev.o [1]
  .text               ro code  0x080061fc    0xe0  XShHandles.o [3]
  .text               ro code  0x080062dc    0xd6  xfspos.o [3]
  .text               ro code  0x080063b4    0xb0  fflush.o [3]
  .text               ro code  0x08006464     0xa  xfgpos.o [3]
  .text               ro code  0x0800646e    0x4c  lseek.o [6]
  .text               ro code  0x080064bc     0xc  errno.o [3]
  .text               ro code  0x080064c8     0x4  xsyslock_nop.o [3]
  .text               ro code  0x080064cc    0x10  write.o [6]
  .text               ro code  0x080064dc    0x1e  dwrite.o [6]
  .text               ro code  0x080064fa    0x20  iarwstd.o [6]
  .text               ro code  0x0800651a    0x22  iarwrite.o [6]
  .text               ro code  0x0800653c    0xc4  stm32f4xx_it.o [1]
  .text               ro code  0x08006600    0xb6  xfwprep.o [3]
  .text               ro code  0x080066b6    0x22  fseek.o [3]
  .text               ro code  0x080066d8    0x7c  xfofind.o [3]
  .text               ro code  0x08006754    0x7a  fclose.o [3]
  .text               ro code  0x080067ce    0x1a  close.o [6]
  .text               ro code  0x080067e8    0x16  remove.o [6]
  .text               ro code  0x08006800    0x58  xcloseall.o [3]
  .text               ro code  0x08006858    0x56  fputc.o [3]
  .text               ro code  0x080068b0    0x50  system_stm32f4xx.o [1]
  .text               ro code  0x08006900    0x40  zero_init3.o [5]
  .text               ro code  0x08006940    0x38  packbits_init_single.o [5]
  .text               ro code  0x08006978    0x28  data_init.o [5]
  .text               ro code  0x080069a0    0x22  fpinit_M.o [4]
  .iar.init_table     const    0x080069c4    0x20  - Linker created -
  .text               ro code  0x080069e4    0x1a  cmain.o [5]
  .text               ro code  0x080069fe     0x4  low_level_init.o [3]
  .text               ro code  0x08006a02     0x4  exit.o [3]
  .text               ro code  0x08006a08     0xe  cexit.o [5]
  .text               ro code  0x08006a16    0x16  xprout.o [3]
  .text               ro code  0x08006a2c     0xc  putchar.o [3]
  .text               ro code  0x08006a38    0x10  startup_stm32f429xx.o [1]
  .text               ro code  0x08006a48     0xc  cstartup_M.o [5]
  .text               ro code  0x08006a54     0x4  startup_stm32f429xx.o [1]
  .text               ro code  0x08006a58     0x4  startup_stm32f429xx.o [1]
  .text               ro code  0x08006a5c     0x4  startup_stm32f429xx.o [1]
  .text               ro code  0x08006a60     0x4  startup_stm32f429xx.o [1]
  .text               ro code  0x08006a64     0x4  startup_stm32f429xx.o [1]
  .text               ro code  0x08006a68     0x4  startup_stm32f429xx.o [1]
  .text               ro code  0x08006a6c     0x4  startup_stm32f429xx.o [1]
  .text               ro code  0x08006a70     0x4  startup_stm32f429xx.o [1]
  .text               ro code  0x08006a74     0x4  startup_stm32f429xx.o [1]
  .text               ro code  0x08006a78     0x4  startup_stm32f429xx.o [1]
  .text               ro code  0x08006a7c     0x4  startup_stm32f429xx.o [1]
  .text               ro code  0x08006a80     0x4  startup_stm32f429xx.o [1]
  .text               ro code  0x08006a84     0x4  startup_stm32f429xx.o [1]
  .text               ro code  0x08006a88     0x4  startup_stm32f429xx.o [1]
  .text               ro code  0x08006a8c     0x4  startup_stm32f429xx.o [1]
  .text               ro code  0x08006a90     0x4  startup_stm32f429xx.o [1]
  .text               ro code  0x08006a94     0x4  startup_stm32f429xx.o [1]
  .text               ro code  0x08006a98     0x4  startup_stm32f429xx.o [1]
  .text               ro code  0x08006a9c     0x4  startup_stm32f429xx.o [1]
  .text               ro code  0x08006aa0     0x4  startup_stm32f429xx.o [1]
  .text               ro code  0x08006aa4     0x4  startup_stm32f429xx.o [1]
  .text               ro code  0x08006aa8     0x4  startup_stm32f429xx.o [1]
  .text               ro code  0x08006aac     0x4  startup_stm32f429xx.o [1]
  .text               ro code  0x08006ab0     0x4  startup_stm32f429xx.o [1]
  .text               ro code  0x08006ab4     0x4  startup_stm32f429xx.o [1]
  .text               ro code  0x08006ab8     0x4  startup_stm32f429xx.o [1]
  .text               ro code  0x08006abc     0x4  startup_stm32f429xx.o [1]
  .text               ro code  0x08006ac0     0x4  startup_stm32f429xx.o [1]
  .text               ro code  0x08006ac4     0x4  startup_stm32f429xx.o [1]
  .text               ro code  0x08006ac8     0x4  startup_stm32f429xx.o [1]
  .text               ro code  0x08006acc     0x4  startup_stm32f429xx.o [1]
  .text               ro code  0x08006ad0     0x4  startup_stm32f429xx.o [1]
  .text               ro code  0x08006ad4     0x4  startup_stm32f429xx.o [1]
  .text               ro code  0x08006ad8     0x4  startup_stm32f429xx.o [1]
  .text               ro code  0x08006adc     0x4  startup_stm32f429xx.o [1]
  .text               ro code  0x08006ae0     0x4  startup_stm32f429xx.o [1]
  .text               ro code  0x08006ae4     0x4  startup_stm32f429xx.o [1]
  .text               ro code  0x08006ae8     0x4  startup_stm32f429xx.o [1]
  .text               ro code  0x08006aec     0x4  startup_stm32f429xx.o [1]
  .text               ro code  0x08006af0     0x4  startup_stm32f429xx.o [1]
  .text               ro code  0x08006af4     0x4  startup_stm32f429xx.o [1]
  .text               ro code  0x08006af8     0x4  startup_stm32f429xx.o [1]
  .text               ro code  0x08006afc     0x4  startup_stm32f429xx.o [1]
  .text               ro code  0x08006b00     0x4  startup_stm32f429xx.o [1]
  .text               ro code  0x08006b04     0x4  startup_stm32f429xx.o [1]
  .text               ro code  0x08006b08     0x4  startup_stm32f429xx.o [1]
  .text               ro code  0x08006b0c     0x4  startup_stm32f429xx.o [1]
  .text               ro code  0x08006b10     0x4  startup_stm32f429xx.o [1]
  .text               ro code  0x08006b14     0x4  startup_stm32f429xx.o [1]
  .text               ro code  0x08006b18     0x4  startup_stm32f429xx.o [1]
  .text               ro code  0x08006b1c     0x4  startup_stm32f429xx.o [1]
  .text               ro code  0x08006b20     0x4  startup_stm32f429xx.o [1]
  .text               ro code  0x08006b24     0x4  startup_stm32f429xx.o [1]
  .text               ro code  0x08006b28     0x4  startup_stm32f429xx.o [1]
  .text               ro code  0x08006b2c     0x4  startup_stm32f429xx.o [1]
  .text               ro code  0x08006b30     0x4  startup_stm32f429xx.o [1]
  .text               ro code  0x08006b34     0x4  startup_stm32f429xx.o [1]
  .text               ro code  0x08006b38     0x4  startup_stm32f429xx.o [1]
  .text               ro code  0x08006b3c     0x4  startup_stm32f429xx.o [1]
  .text               ro code  0x08006b40     0x4  startup_stm32f429xx.o [1]
  .text               ro code  0x08006b44     0x4  startup_stm32f429xx.o [1]
  .text               ro code  0x08006b48     0x4  startup_stm32f429xx.o [1]
  .text               ro code  0x08006b4c     0x4  startup_stm32f429xx.o [1]
  .text               ro code  0x08006b50     0x4  startup_stm32f429xx.o [1]
  .text               ro code  0x08006b54     0x4  startup_stm32f429xx.o [1]
  .text               ro code  0x08006b58     0x4  startup_stm32f429xx.o [1]
  .text               ro code  0x08006b5c     0x4  startup_stm32f429xx.o [1]
  .text               ro code  0x08006b60     0x4  startup_stm32f429xx.o [1]
  .text               ro code  0x08006b64     0x4  startup_stm32f429xx.o [1]
  .text               ro code  0x08006b68     0x4  startup_stm32f429xx.o [1]
  .text               ro code  0x08006b6c     0x4  startup_stm32f429xx.o [1]
  .text               ro code  0x08006b70     0x4  startup_stm32f429xx.o [1]
  .text               ro code  0x08006b74     0x4  startup_stm32f429xx.o [1]
  .text               ro code  0x08006b78     0x4  startup_stm32f429xx.o [1]
  .text               ro code  0x08006b7c     0x4  startup_stm32f429xx.o [1]
  .text               ro code  0x08006b80     0x4  startup_stm32f429xx.o [1]
  .text               ro code  0x08006b84     0x4  startup_stm32f429xx.o [1]
  .text               ro code  0x08006b88     0x4  startup_stm32f429xx.o [1]
  .text               ro code  0x08006b8c     0x4  startup_stm32f429xx.o [1]
  .text               ro code  0x08006b90     0x4  startup_stm32f429xx.o [1]
  .text               ro code  0x08006b94     0x4  startup_stm32f429xx.o [1]
  .text               ro code  0x08006b98     0x4  startup_stm32f429xx.o [1]
  .text               ro code  0x08006b9c     0x4  startup_stm32f429xx.o [1]
  .text               ro code  0x08006ba0     0x4  startup_stm32f429xx.o [1]
  .text               ro code  0x08006ba4     0x0  cstart_closeall.o [5]
  .rodata             const    0x08006ba4     0x0  zero_init3.o [5]
  .rodata             const    0x08006ba4     0x0  packbits_init_single.o [5]
  Initializer bytes   const    0x08006ba4    0xa0  <for P2-1>
                             - 0x08006c44  0x6a98

"P2", part 1 of 3:                          0x382
  P2-1                         0x20000000   0x382  <Init block>
    .data             inited   0x20000000   0x188  main.o [1]
    .data             inited   0x20000188     0xc  main.o [1]
    .data             inited   0x20000194     0x4  system_stm32f4xx.o [1]
    .data             inited   0x20000198    0x40  xfiles.o [3]
    .data             inited   0x200001d8    0x40  xfiles.o [3]
    .data             inited   0x20000218    0x40  xfiles.o [3]
    .data             inited   0x20000258    0x20  xfiles.o [3]
    .data             inited   0x20000278     0x8  XShttio.o [3]
    __DLIB_PERTHREAD  inited   0x20000280    0x88  localeconv.o [3]
    __DLIB_PERTHREAD  inited   0x20000308    0x74  setlocale.o [3]
    __DLIB_PERTHREAD  inited   0x2000037c     0x4  errno.o [3]
    .data             inited   0x20000380     0x2  I2Cdev.o [1]
                             - 0x20000382   0x382

"P2", part 2 of 3:                          0x600
  CSTACK                       0x20000388   0x400  <Block>
    CSTACK            uninit   0x20000388   0x400  <Block tail>
  HEAP                         0x20000788   0x200  <Block>
    HEAP              uninit   0x20000788   0x200  <Block tail>
                             - 0x20000988   0x600

"P2", part 3 of 3:                          0x338
  .bss                zero     0x20000988   0x1d8  dlmalloc.o [3]
  .bss                zero     0x20000b60    0x80  XShHandles.o [3]
  .bss                zero     0x20000be0    0x50  xfiles.o [3]
  .bss                zero     0x20000c30    0x50  xfiles.o [3]
  .bss                zero     0x20000c80    0x18  dlmalloc.o [3]
  .bss                zero     0x20000c98    0x11  MPU6050.o [1]
  .bss                zero     0x20000cac     0x4  I2Cdev.o [1]
  .bss                zero     0x20000cb0     0x4  main.o [1]
  .bss                zero     0x20000cb4     0x4  stm32f4xx_hal.o [1]
  .bss                zero     0x20000cb8     0x4  stm32f4xx_it.o [1]
  .bss                zero     0x20000cbc     0x4  xgetmemchunk.o [3]
                             - 0x20000cc0   0x338


*******************************************************************************
*** INIT TABLE
***

          Address     Size
          -------     ----
Zero (__iar_zero_init3)
    1 destination range, total size 0x338:
          0x20000988  0x338

Copy/packbits (__iar_packbits_init_single3)
    1 source range, total size 0xa0 (17% of destination):
          0x08006ba4   0xa0
    1 destination range, total size 0x382:
          0x20000000  0x382



*******************************************************************************
*** MODULE SUMMARY
***

    Module                  ro code  ro data  rw data
    ------                  -------  -------  -------
C:\stm_projects\disco_dc_motors\EWARM\disco_dc_motors\Obj: [1]
    I2Cdev.o                    272        1        6
    MPU6050.o                   240                17
    main.o                    1 216       71      408
    startup_stm32f429xx.o       780
    stm32f4xx_hal.o             136                 4
    stm32f4xx_hal_cortex.o      226
    stm32f4xx_hal_dma.o          36
    stm32f4xx_hal_gpio.o        558
    stm32f4xx_hal_i2c.o       4 434
    stm32f4xx_hal_msp.o         564
    stm32f4xx_hal_rcc.o       1 076
    stm32f4xx_hal_tim.o       1 630
    stm32f4xx_hal_tim_ex.o       78
    stm32f4xx_hal_uart.o      1 106
    stm32f4xx_it.o              196                 4
    system_stm32f4xx.o           80        1        4
    -------------------------------------------------
    Total:                   12 628       73      443

command line: [2]
    -------------------------------------------------
    Total:

dl7M_tlf.a: [3]
    XShHandles.o                224               128
    XShttio.o                     8        2        8
    abort.o                       6
    div.o                        14
    dlmalloc.o                5 360               496
    errno.o                      12        1        4
    exit.o                        4
    fclose.o                    122
    fflush.o                    176
    fputc.o                      86
    fseek.o                      34
    localeconv.o                108       24      136
    low_level_init.o              4
    printf.o                     36
    putchar.o                    12
    setlocale.o                  20       20      116
    xcloseall.o                  88
    xencoding_sb.o               96
    xfgpos.o                     10
    xfiles.o                              40      384
    xfofind.o                   124
    xfspos.o                    214
    xfwprep.o                   182
    xgetmemchunk.o               44                 4
    xmbcurmax.o                  10
    xmbtowc.o                    32
    xprintffull.o             4 454
    xprout.o                     22
    xsyslock_nop.o                4
    xtls.o                        2
    xwctomb.o                    26
    -------------------------------------------------
    Total:                   11 534       87    1 276

m7M_tls.a: [4]
    DblAdd.o                    212
    DblCmpGe.o                   46
    DblCmpLe.o                   46
    DblDiv.o                    598
    DblMul.o                    418
    DblSub.o                    384
    DblToI32.o                   88
    I32ToDbl.o                   48
    fpinit_M.o                   34
    xdnorm.o                     66
    xdscale.o                   276
    -------------------------------------------------
    Total:                    2 216

rt7M_tl.a: [5]
    ABImemcpy_unaligned.o       118
    I64DivMod.o                 238
    I64DivZer.o                   2
    cexit.o                      14
    cmain.o                      26
    cstart_closeall.o
    cstartup_M.o                 12
    data_init.o                  40
    memchr.o                     88
    packbits_init_single.o       56
    strchr.o                     22
    strlen.o                     54
    zero_init3.o                 64
    -------------------------------------------------
    Total:                      734

shb_l.a: [6]
    close.o                      26
    dwrite.o                     30
    exit.o                       20
    iarttio.o                   108
    iarwrite.o                   34
    iarwstd.o                    32
    lseek.o                      76
    remove.o                     22
    write.o                      16
    -------------------------------------------------
    Total:                      364

    Gaps                         46        2        3
    Linker created                        32    1 536
-----------------------------------------------------
    Grand Total:             27 522      194    3 258


*******************************************************************************
*** ENTRY LIST
***

Entry                      Address   Size  Type      Object
-----                      -------   ----  ----      ------
.iar.init_table$$Base   0x080069c4          --   Gb  - Linker created -
.iar.init_table$$Limit  0x080069e4          --   Gb  - Linker created -
?main                   0x080069e5         Code  Gb  cmain.o [5]
APBAHBPrescTable        0x08004c44   0x10  Data  Gb  stm32f4xx_hal_rcc.o [1]
BusFault_Handler        0x08006543    0x2  Code  Gb  stm32f4xx_it.o [1]
CSTACK$$Base            0x20000388          --   Gb  - Linker created -
CSTACK$$Limit           0x20000788          --   Gb  - Linker created -
DebugMon_Handler        0x08006549    0x2  Code  Gb  stm32f4xx_it.o [1]
EXTI0_IRQHandler        0x0800655b   0x46  Code  Gb  stm32f4xx_it.o [1]
EXTI9_5_IRQHandler      0x080065a1   0x14  Code  Gb  stm32f4xx_it.o [1]
HAL_DMA_Abort_IT        0x08004cdd   0x24  Code  Gb  stm32f4xx_hal_dma.o [1]
HAL_Delay               0x08004cb9   0x18  Code  Wk  stm32f4xx_hal.o [1]
HAL_GPIO_EXTI_Callback  0x08005011    0x2  Code  Wk  stm32f4xx_hal_gpio.o [1]
HAL_GPIO_EXTI_IRQHandler
                        0x08004fc3   0x14  Code  Gb  stm32f4xx_hal_gpio.o [1]
HAL_GPIO_Init           0x08004de5  0x1ca  Code  Gb  stm32f4xx_hal_gpio.o [1]
HAL_GPIO_ReadPin        0x08004faf    0xc  Code  Gb  stm32f4xx_hal_gpio.o [1]
HAL_GPIO_WritePin       0x08004fbb    0x8  Code  Gb  stm32f4xx_hal_gpio.o [1]
HAL_GetTick             0x08004cb3    0x6  Code  Wk  stm32f4xx_hal.o [1]
HAL_I2C_AbortCpltCallback
                        0x08003c0b    0x2  Code  Wk  stm32f4xx_hal_i2c.o [1]
HAL_I2C_AddrCallback    0x08003c01    0x2  Code  Wk  stm32f4xx_hal_i2c.o [1]
HAL_I2C_EV_IRQHandler   0x080039d9  0x1f0  Code  Gb  stm32f4xx_hal_i2c.o [1]
HAL_I2C_ErrorCallback   0x08003c09    0x2  Code  Wk  stm32f4xx_hal_i2c.o [1]
HAL_I2C_Init            0x08003499   0xc4  Code  Gb  stm32f4xx_hal_i2c.o [1]
HAL_I2C_ListenCpltCallback
                        0x08003c03    0x2  Code  Wk  stm32f4xx_hal_i2c.o [1]
HAL_I2C_MasterRxCpltCallback
                        0x08003bfb    0x2  Code  Wk  stm32f4xx_hal_i2c.o [1]
HAL_I2C_MasterTxCpltCallback
                        0x08003bf9    0x2  Code  Wk  stm32f4xx_hal_i2c.o [1]
HAL_I2C_Master_Receive  0x0800363f  0x158  Code  Gb  stm32f4xx_hal_i2c.o [1]
HAL_I2C_Master_Transmit
                        0x0800356d   0xb2  Code  Gb  stm32f4xx_hal_i2c.o [1]
HAL_I2C_MemRxCpltCallback
                        0x08003c07    0x2  Code  Wk  stm32f4xx_hal_i2c.o [1]
HAL_I2C_MemTxCpltCallback
                        0x08003c05    0x2  Code  Wk  stm32f4xx_hal_i2c.o [1]
HAL_I2C_Mem_Write       0x0800386d   0xe2  Code  Gb  stm32f4xx_hal_i2c.o [1]
HAL_I2C_MspInit         0x0800464d   0x50  Code  Gb  stm32f4xx_hal_msp.o [1]
HAL_I2C_SlaveRxCpltCallback
                        0x08003bff    0x2  Code  Wk  stm32f4xx_hal_i2c.o [1]
HAL_I2C_SlaveTxCpltCallback
                        0x08003bfd    0x2  Code  Wk  stm32f4xx_hal_i2c.o [1]
HAL_IncTick             0x08004ca9    0xa  Code  Wk  stm32f4xx_hal.o [1]
HAL_Init                0x08004c55   0x30  Code  Gb  stm32f4xx_hal.o [1]
HAL_InitTick            0x08004c85   0x24  Code  Wk  stm32f4xx_hal.o [1]
HAL_MspInit             0x080045ed   0x60  Code  Gb  stm32f4xx_hal_msp.o [1]
HAL_NVIC_EnableIRQ      0x08004d6f    0xc  Code  Gb  stm32f4xx_hal_cortex.o [1]
HAL_NVIC_SetPriority    0x08004d35   0x3a  Code  Gb  stm32f4xx_hal_cortex.o [1]
HAL_NVIC_SetPriorityGrouping
                        0x08004d1b   0x1a  Code  Gb  stm32f4xx_hal_cortex.o [1]
HAL_RCC_ClockConfig     0x08004a6b  0x12c  Code  Gb  stm32f4xx_hal_rcc.o [1]
HAL_RCC_GetHCLKFreq     0x08004beb    0x6  Code  Gb  stm32f4xx_hal_rcc.o [1]
HAL_RCC_GetPCLK1Freq    0x08004bf1   0x12  Code  Gb  stm32f4xx_hal_rcc.o [1]
HAL_RCC_GetPCLK2Freq    0x08004c03   0x10  Code  Gb  stm32f4xx_hal_rcc.o [1]
HAL_RCC_GetSysClockFreq
                        0x08004ba5   0x46  Code  Wk  stm32f4xx_hal_rcc.o [1]
HAL_RCC_OscConfig       0x08004821  0x242  Code  Wk  stm32f4xx_hal_rcc.o [1]
HAL_SYSTICK_CLKSourceConfig
                        0x08004dab   0x14  Code  Gb  stm32f4xx_hal_cortex.o [1]
HAL_SYSTICK_Callback    0x08004de1    0x2  Code  Wk  stm32f4xx_hal_cortex.o [1]
HAL_SYSTICK_Config      0x08004d83   0x28  Code  Gb  stm32f4xx_hal_cortex.o [1]
HAL_SYSTICK_IRQHandler  0x08004dd9    0x8  Code  Gb  stm32f4xx_hal_cortex.o [1]
HAL_TIMEx_BreakCallback
                        0x080056c1    0x2  Code  Wk  stm32f4xx_hal_tim_ex.o [1]
HAL_TIMEx_CommutationCallback
                        0x080056bf    0x2  Code  Wk  stm32f4xx_hal_tim_ex.o [1]
HAL_TIMEx_MasterConfigSynchronization
                        0x08005675   0x4a  Code  Gb  stm32f4xx_hal_tim_ex.o [1]
HAL_TIM_Base_Init       0x08005015   0x1a  Code  Gb  stm32f4xx_hal_tim.o [1]
HAL_TIM_Base_MspInit    0x080046f3   0x62  Code  Gb  stm32f4xx_hal_msp.o [1]
HAL_TIM_Base_Start_IT   0x0800502f   0x16  Code  Gb  stm32f4xx_hal_tim.o [1]
HAL_TIM_Base_Stop_IT    0x08005045   0x2a  Code  Gb  stm32f4xx_hal_tim.o [1]
HAL_TIM_ConfigClockSource
                        0x08005309   0xa8  Code  Gb  stm32f4xx_hal_tim.o [1]
HAL_TIM_IC_CaptureCallback
                        0x080053dd    0x2  Code  Wk  stm32f4xx_hal_tim.o [1]
HAL_TIM_IRQHandler      0x080050e9  0x14a  Code  Gb  stm32f4xx_hal_tim.o [1]
HAL_TIM_MspPostInit     0x08004755   0x38  Code  Gb  stm32f4xx_hal_msp.o [1]
HAL_TIM_OC_DelayElapsedCallback
                        0x080053db    0x2  Code  Wk  stm32f4xx_hal_tim.o [1]
HAL_TIM_PWM_ConfigChannel
                        0x08005233   0xb8  Code  Gb  stm32f4xx_hal_tim.o [1]
HAL_TIM_PWM_Init        0x08005099   0x1a  Code  Gb  stm32f4xx_hal_tim.o [1]
HAL_TIM_PWM_MspInit     0x080046b3   0x40  Code  Gb  stm32f4xx_hal_msp.o [1]
HAL_TIM_PWM_PulseFinishedCallback
                        0x080053df    0x2  Code  Wk  stm32f4xx_hal_tim.o [1]
HAL_TIM_PWM_Start       0x080050bb   0x14  Code  Gb  stm32f4xx_hal_tim.o [1]
HAL_TIM_PeriodElapsedCallback
                        0x080053d9    0x2  Code  Wk  stm32f4xx_hal_tim.o [1]
HAL_TIM_TriggerCallback
                        0x080053e1    0x2  Code  Wk  stm32f4xx_hal_tim.o [1]
HAL_UART_ErrorCallback  0x08005dc1    0x2  Code  Wk  stm32f4xx_hal_uart.o [1]
HAL_UART_IRQHandler     0x08005c69  0x148  Code  Gb  stm32f4xx_hal_uart.o [1]
HAL_UART_Init           0x08005ba9   0x28  Code  Gb  stm32f4xx_hal_uart.o [1]
HAL_UART_MspInit        0x0800479b   0x50  Code  Gb  stm32f4xx_hal_msp.o [1]
HAL_UART_Receive_IT     0x08005c17   0x4c  Code  Gb  stm32f4xx_hal_uart.o [1]
HAL_UART_RxCpltCallback
                        0x08005dbf    0x2  Code  Wk  stm32f4xx_hal_uart.o [1]
HAL_UART_TxCpltCallback
                        0x08005dbd    0x2  Code  Wk  stm32f4xx_hal_uart.o [1]
HEAP$$Base              0x20000788          --   Gb  - Linker created -
HEAP$$Limit             0x20000988          --   Gb  - Linker created -
HardFault_Handler       0x0800653f    0x2  Code  Gb  stm32f4xx_it.o [1]
I2C3_EV_IRQHandler      0x080065df    0x6  Code  Gb  stm32f4xx_it.o [1]
I2C_DMAAbort            0x080043c5   0x38  Code  Lc  stm32f4xx_hal_i2c.o [1]
I2C_ITError             0x080040b7   0xda  Code  Lc  stm32f4xx_hal_i2c.o [1]
I2C_IsAcknowledgeFailed
                        0x080045c3   0x28  Code  Lc  stm32f4xx_hal_i2c.o [1]
I2C_MasterReceive_BTF   0x08003e0b   0x8e  Code  Lc  stm32f4xx_hal_i2c.o [1]
I2C_MasterReceive_RXNE  0x08003d61   0x92  Code  Lc  stm32f4xx_hal_i2c.o [1]
I2C_MasterRequestRead   0x0800422f   0xc0  Code  Lc  stm32f4xx_hal_i2c.o [1]
I2C_MasterRequestWrite  0x080041bf   0x70  Code  Lc  stm32f4xx_hal_i2c.o [1]
I2C_MasterTransmit_BTF  0x08003ccb   0x48  Code  Lc  stm32f4xx_hal_i2c.o [1]
I2C_MasterTransmit_TXE  0x08003c0d   0xbc  Code  Lc  stm32f4xx_hal_i2c.o [1]
I2C_Master_ADDR         0x08003ebf  0x10e  Code  Lc  stm32f4xx_hal_i2c.o [1]
I2C_RequestMemoryWrite  0x080042f5   0x7a  Code  Lc  stm32f4xx_hal_i2c.o [1]
I2C_Slave_STOPF         0x08003fd9   0x9c  Code  Lc  stm32f4xx_hal_i2c.o [1]
I2C_WaitOnBTFFlagUntilTimeout
                        0x0800451b   0x32  Code  Lc  stm32f4xx_hal_i2c.o [1]
I2C_WaitOnFlagUntilTimeout
                        0x0800441b   0x52  Code  Lc  stm32f4xx_hal_i2c.o [1]
I2C_WaitOnMasterAddressFlagUntilTimeout
                        0x0800446d   0x6c  Code  Lc  stm32f4xx_hal_i2c.o [1]
I2C_WaitOnRXNEFlagUntilTimeout
                        0x08004569   0x3e  Code  Lc  stm32f4xx_hal_i2c.o [1]
I2C_WaitOnTXEFlagUntilTimeout
                        0x080044e9   0x32  Code  Lc  stm32f4xx_hal_i2c.o [1]
I2Cdev_hi2c             0x20000cac    0x4  Data  Gb  I2Cdev.o [1]
I2Cdev_readByte         0x080060ed    0xe  Code  Gb  I2Cdev.o [1]
I2Cdev_readBytes        0x080060fb   0x1c  Code  Gb  I2Cdev.o [1]
I2Cdev_readTimeout      0x20000380    0x2  Data  Gb  I2Cdev.o [1]
I2Cdev_writeBit         0x0800613f   0x2e  Code  Gb  I2Cdev.o [1]
I2Cdev_writeBits        0x0800617b   0x26  Code  Gb  I2Cdev.o [1]
I2Cdev_writeByte        0x080061bf    0xc  Code  Gb  I2Cdev.o [1]
I2Cdev_writeBytes       0x080061cb    0x4  Code  Gb  I2Cdev.o [1]
LoadInt                 0x08001da7   0x6e  Code  Lc  xprintffull.o [3]
MPU6050_getMotion6      0x0800605b   0x68  Code  Gb  MPU6050.o [1]
MPU6050_initialize      0x08005ffd   0x26  Code  Gb  MPU6050.o [1]
MPU6050_setClockSource  0x080060d7    0xc  Code  Gb  MPU6050.o [1]
MPU6050_setFullScaleAccelRange
                        0x08006035    0xa  Code  Gb  MPU6050.o [1]
MPU6050_setFullScaleGyroRange
                        0x0800602b    0xa  Code  Gb  MPU6050.o [1]
MPU6050_setSleepEnabled
                        0x080060c9    0x8  Code  Gb  MPU6050.o [1]
MX_GPIO_Init            0x080059db  0x112  Code  Lc  main.o [1]
MemManage_Handler       0x08006541    0x2  Code  Gb  stm32f4xx_it.o [1]
NMI_Handler             0x0800653d    0x2  Code  Gb  stm32f4xx_it.o [1]
NVIC_SetPriority        0x08004d01   0x1a  Code  Lc  stm32f4xx_hal_cortex.o [1]
PendSV_Handler          0x0800654b    0x2  Code  Gb  stm32f4xx_it.o [1]
Region$$Table$$Base     0x080069c4          --   Gb  - Linker created -
Region$$Table$$Limit    0x080069e4          --   Gb  - Linker created -
SERVO_0                 0x20000188    0x2  Data  Gb  main.o [1]
SERVO_center            0x20000000    0x2  Data  Gb  main.o [1]
SERVO_current_pos       0x2000018e    0x2  Data  Gb  main.o [1]
SERVO_left              0x2000018c    0x2  Data  Gb  main.o [1]
SERVO_right             0x2000018a    0x2  Data  Gb  main.o [1]
SERVO_step              0x20000190    0x4  Data  Gb  main.o [1]
SVC_Handler             0x08006547    0x2  Code  Gb  stm32f4xx_it.o [1]
SysTick_Handler         0x0800654d    0xe  Code  Gb  stm32f4xx_it.o [1]
SystemClock_Config      0x0800592b   0xb0  Code  Gb  main.o [1]
SystemCoreClock         0x20000194    0x4  Data  Gb  system_stm32f4xx.o [1]
SystemInit              0x080068b1   0x3a  Code  Gb  system_stm32f4xx.o [1]
TIM3_IRQHandler         0x080065b5   0x1e  Code  Gb  stm32f4xx_it.o [1]
TIM4_IRQHandler         0x080065d3    0x6  Code  Gb  stm32f4xx_it.o [1]
TIM_Base_SetConfig      0x080053e3   0x90  Code  Gb  stm32f4xx_hal_tim.o [1]
TIM_CCxChannelCmd       0x080054c7   0x18  Code  Gb  stm32f4xx_hal_tim.o [1]
TIM_ETR_SetConfig       0x0800565f   0x14  Code  Lc  stm32f4xx_hal_tim.o [1]
TIM_ITRx_SetConfig      0x0800564f   0x10  Code  Lc  stm32f4xx_hal_tim.o [1]
TIM_OC1_SetConfig       0x080054df   0x4a  Code  Lc  stm32f4xx_hal_tim.o [1]
TIM_OC2_SetConfig       0x08005475   0x52  Code  Gb  stm32f4xx_hal_tim.o [1]
TIM_OC3_SetConfig       0x08005535   0x56  Code  Lc  stm32f4xx_hal_tim.o [1]
TIM_OC4_SetConfig       0x08005591   0x46  Code  Lc  stm32f4xx_hal_tim.o [1]
TIM_TI1_ConfigInputStage
                        0x08005609   0x22  Code  Lc  stm32f4xx_hal_tim.o [1]
TIM_TI2_ConfigInputStage
                        0x0800562b   0x24  Code  Lc  stm32f4xx_hal_tim.o [1]
UART_DMAAbortOnError    0x08005de1   0x10  Code  Lc  stm32f4xx_hal_uart.o [1]
UART_EndRxTransfer      0x08005dc3   0x1c  Code  Lc  stm32f4xx_hal_uart.o [1]
UART_Receive_IT         0x08005df1   0x7e  Code  Lc  stm32f4xx_hal_uart.o [1]
UART_SetConfig          0x08005e7d  0x13a  Code  Lc  stm32f4xx_hal_uart.o [1]
USART3_IRQHandler       0x080065d9    0x6  Code  Gb  stm32f4xx_it.o [1]
USEchoDistance          0x20000cb0    0x4  Data  Gb  main.o [1]
USEchoTime              0x20000cb8    0x4  Data  Gb  stm32f4xx_it.o [1]
UsageFault_Handler      0x08006545    0x2  Code  Gb  stm32f4xx_it.o [1]
_Close_all              0x08006801   0x58  Code  Gb  xcloseall.o [3]
_EncodingSb_Mbtowc      0x08003377   0x30  Code  Gb  xencoding_sb.o [3]
_EncodingSb_Wctomb      0x0800335d   0x1a  Code  Gb  xencoding_sb.o [3]
_Files                  0x20000258   0x20  Data  Gb  xfiles.o [3]
_Fofree                 0x080066d9   0x78  Code  Gb  xfofind.o [3]
_Fspos                  0x080062dd   0xd6  Code  Gb  xfspos.o [3]
_Fwprep                 0x08006601   0xb6  Code  Gb  xfwprep.o [3]
_GenldFull              0x0800262b  0x24c  Code  Lc  xprintffull.o [3]
_IsdstStr               0x2000030c    0x4  Data  Gb  setlocale.o [3]
_LdtobFull              0x08002229  0x3fc  Code  Lc  xprintffull.o [3]
_LitobFull              0x08002121  0x106  Code  Lc  xprintffull.o [3]
_LocaleEncoding         0x08003349    0xe  Code  Gb  setlocale.o [3]
_LocaleReturnString     0x2000032c   0x50  Data  Lc  setlocale.o [3]
_Locale_Profile         0x20000310   0x1c  Data  Gb  setlocale.o [3]
_Locale_aeabi_lconv     0x200002d0   0x38  Data  Gb  localeconv.o [3]
_Locale_lconv           0x20000280   0x50  Data  Gb  localeconv.o [3]
_Mbtowc                 0x080028bf   0x20  Code  Gb  xmbtowc.o [3]
_Nnl                    0x08006465    0xa  Code  Gb  xfgpos.o [3]
_PrintfFull             0x08001759  0x638  Code  Gb  xprintffull.o [3]
_Prout                  0x08006a17   0x16  Code  Gb  xprout.o [3]
_PutcharsFull           0x08002877   0x2e  Code  Lc  xprintffull.o [3]
_PutstrFull             0x08001e15  0x306  Code  Lc  xprintffull.o [3]
_TzoneStr               0x20000308    0x4  Data  Gb  setlocale.o [3]
_Wctomb                 0x08002993   0x1a  Code  Gb  xwctomb.o [3]
__aeabi_cdcmple         0x08002b55         Code  Gb  DblCmpLe.o [4]
__aeabi_cdrcmple        0x08002b85         Code  Gb  DblCmpGe.o [4]
__aeabi_d2iz            0x08002cc9         Code  Gb  DblToI32.o [4]
__aeabi_d2uiz           0x08002cf5         Code  Gb  DblToI32.o [4]
__aeabi_ddiv            0x08003075         Code  Gb  DblDiv.o [4]
__aeabi_dmul            0x08002ed1         Code  Gb  DblMul.o [4]
__aeabi_dsub            0x08002d51         Code  Gb  DblSub.o [4]
__aeabi_errno_addr      0x080064bd    0x6  Code  Gb  errno.o [3]
__aeabi_i2d             0x08002d21         Code  Gb  I32ToDbl.o [4]
__aeabi_ldiv0           0x080033bd         Code  Gb  I64DivZer.o [5]
__aeabi_ui2d            0x08002d35         Code  Gb  I32ToDbl.o [4]
__aeabi_uldivmod        0x08002a25         Code  Gb  I64DivMod.o [5]
__cexit_closeall        0x08006a0b         Code  Gb  cexit.o [5]
__close                 0x080067cf   0x1a  Code  Gb  close.o [6]
__cmain                 0x080069e5         Code  Gb  cmain.o [5]
__cstart_closeall       0x08006ba4         Data  Gb  cstart_closeall.o [5]
__data_GetMemChunk      0x080016a5   0x2c  Code  Gb  xgetmemchunk.o [3]
__dwrite                0x080064dd   0x1e  Code  Gb  dwrite.o [6]
__exit                  0x080016d1   0x14  Code  Gb  exit.o [6]
__iar_Dnorm             0x08002b13   0x42  Code  Gb  xdnorm.o [4]
__iar_Dscale            0x08002bb5  0x114  Code  Gb  xdscale.o [4]
__iar_Errno             0x2000037c    0x4  Data  Gb  errno.o [3]
__iar_Locale_lconv_init
                        0x080032cd   0x3a  Code  Gb  localeconv.o [3]
__iar_Lockfilelock      0x080064c9    0x2  Code  Gb  xsyslock_nop.o [3]
__iar_Mbcurmax          0x08002989    0xa  Code  Gb  xmbcurmax.o [3]
__iar_Memchr            0x08002931         Code  Gb  memchr.o [5]
__iar_Stderr            0x20000218   0x40  Data  Gb  xfiles.o [3]
__iar_Stdin             0x20000198   0x40  Data  Gb  xfiles.o [3]
__iar_Stdout            0x200001d8   0x40  Data  Gb  xfiles.o [3]
__iar_Strchr            0x080028e1         Code  Gb  strchr.o [5]
__iar_Unlockfilelock    0x080064cb    0x2  Code  Gb  xsyslock_nop.o [3]
__iar_close_ttio        0x080016e5   0x2e  Code  Gb  iarttio.o [6]
__iar_d2uiz             0x08002d01         Code  Gb  DblToI32.o [4]
__iar_dadd              0x080033c1         Code  Gb  DblAdd.o [4]
__iar_data_init3        0x08006979   0x28  Code  Gb  data_init.o [5]
__iar_dlfree            0x08001183  0x510  Code  Gb  dlmalloc.o [3]
__iar_dlib_perthread_access
                        0x08003495    0x2  Code  Gb  xtls.o [3]
__iar_dlmalloc          0x08000ecd  0x2aa  Code  Gb  dlmalloc.o [3]
__iar_dsub              0x08002d65         Code  Gb  DblSub.o [4]
__iar_dsubStart         0x08002d77         Code  Gb  DblSub.o [4]
__iar_get_ttio          0x08001715   0x38  Code  Gb  iarttio.o [6]
__iar_init_vfp          0x080069a1         Code  Gb  fpinit_M.o [4]
__iar_lookup_ttioh      0x08001751    0x8  Code  Gb  XShttio.o [3]
__iar_packbits_init_single3
                        0x08006941   0x38  Code  Gb  packbits_init_single.o [5]
__iar_program_start     0x08006a49         Code  Gb  cstartup_M.o [5]
__iar_sh_Discard        0x080061fd   0x44  Code  Gb  XShHandles.o [3]
__iar_sh_Move           0x08006247   0x4c  Code  Gb  XShHandles.o [3]
__iar_sh_Pos            0x08006293   0x44  Code  Gb  XShHandles.o [3]
__iar_sh_stdout         0x080064fb   0x20  Code  Gb  iarwstd.o [6]
__iar_sh_write          0x0800651b   0x22  Code  Gb  iarwrite.o [6]
__iar_ttio_handles      0x20000278    0x8  Data  Lc  XShttio.o [3]
__iar_ui2d              0x08002d39         Code  Gb  I32ToDbl.o [4]
__iar_unaligned___aeabi_memcpy
                        0x080029ad         Code  Gb  ABImemcpy_unaligned.o [5]
__iar_unaligned___aeabi_memcpy4
                        0x080029cd         Code  Gb  ABImemcpy_unaligned.o [5]
__iar_unaligned___aeabi_memcpy8
                        0x080029cd         Code  Gb  ABImemcpy_unaligned.o [5]
__iar_zero_init3        0x08006901   0x40  Code  Gb  zero_init3.o [5]
__low_level_init        0x080069ff    0x4  Code  Gb  low_level_init.o [3]
__lseek                 0x0800646f   0x4c  Code  Gb  lseek.o [6]
__vector_table          0x08000000         Data  Gb  startup_stm32f429xx.o [1]
__write                 0x080064cd   0x10  Code  Gb  write.o [6]
_call_main              0x080069f1         Code  Gb  cmain.o [5]
_exit                   0x08006a09         Code  Gb  cexit.o [5]
_gm_                    0x20000988  0x1d8  Data  Lc  dlmalloc.o [3]
_main                   0x080069fb         Code  Gb  cmain.o [5]
abort                   0x0800169d    0x6  Code  Gb  abort.o [3]
buffer                  0x20000c98   0x10  Data  Lc  MPU6050.o [1]
devAddr                 0x20000ca8    0x1  Data  Lc  MPU6050.o [1]
div                     0x08003339    0xe  Code  Gb  div.o [3]
ebuf                    0x20000be0   0x50  Data  Lc  xfiles.o [3]
exit                    0x08006a03    0x4  Code  Gb  exit.o [3]
fclose                  0x08006755   0x7a  Code  Gb  fclose.o [3]
fflush                  0x0800642b   0x34  Code  Gb  fflush.o [3]
fflushOne               0x080063b5   0x76  Code  Lc  fflush.o [3]
fputc                   0x08006859   0x56  Code  Gb  fputc.o [3]
fseek                   0x080066b7   0x22  Code  Gb  fseek.o [3]
head_turn_left          0x08005b11   0x12  Code  Gb  main.o [1]
head_turn_right         0x08005aff   0x12  Code  Gb  main.o [1]
hi2c3                   0x20000004   0x54  Data  Gb  main.o [1]
htim2                   0x20000098   0x3c  Data  Gb  main.o [1]
htim3                   0x200000d4   0x3c  Data  Gb  main.o [1]
htim4                   0x20000110   0x3c  Data  Gb  main.o [1]
htim9                   0x2000014c   0x3c  Data  Gb  main.o [1]
huart3                  0x20000058   0x40  Data  Gb  main.o [1]
init_mparams            0x080001c7   0x32  Code  Lc  dlmalloc.o [3]
init_top                0x080001f9   0x34  Code  Lc  dlmalloc.o [3]
localeconv              0x08003307   0x16  Code  Gb  localeconv.o [3]
main                    0x080056c5  0x25a  Code  Gb  main.o [1]
memchr                  0x08002931         Code  Gb  memchr.o [5]
mparams                 0x20000c80   0x18  Data  Lc  dlmalloc.o [3]
obuf                    0x20000c30   0x50  Data  Lc  xfiles.o [3]
prepend_alloc           0x0800022d  0x36c  Code  Lc  dlmalloc.o [3]
printf                  0x08005b85   0x24  Code  Gb  printf.o [3]
putchar                 0x08006a2d    0xc  Code  Gb  putchar.o [3]
remove                  0x080067e9   0x16  Code  Gb  remove.o [6]
sFileInfo               0x20000b60   0x80  Data  Lc  XShHandles.o [3]
segment_holding         0x080001ad   0x1a  Code  Lc  dlmalloc.o [3]
strchr                  0x080028e1         Code  Gb  strchr.o [5]
strlen                  0x080028f9         Code  Gb  strlen.o [5]
sys_alloc               0x08000599  0x386  Code  Lc  dlmalloc.o [3]
tmalloc_large           0x0800092d  0x390  Code  Lc  dlmalloc.o [3]
tmalloc_small           0x08000cbd  0x210  Code  Lc  dlmalloc.o [3]
uwTick                  0x20000cb4    0x4  Data  Gb  stm32f4xx_hal.o [1]


[1] = C:\stm_projects\disco_dc_motors\EWARM\disco_dc_motors\Obj
[2] = command line
[3] = dl7M_tlf.a
[4] = m7M_tls.a
[5] = rt7M_tl.a
[6] = shb_l.a

  27 522 bytes of readonly  code memory
     194 bytes of readonly  data memory
   3 258 bytes of readwrite data memory

Errors: none
Warnings: none
