###############################################################################
#
# IAR ELF Linker V7.50.2.10312/W32 for ARM                21/Sep/2016  08:52:12
# Copyright 2007-2015 IAR Systems AB.
#
#    Output file  =  
#        C:\stm_projects\disco_dc_motors\EWARM\disco_dc_motors\Exe\disco_dc_motors.out
#    Map file     =  
#        C:\stm_projects\disco_dc_motors\EWARM\disco_dc_motors\List\disco_dc_motors.map
#    Command line =  
#        C:\stm_projects\disco_dc_motors\EWARM\disco_dc_motors\Obj\main.o
#        C:\stm_projects\disco_dc_motors\EWARM\disco_dc_motors\Obj\startup_stm32f429xx.o
#        C:\stm_projects\disco_dc_motors\EWARM\disco_dc_motors\Obj\stm32f4xx_hal.o
#        C:\stm_projects\disco_dc_motors\EWARM\disco_dc_motors\Obj\stm32f4xx_hal_cortex.o
#        C:\stm_projects\disco_dc_motors\EWARM\disco_dc_motors\Obj\stm32f4xx_hal_dma.o
#        C:\stm_projects\disco_dc_motors\EWARM\disco_dc_motors\Obj\stm32f4xx_hal_dma_ex.o
#        C:\stm_projects\disco_dc_motors\EWARM\disco_dc_motors\Obj\stm32f4xx_hal_flash.o
#        C:\stm_projects\disco_dc_motors\EWARM\disco_dc_motors\Obj\stm32f4xx_hal_flash_ex.o
#        C:\stm_projects\disco_dc_motors\EWARM\disco_dc_motors\Obj\stm32f4xx_hal_flash_ramfunc.o
#        C:\stm_projects\disco_dc_motors\EWARM\disco_dc_motors\Obj\stm32f4xx_hal_gpio.o
#        C:\stm_projects\disco_dc_motors\EWARM\disco_dc_motors\Obj\stm32f4xx_hal_msp.o
#        C:\stm_projects\disco_dc_motors\EWARM\disco_dc_motors\Obj\stm32f4xx_hal_pwr.o
#        C:\stm_projects\disco_dc_motors\EWARM\disco_dc_motors\Obj\stm32f4xx_hal_pwr_ex.o
#        C:\stm_projects\disco_dc_motors\EWARM\disco_dc_motors\Obj\stm32f4xx_hal_rcc.o
#        C:\stm_projects\disco_dc_motors\EWARM\disco_dc_motors\Obj\stm32f4xx_hal_rcc_ex.o
#        C:\stm_projects\disco_dc_motors\EWARM\disco_dc_motors\Obj\stm32f4xx_hal_tim.o
#        C:\stm_projects\disco_dc_motors\EWARM\disco_dc_motors\Obj\stm32f4xx_hal_tim_ex.o
#        C:\stm_projects\disco_dc_motors\EWARM\disco_dc_motors\Obj\stm32f4xx_hal_uart.o
#        C:\stm_projects\disco_dc_motors\EWARM\disco_dc_motors\Obj\stm32f4xx_it.o
#        C:\stm_projects\disco_dc_motors\EWARM\disco_dc_motors\Obj\system_stm32f4xx.o
#        --redirect _Printf=_PrintfFull --redirect _Scanf=_ScanfFull -o
#        C:\stm_projects\disco_dc_motors\EWARM\disco_dc_motors\Exe\disco_dc_motors.out
#        --map
#        C:\stm_projects\disco_dc_motors\EWARM\disco_dc_motors\List\disco_dc_motors.map
#        --config C:\stm_projects\disco_dc_motors\EWARM/stm32f429xx_flash.icf
#        --semihosting --entry __iar_program_start --vfe
#
###############################################################################

*******************************************************************************
*** RUNTIME MODEL ATTRIBUTES
***

CppFlavor       = *
__SystemLibrary = DLib


*******************************************************************************
*** PLACEMENT SUMMARY
***

"A1":  place at 0x08000000 { ro section .intvec };
"P1":  place in [from 0x08000000 to 0x081fffff] { ro };
"P2":  place in [from 0x20000000 to 0x2002ffff] { rw, block CSTACK, block HEAP };

  Section            Kind        Address    Size  Object
  -------            ----        -------    ----  ------
"A1":                                      0x1ac
  .intvec            ro code  0x08000000   0x1ac  startup_stm32f429xx.o [1]
                            - 0x080001ac   0x1ac

"P1":                                     0x1740
  .text              ro code  0x080001ac   0x452  stm32f4xx_hal_uart.o [1]
  .text              ro code  0x08000600   0x124  stm32f4xx_hal_msp.o [1]
  .text              ro code  0x08000724    0x24  stm32f4xx_hal_dma.o [1]
  .text              ro code  0x08000748   0x434  stm32f4xx_hal_rcc.o [1]
  .text              ro code  0x08000b7c    0xe2  stm32f4xx_hal_cortex.o [1]
  .text              ro code  0x08000c60   0x22a  stm32f4xx_hal_gpio.o [1]
  .text              ro code  0x08000e8c    0x88  stm32f4xx_hal.o [1]
  .text              ro code  0x08000f14   0x388  stm32f4xx_hal_tim.o [1]
  .text              ro code  0x0800129c   0x35e  main.o [1]
  .text              ro code  0x080015fc    0x50  system_stm32f4xx.o [1]
  .text              ro code  0x0800164c    0x3c  stm32f4xx_it.o [1]
  .text              ro code  0x08001688    0x38  packbits_init_single.o [5]
  .text              ro code  0x080016c0    0x28  data_init.o [5]
  .text              ro code  0x080016e8    0x22  fpinit_M.o [4]
  .iar.init_table    const    0x0800170c    0x10  - Linker created -
  .text              ro code  0x0800171c    0x1a  cmain.o [5]
  .text              ro code  0x08001736     0x4  low_level_init.o [3]
  .text              ro code  0x0800173a     0x4  exit.o [3]
  .text              ro code  0x08001740     0xa  cexit.o [5]
  .text              ro code  0x0800174c    0x14  exit.o [6]
  .text              ro code  0x08001760    0x10  startup_stm32f429xx.o [1]
  .text              ro code  0x08001770     0xc  cstartup_M.o [5]
  .text              ro code  0x0800177c     0x4  startup_stm32f429xx.o [1]
  .text              ro code  0x08001780     0x4  startup_stm32f429xx.o [1]
  .text              ro code  0x08001784     0x4  startup_stm32f429xx.o [1]
  .text              ro code  0x08001788     0x4  startup_stm32f429xx.o [1]
  .text              ro code  0x0800178c     0x4  startup_stm32f429xx.o [1]
  .text              ro code  0x08001790     0x4  startup_stm32f429xx.o [1]
  .text              ro code  0x08001794     0x4  startup_stm32f429xx.o [1]
  .text              ro code  0x08001798     0x4  startup_stm32f429xx.o [1]
  .text              ro code  0x0800179c     0x4  startup_stm32f429xx.o [1]
  .text              ro code  0x080017a0     0x4  startup_stm32f429xx.o [1]
  .text              ro code  0x080017a4     0x4  startup_stm32f429xx.o [1]
  .text              ro code  0x080017a8     0x4  startup_stm32f429xx.o [1]
  .text              ro code  0x080017ac     0x4  startup_stm32f429xx.o [1]
  .text              ro code  0x080017b0     0x4  startup_stm32f429xx.o [1]
  .text              ro code  0x080017b4     0x4  startup_stm32f429xx.o [1]
  .text              ro code  0x080017b8     0x4  startup_stm32f429xx.o [1]
  .text              ro code  0x080017bc     0x4  startup_stm32f429xx.o [1]
  .text              ro code  0x080017c0     0x4  startup_stm32f429xx.o [1]
  .text              ro code  0x080017c4     0x4  startup_stm32f429xx.o [1]
  .text              ro code  0x080017c8     0x4  startup_stm32f429xx.o [1]
  .text              ro code  0x080017cc     0x4  startup_stm32f429xx.o [1]
  .text              ro code  0x080017d0     0x4  startup_stm32f429xx.o [1]
  .text              ro code  0x080017d4     0x4  startup_stm32f429xx.o [1]
  .text              ro code  0x080017d8     0x4  startup_stm32f429xx.o [1]
  .text              ro code  0x080017dc     0x4  startup_stm32f429xx.o [1]
  .text              ro code  0x080017e0     0x4  startup_stm32f429xx.o [1]
  .text              ro code  0x080017e4     0x4  startup_stm32f429xx.o [1]
  .text              ro code  0x080017e8     0x4  startup_stm32f429xx.o [1]
  .text              ro code  0x080017ec     0x4  startup_stm32f429xx.o [1]
  .text              ro code  0x080017f0     0x4  startup_stm32f429xx.o [1]
  .text              ro code  0x080017f4     0x4  startup_stm32f429xx.o [1]
  .text              ro code  0x080017f8     0x4  startup_stm32f429xx.o [1]
  .text              ro code  0x080017fc     0x4  startup_stm32f429xx.o [1]
  .text              ro code  0x08001800     0x4  startup_stm32f429xx.o [1]
  .text              ro code  0x08001804     0x4  startup_stm32f429xx.o [1]
  .text              ro code  0x08001808     0x4  startup_stm32f429xx.o [1]
  .text              ro code  0x0800180c     0x4  startup_stm32f429xx.o [1]
  .text              ro code  0x08001810     0x4  startup_stm32f429xx.o [1]
  .text              ro code  0x08001814     0x4  startup_stm32f429xx.o [1]
  .text              ro code  0x08001818     0x4  startup_stm32f429xx.o [1]
  .text              ro code  0x0800181c     0x4  startup_stm32f429xx.o [1]
  .text              ro code  0x08001820     0x4  startup_stm32f429xx.o [1]
  .text              ro code  0x08001824     0x4  startup_stm32f429xx.o [1]
  .text              ro code  0x08001828     0x4  startup_stm32f429xx.o [1]
  .text              ro code  0x0800182c     0x4  startup_stm32f429xx.o [1]
  .text              ro code  0x08001830     0x4  startup_stm32f429xx.o [1]
  .text              ro code  0x08001834     0x4  startup_stm32f429xx.o [1]
  .text              ro code  0x08001838     0x4  startup_stm32f429xx.o [1]
  .text              ro code  0x0800183c     0x4  startup_stm32f429xx.o [1]
  .text              ro code  0x08001840     0x4  startup_stm32f429xx.o [1]
  .text              ro code  0x08001844     0x4  startup_stm32f429xx.o [1]
  .text              ro code  0x08001848     0x4  startup_stm32f429xx.o [1]
  .text              ro code  0x0800184c     0x4  startup_stm32f429xx.o [1]
  .text              ro code  0x08001850     0x4  startup_stm32f429xx.o [1]
  .text              ro code  0x08001854     0x4  startup_stm32f429xx.o [1]
  .text              ro code  0x08001858     0x4  startup_stm32f429xx.o [1]
  .text              ro code  0x0800185c     0x4  startup_stm32f429xx.o [1]
  .text              ro code  0x08001860     0x4  startup_stm32f429xx.o [1]
  .text              ro code  0x08001864     0x4  startup_stm32f429xx.o [1]
  .text              ro code  0x08001868     0x4  startup_stm32f429xx.o [1]
  .text              ro code  0x0800186c     0x4  startup_stm32f429xx.o [1]
  .text              ro code  0x08001870     0x4  startup_stm32f429xx.o [1]
  .text              ro code  0x08001874     0x4  startup_stm32f429xx.o [1]
  .text              ro code  0x08001878     0x4  startup_stm32f429xx.o [1]
  .text              ro code  0x0800187c     0x4  startup_stm32f429xx.o [1]
  .text              ro code  0x08001880     0x4  startup_stm32f429xx.o [1]
  .text              ro code  0x08001884     0x4  startup_stm32f429xx.o [1]
  .text              ro code  0x08001888     0x4  startup_stm32f429xx.o [1]
  .text              ro code  0x0800188c     0x4  startup_stm32f429xx.o [1]
  .text              ro code  0x08001890     0x4  startup_stm32f429xx.o [1]
  .text              ro code  0x08001894     0x4  startup_stm32f429xx.o [1]
  .text              ro code  0x08001898     0x4  startup_stm32f429xx.o [1]
  .text              ro code  0x0800189c     0x4  startup_stm32f429xx.o [1]
  .text              ro code  0x080018a0     0x4  startup_stm32f429xx.o [1]
  .text              ro code  0x080018a4     0x4  startup_stm32f429xx.o [1]
  .text              ro code  0x080018a8     0x4  startup_stm32f429xx.o [1]
  .text              ro code  0x080018ac     0x4  startup_stm32f429xx.o [1]
  .text              ro code  0x080018b0     0x4  startup_stm32f429xx.o [1]
  .text              ro code  0x080018b4     0x4  startup_stm32f429xx.o [1]
  .text              ro code  0x080018b8     0x4  startup_stm32f429xx.o [1]
  .text              ro code  0x080018bc     0x4  startup_stm32f429xx.o [1]
  .text              ro code  0x080018c0     0x4  startup_stm32f429xx.o [1]
  .text              ro code  0x080018c4     0x4  startup_stm32f429xx.o [1]
  .text              ro code  0x080018c8     0x4  startup_stm32f429xx.o [1]
  .text              ro code  0x080018cc     0x4  startup_stm32f429xx.o [1]
  .text              ro code  0x080018d0     0x4  startup_stm32f429xx.o [1]
  .text              ro code  0x080018d4     0x4  startup_stm32f429xx.o [1]
  .text              ro code  0x080018d8     0x4  startup_stm32f429xx.o [1]
  .rodata            const    0x080018dc     0x0  packbits_init_single.o [5]
  Initializer bytes  const    0x080018dc    0x10  <for P2-1>
                            - 0x080018ec  0x1740

"P2", part 1 of 2:                          0x90
  P2-1                        0x20000000    0x90  <Init block>
    .data            inited   0x20000000    0x84  main.o [1]
    .data            inited   0x20000084     0x4  system_stm32f4xx.o [1]
    .bss             inited   0x20000088     0x4  main.o [1]
    .bss             inited   0x2000008c     0x4  stm32f4xx_hal.o [1]
                            - 0x20000090    0x90

"P2", part 2 of 2:                         0x400
  CSTACK                      0x20000090   0x400  <Block>
    CSTACK           uninit   0x20000090   0x400  <Block tail>
                            - 0x20000490   0x400


*******************************************************************************
*** INIT TABLE
***

          Address     Size
          -------     ----
Copy/packbits (__iar_packbits_init_single3)
    1 source range, total size 0x10 (11% of destination):
          0x080018dc  0x10
    1 destination range, total size 0x90:
          0x20000000  0x90



*******************************************************************************
*** MODULE SUMMARY
***

    Module                  ro code  ro data  rw data
    ------                  -------  -------  -------
C:\stm_projects\disco_dc_motors\EWARM\disco_dc_motors\Obj: [1]
    main.o                      862       14      136
    startup_stm32f429xx.o       796
    stm32f4xx_hal.o             136        1        4
    stm32f4xx_hal_cortex.o      226
    stm32f4xx_hal_dma.o          36
    stm32f4xx_hal_gpio.o        554
    stm32f4xx_hal_msp.o         292
    stm32f4xx_hal_rcc.o       1 076
    stm32f4xx_hal_tim.o         904
    stm32f4xx_hal_uart.o      1 106
    stm32f4xx_it.o               60
    system_stm32f4xx.o           80        1        4
    -------------------------------------------------
    Total:                    6 128       16      144

command line: [2]
    -------------------------------------------------
    Total:

dl7M_tlf.a: [3]
    exit.o                        4
    low_level_init.o              4
    -------------------------------------------------
    Total:                        8

m7M_tls.a: [4]
    fpinit_M.o                   34
    -------------------------------------------------
    Total:                       34

rt7M_tl.a: [5]
    cexit.o                      10
    cmain.o                      26
    cstartup_M.o                 12
    data_init.o                  40
    packbits_init_single.o       56
    -------------------------------------------------
    Total:                      144

shb_l.a: [6]
    exit.o                       20
    -------------------------------------------------
    Total:                       20

    Gaps                         12        2
    Linker created                        16    1 024
-----------------------------------------------------
    Grand Total:              6 346       34    1 168


*******************************************************************************
*** ENTRY LIST
***

Entry                      Address   Size  Type      Object
-----                      -------   ----  ----      ------
.iar.init_table$$Base   0x0800170c          --   Gb  - Linker created -
.iar.init_table$$Limit  0x0800171c          --   Gb  - Linker created -
?main                   0x0800171d         Code  Gb  cmain.o [5]
APBAHBPrescTable        0x08000b6c   0x10  Data  Gb  stm32f4xx_hal_rcc.o [1]
BusFault_Handler        0x08001653    0x2  Code  Gb  stm32f4xx_it.o [1]
CSTACK$$Base            0x20000090          --   Gb  - Linker created -
CSTACK$$Limit           0x20000490          --   Gb  - Linker created -
DebugMon_Handler        0x08001659    0x2  Code  Gb  stm32f4xx_it.o [1]
EXTI9_5_IRQHandler      0x0800166b   0x14  Code  Gb  stm32f4xx_it.o [1]
HAL_DMA_Abort_IT        0x08000725   0x24  Code  Gb  stm32f4xx_hal_dma.o [1]
HAL_Delay               0x08000ef1   0x18  Code  Wk  stm32f4xx_hal.o [1]
HAL_GPIO_EXTI_Callback  0x08000e89    0x2  Code  Wk  stm32f4xx_hal_gpio.o [1]
HAL_GPIO_EXTI_IRQHandler
                        0x08000e3b   0x14  Code  Gb  stm32f4xx_hal_gpio.o [1]
HAL_GPIO_Init           0x08000c61  0x1ca  Code  Gb  stm32f4xx_hal_gpio.o [1]
HAL_GPIO_TogglePin      0x08000e33    0x8  Code  Gb  stm32f4xx_hal_gpio.o [1]
HAL_GPIO_WritePin       0x08000e2b    0x8  Code  Gb  stm32f4xx_hal_gpio.o [1]
HAL_GetTick             0x08000eeb    0x6  Code  Wk  stm32f4xx_hal.o [1]
HAL_IncTick             0x08000ee1    0xa  Code  Wk  stm32f4xx_hal.o [1]
HAL_Init                0x08000e8d   0x30  Code  Gb  stm32f4xx_hal.o [1]
HAL_InitTick            0x08000ebd   0x24  Code  Wk  stm32f4xx_hal.o [1]
HAL_MspInit             0x08000601   0x60  Code  Gb  stm32f4xx_hal_msp.o [1]
HAL_NVIC_EnableIRQ      0x08000beb    0xc  Code  Gb  stm32f4xx_hal_cortex.o [1]
HAL_NVIC_SetPriority    0x08000bb1   0x3a  Code  Gb  stm32f4xx_hal_cortex.o [1]
HAL_NVIC_SetPriorityGrouping
                        0x08000b97   0x1a  Code  Gb  stm32f4xx_hal_cortex.o [1]
HAL_RCC_ClockConfig     0x08000993  0x12c  Code  Gb  stm32f4xx_hal_rcc.o [1]
HAL_RCC_GetHCLKFreq     0x08000b13    0x6  Code  Gb  stm32f4xx_hal_rcc.o [1]
HAL_RCC_GetPCLK1Freq    0x08000b19   0x12  Code  Gb  stm32f4xx_hal_rcc.o [1]
HAL_RCC_GetPCLK2Freq    0x08000b2b   0x10  Code  Gb  stm32f4xx_hal_rcc.o [1]
HAL_RCC_GetSysClockFreq
                        0x08000acd   0x46  Code  Wk  stm32f4xx_hal_rcc.o [1]
HAL_RCC_OscConfig       0x08000749  0x242  Code  Wk  stm32f4xx_hal_rcc.o [1]
HAL_SYSTICK_CLKSourceConfig
                        0x08000c27   0x14  Code  Gb  stm32f4xx_hal_cortex.o [1]
HAL_SYSTICK_Callback    0x08000c5d    0x2  Code  Wk  stm32f4xx_hal_cortex.o [1]
HAL_SYSTICK_Config      0x08000bff   0x28  Code  Gb  stm32f4xx_hal_cortex.o [1]
HAL_SYSTICK_IRQHandler  0x08000c55    0x8  Code  Gb  stm32f4xx_hal_cortex.o [1]
HAL_TIM_Base_Start_IT   0x08000f15   0x16  Code  Gb  stm32f4xx_hal_tim.o [1]
HAL_TIM_MspPostInit     0x08000687   0x2c  Code  Gb  stm32f4xx_hal_msp.o [1]
HAL_TIM_PWM_ConfigChannel
                        0x08000fa5   0xb8  Code  Gb  stm32f4xx_hal_tim.o [1]
HAL_TIM_PWM_Init        0x08000f55   0x1a  Code  Gb  stm32f4xx_hal_tim.o [1]
HAL_TIM_PWM_MspInit     0x08000661   0x26  Code  Gb  stm32f4xx_hal_msp.o [1]
HAL_TIM_PWM_Start       0x08000f77   0x14  Code  Gb  stm32f4xx_hal_tim.o [1]
HAL_UART_ErrorCallback  0x080003c5    0x2  Code  Wk  stm32f4xx_hal_uart.o [1]
HAL_UART_IRQHandler     0x0800026d  0x148  Code  Gb  stm32f4xx_hal_uart.o [1]
HAL_UART_Init           0x080001ad   0x28  Code  Gb  stm32f4xx_hal_uart.o [1]
HAL_UART_MspInit        0x080006b3   0x58  Code  Gb  stm32f4xx_hal_msp.o [1]
HAL_UART_Receive_IT     0x0800021b   0x4c  Code  Gb  stm32f4xx_hal_uart.o [1]
HAL_UART_RxCpltCallback
                        0x080003c3    0x2  Code  Wk  stm32f4xx_hal_uart.o [1]
HAL_UART_TxCpltCallback
                        0x080003c1    0x2  Code  Wk  stm32f4xx_hal_uart.o [1]
HardFault_Handler       0x0800164f    0x2  Code  Gb  stm32f4xx_it.o [1]
MT_LOW_SPEED            0x20000080    0x4  Data  Gb  main.o [1]
MT_MEDIUM_SPEED         0x2000007c    0x4  Data  Gb  main.o [1]
MT_NO_SPEED             0x20000088    0x4  Data  Gb  main.o [1]
MX_GPIO_Init            0x0800144f   0xa8  Code  Lc  main.o [1]
MemManage_Handler       0x08001651    0x2  Code  Gb  stm32f4xx_it.o [1]
NMI_Handler             0x0800164d    0x2  Code  Gb  stm32f4xx_it.o [1]
NVIC_SetPriority        0x08000b7d   0x1a  Code  Lc  stm32f4xx_hal_cortex.o [1]
PendSV_Handler          0x0800165b    0x2  Code  Gb  stm32f4xx_it.o [1]
Region$$Table$$Base     0x0800170c          --   Gb  - Linker created -
Region$$Table$$Limit    0x0800171c          --   Gb  - Linker created -
SVC_Handler             0x08001657    0x2  Code  Gb  stm32f4xx_it.o [1]
SysTick_Handler         0x0800165d    0xe  Code  Gb  stm32f4xx_it.o [1]
SystemClock_Config      0x0800139f   0xb0  Code  Gb  main.o [1]
SystemCoreClock         0x20000084    0x4  Data  Gb  system_stm32f4xx.o [1]
SystemInit              0x080015fd   0x3a  Code  Gb  system_stm32f4xx.o [1]
TIM_Base_SetConfig      0x0800107d   0x90  Code  Gb  stm32f4xx_hal_tim.o [1]
TIM_CCxChannelCmd       0x08001161   0x18  Code  Gb  stm32f4xx_hal_tim.o [1]
TIM_OC1_SetConfig       0x08001179   0x4a  Code  Lc  stm32f4xx_hal_tim.o [1]
TIM_OC2_SetConfig       0x0800110f   0x52  Code  Gb  stm32f4xx_hal_tim.o [1]
TIM_OC3_SetConfig       0x080011cf   0x56  Code  Lc  stm32f4xx_hal_tim.o [1]
TIM_OC4_SetConfig       0x0800122b   0x46  Code  Lc  stm32f4xx_hal_tim.o [1]
UART_DMAAbortOnError    0x080003e5   0x10  Code  Lc  stm32f4xx_hal_uart.o [1]
UART_EndRxTransfer      0x080003c7   0x1c  Code  Lc  stm32f4xx_hal_uart.o [1]
UART_Receive_IT         0x080003f5   0x7e  Code  Lc  stm32f4xx_hal_uart.o [1]
UART_SetConfig          0x08000481  0x13a  Code  Lc  stm32f4xx_hal_uart.o [1]
USART3_IRQHandler       0x0800167f    0x6  Code  Gb  stm32f4xx_it.o [1]
UsageFault_Handler      0x08001655    0x2  Code  Gb  stm32f4xx_it.o [1]
__cmain                 0x0800171d         Code  Gb  cmain.o [5]
__exit                  0x0800174d   0x14  Code  Gb  exit.o [6]
__iar_data_init3        0x080016c1   0x28  Code  Gb  data_init.o [5]
__iar_init_vfp          0x080016e9         Code  Gb  fpinit_M.o [4]
__iar_packbits_init_single3
                        0x08001689   0x38  Code  Gb  packbits_init_single.o [5]
__iar_program_start     0x08001771         Code  Gb  cstartup_M.o [5]
__low_level_init        0x08001737    0x4  Code  Gb  low_level_init.o [3]
__vector_table          0x08000000         Data  Gb  startup_stm32f429xx.o [1]
_call_main              0x08001729         Code  Gb  cmain.o [5]
_exit                   0x08001741         Code  Gb  cexit.o [5]
_main                   0x08001733         Code  Gb  cmain.o [5]
exit                    0x0800173b    0x4  Code  Gb  exit.o [3]
htim9                   0x20000040   0x3c  Data  Gb  main.o [1]
huart3                  0x20000000   0x40  Data  Gb  main.o [1]
main                    0x0800129d   0xf8  Code  Gb  main.o [1]
motors_stop             0x08001559   0x18  Code  Gb  main.o [1]
move_backward           0x08001525   0x20  Code  Gb  main.o [1]
move_forward            0x08001503   0x22  Code  Gb  main.o [1]
turn_left               0x0800158f   0x16  Code  Gb  main.o [1]
turn_right              0x08001571   0x18  Code  Gb  main.o [1]
uwTick                  0x2000008c    0x4  Data  Gb  stm32f4xx_hal.o [1]


[1] = C:\stm_projects\disco_dc_motors\EWARM\disco_dc_motors\Obj
[2] = command line
[3] = dl7M_tlf.a
[4] = m7M_tls.a
[5] = rt7M_tl.a
[6] = shb_l.a

  6 346 bytes of readonly  code memory
     34 bytes of readonly  data memory
  1 168 bytes of readwrite data memory

Errors: none
Warnings: none
